Archive member included to satisfy reference by file (symbol)

app/libapp.a(main.c.obj)      (--whole-archive)
app/libapp.a(usens_it.c.obj)  (--whole-archive)
app/libapp.a(usens_radio.c.obj)
                              (--whole-archive)
app/libapp.a(usens_timer.c.obj)
                              (--whole-archive)
app/libapp.a(usens_base.c.obj)
                              (--whole-archive)
app/libapp.a(usb_console.c.obj)
                              (--whole-archive)
zephyr/libzephyr.a(crc32c_sw.c.obj)
                              (--whole-archive)
zephyr/libzephyr.a(crc32_sw.c.obj)
                              (--whole-archive)
zephyr/libzephyr.a(crc16_sw.c.obj)
                              (--whole-archive)
zephyr/libzephyr.a(crc8_sw.c.obj)
                              (--whole-archive)
zephyr/libzephyr.a(crc7_sw.c.obj)
                              (--whole-archive)
zephyr/libzephyr.a(cbprintf_packaged.c.obj)
                              (--whole-archive)
zephyr/libzephyr.a(dec.c.obj)
                              (--whole-archive)
zephyr/libzephyr.a(fdtable.c.obj)
                              (--whole-archive)
zephyr/libzephyr.a(hex.c.obj)
                              (--whole-archive)
zephyr/libzephyr.a(printk.c.obj)
                              (--whole-archive)
zephyr/libzephyr.a(rb.c.obj)  (--whole-archive)
zephyr/libzephyr.a(sem.c.obj)
                              (--whole-archive)
zephyr/libzephyr.a(thread_entry.c.obj)
                              (--whole-archive)
zephyr/libzephyr.a(timeutil.c.obj)
                              (--whole-archive)
zephyr/libzephyr.a(heap.c.obj)
                              (--whole-archive)
zephyr/libzephyr.a(heap-validate.c.obj)
                              (--whole-archive)
zephyr/libzephyr.a(bitarray.c.obj)
                              (--whole-archive)
zephyr/libzephyr.a(multi_heap.c.obj)
                              (--whole-archive)
zephyr/libzephyr.a(onoff.c.obj)
                              (--whole-archive)
zephyr/libzephyr.a(notify.c.obj)
                              (--whole-archive)
zephyr/libzephyr.a(cbprintf_complete.c.obj)
                              (--whole-archive)
zephyr/libzephyr.a(ring_buffer.c.obj)
                              (--whole-archive)
zephyr/libzephyr.a(assert.c.obj)
                              (--whole-archive)
zephyr/libzephyr.a(mpsc_pbuf.c.obj)
                              (--whole-archive)
zephyr/libzephyr.a(reboot.c.obj)
                              (--whole-archive)
zephyr/libzephyr.a(configs.c.obj)
                              (--whole-archive)
zephyr/libzephyr.a(soc_nrf_common.S.obj)
                              (--whole-archive)
zephyr/libzephyr.a(validate_base_addresses.c.obj)
                              (--whole-archive)
zephyr/libzephyr.a(validate_enabled_instances.c.obj)
                              (--whole-archive)
zephyr/libzephyr.a(log_core.c.obj)
                              (--whole-archive)
zephyr/libzephyr.a(log_mgmt.c.obj)
                              (--whole-archive)
zephyr/libzephyr.a(log_cache.c.obj)
                              (--whole-archive)
zephyr/libzephyr.a(log_msg.c.obj)
                              (--whole-archive)
zephyr/libzephyr.a(log_output.c.obj)
                              (--whole-archive)
zephyr/libzephyr.a(log_backend_rtt.c.obj)
                              (--whole-archive)
zephyr/libzephyr.a(log_backend_uart.c.obj)
                              (--whole-archive)
zephyr/libzephyr.a(tracing_none.c.obj)
                              (--whole-archive)
zephyr/libzephyr.a(usb_device.c.obj)
                              (--whole-archive)
zephyr/libzephyr.a(usb_descriptor.c.obj)
                              (--whole-archive)
zephyr/libzephyr.a(usb_transfer.c.obj)
                              (--whole-archive)
zephyr/libzephyr.a(cdc_acm.c.obj)
                              (--whole-archive)
zephyr/libzephyr.a(usb_work_q.c.obj)
                              (--whole-archive)
zephyr/libzephyr.a(disk_access.c.obj)
                              (--whole-archive)
zephyr/libzephyr.a(nrf_cc3xx_platform_abort_zephyr.c.obj)
                              (--whole-archive)
zephyr/libzephyr.a(nrf_cc3xx_platform_mutex_zephyr.c.obj)
                              (--whole-archive)
zephyr/arch/common/libarch__common.a(sw_isr_common.c.obj)
                              (--whole-archive)
zephyr/arch/arch/arm/core/aarch32/libarch__arm__core__aarch32.a(cpu_idle.S.obj)
                              (--whole-archive)
zephyr/arch/arch/arm/core/aarch32/libarch__arm__core__aarch32.a(fatal.c.obj)
                              (--whole-archive)
zephyr/arch/arch/arm/core/aarch32/libarch__arm__core__aarch32.a(irq_manage.c.obj)
                              (--whole-archive)
zephyr/arch/arch/arm/core/aarch32/libarch__arm__core__aarch32.a(nmi.c.obj)
                              (--whole-archive)
zephyr/arch/arch/arm/core/aarch32/libarch__arm__core__aarch32.a(nmi_on_reset.S.obj)
[...]
Memory Configuration

Name             Origin             Length             Attributes
FLASH            0x0000000000000000 0x0000000000100000 xr
RAM              0x0000000020000000 0x0000000000040000 xw
IDT_LIST         0x00000000fffff7ff 0x0000000000000800 xw
*default*        0x0000000000000000 0xffffffffffffffff

Linker script and memory map

                0x0000000000012b94                vfprintf = __i_vfprintf
                0x0000000000000000                vfscanf = __i_vfscanf
LOAD zephyr/CMakeFiles/zephyr_final.dir/misc/empty_file.c.obj
LOAD zephyr/CMakeFiles/zephyr_final.dir/isr_tables.c.obj
LOAD zephyr/CMakeFiles/offsets.dir/./arch/arm/core/offsets/offsets.c.obj
LOAD app/libapp.a
LOAD zephyr/libzephyr.a
LOAD zephyr/arch/common/libarch__common.a
LOAD zephyr/arch/arch/arm/core/aarch32/libarch__arm__core__aarch32.a
LOAD zephyr/arch/arch/arm/core/aarch32/cortex_m/libarch__arm__core__aarch32__cortex_m.a
LOAD zephyr/arch/arch/arm/core/aarch32/mpu/libarch__arm__core__aarch32__mpu.a
LOAD zephyr/lib/libc/picolibc/liblib__libc__picolibc.a
LOAD zephyr/lib/libc/common/liblib__libc__common.a
LOAD zephyr/soc/soc/arm/common/cortex_m/libsoc__arm__common__cortex_m.a
LOAD zephyr/soc/soc/arm/nordic_nrf/nrf52/libsoc__arm__nordic_nrf__nrf52.a
LOAD zephyr/subsys/fs/libsubsys__fs.a
LOAD zephyr/subsys/sd/libsubsys__sd.a
LOAD zephyr/drivers/disk/libdrivers__disk.a
LOAD zephyr/drivers/usb/device/libdrivers__usb__device.a
LOAD zephyr/drivers/clock_control/libdrivers__clock_control.a
LOAD zephyr/drivers/console/libdrivers__console.a
LOAD zephyr/drivers/gpio/libdrivers__gpio.a
LOAD zephyr/drivers/hwinfo/libdrivers__hwinfo.a
LOAD zephyr/drivers/i2c/libdrivers__i2c.a
LOAD zephyr/drivers/pinctrl/libdrivers__pinctrl.a
LOAD zephyr/drivers/sdhc/libdrivers__sdhc.a
LOAD zephyr/drivers/sensor/ina23x/libdrivers__sensor__ina23x.a
LOAD zephyr/drivers/sensor/nrf5/libdrivers__sensor__nrf5.a
LOAD zephyr/drivers/serial/libdrivers__serial.a
LOAD zephyr/drivers/spi/libdrivers__spi.a
LOAD zephyr/drivers/timer/libdrivers__timer.a
LOAD modules/nrf/lib/dk_buttons_and_leds/lib..__nrf__lib__dk_buttons_and_leds.a
LOAD modules/nrf/lib/fatal_error/lib..__nrf__lib__fatal_error.a
LOAD modules/nrf/drivers/hw_cc310/lib..__nrf__drivers__hw_cc310.a
LOAD modules/fatfs/libmodules__fatfs.a
LOAD modules/hal_nordic/nrfx/libmodules__hal_nordic__nrfx.a
LOAD modules/segger/libmodules__segger.a
LOAD zephyr/kernel/libkernel.a
LOAD c:/ncs/toolchains/cf2149caf2/opt/zephyr-sdk/arm-zephyr-eabi/bin/../lib/gcc/arm-zephyr-eabi/12.2.0/thumb/v7e-m/nofp\libgcc.a
LOAD lib/spark_sdk_v1.3.0/app/example/pairing_basic_CI/libcortical_implant.a
LOAD lib/spark_sdk_v1.3.0/bsp/libiface_core.a
LOAD lib/spark_sdk_v1.3.0/bsp/interface/app/pairing_basic/libiface_cortical_implant.a
LOAD lib/spark_sdk_v1.3.0/core/wireless/libwps.a
LOAD lib/spark_sdk_v1.3.0/lib/spark/queue/libqueue.a
LOAD app/libapp.a
LOAD lib/spark_sdk_v1.3.0/app/example/pairing_basic_CI/libcortical_implant.a
LOAD lib/spark_sdk_v1.3.0/bsp/libiface_core.a
LOAD lib/spark_sdk_v1.3.0/bsp/interface/app/pairing_basic/libiface_cortical_implant.a
LOAD lib/spark_sdk_v1.3.0/core/wireless/libwps.a
LOAD lib/spark_sdk_v1.3.0/lib/spark/queue/libqueue.a
LOAD lib/spark_sdk_v1.3.0/lib/spark/memory/libmemory.a
LOAD lib/spark_sdk_v1.3.0/lib/spark/buffer/libbuffer.a
LOAD zephyr/arch/common/libisr_tables.a
LOAD C:/ncs/v2.5.0/nrfxlib/crypto/nrf_cc310_platform/lib/cortex-m4/soft-float/no-interrupts/libnrf_cc310_platform_0.9.18.a
LOAD c:\ncs\toolchains\cf2149caf2\opt\zephyr-sdk\arm-zephyr-eabi\bin\../lib/gcc/../../picolibc/arm-zephyr-eabi/lib/thumb/v7e-m/nofp\libc.a
LOAD c:/ncs/toolchains/cf2149caf2/opt/zephyr-sdk/arm-zephyr-eabi/bin/../lib/gcc/arm-zephyr-eabi/12.2.0/thumb/v7e-m/nofp\libgcc.a
                0x0000000000000020                _region_min_align = 0x20

.rel.plt        0x0000000000000000        0x0
 *(SORT_BY_ALIGNMENT(.rel.plt))
                [!provide]                        PROVIDE (__rel_iplt_start = .)
 *(SORT_BY_ALIGNMENT(.rel.iplt))
 .rel.iplt      0x0000000000000000        0x0 zephyr/CMakeFiles/zephyr_final.dir/isr_tables.c.obj
                [!provide]                        PROVIDE (__rel_iplt_end = .)

.rela.plt       0x0000000000000000        0x0
 *(SORT_BY_ALIGNMENT(.rela.plt))
                [!provide]                        PROVIDE (__rela_iplt_start = .)
 *(SORT_BY_ALIGNMENT(.rela.iplt))
                [!provide]                        PROVIDE (__rela_iplt_end = .)

.rel.dyn
 *(SORT_BY_ALIGNMENT(.rel.*))

.rela.dyn
 *(SORT_BY_ALIGNMENT(.rela.*))

/DISCARD/
 *(SORT_BY_ALIGNMENT(.plt))

/DISCARD/
 *(SORT_BY_ALIGNMENT(.iplt))
                0x0000000000000000                __rom_region_start = 0x0

rom_start       0x0000000000000000      0x100
                0x0000000000000000                __rom_start_address = .
                0x0000000000000000                . = (. + (0x0 - (. - __rom_start_address)))
                0x0000000000000000                . = ALIGN (0x4)
                0x0000000000000000                . = ALIGN (0x80)
                0x0000000000000000                . = ALIGN (0x100)
                0x0000000000000000                _vector_start = .
 *(SORT_BY_ALIGNMENT(.exc_vector_table))
 *(SORT_BY_ALIGNMENT(.exc_vector_table.*))
 .exc_vector_table._vector_table_section
                0x0000000000000000       0x40 zephyr/arch/arch/arm/core/aarch32/cortex_m/libarch__arm__core__aarch32__cortex_m.a(vector_table.S.obj)
                0x0000000000000000                _vector_table
 *(SORT_BY_ALIGNMENT(.vectors))
                0x0000000000000100                _vector_end = .
                0x0000000000000040                . = ALIGN (0x4)
 *(SORT_BY_ALIGNMENT(.gnu.linkonce.irq_vector_table*))
 .gnu.linkonce.irq_vector_table
                0x0000000000000040       0xc0 zephyr/CMakeFiles/zephyr_final.dir/isr_tables.c.obj
                0x0000000000000040                _irq_vector_table
                0x0000000000000100                _vector_end = .

text            0x0000000000000100    0x1bcd0
                0x0000000000000100                __text_region_start = .
 *(SORT_BY_ALIGNMENT(.text))
 .text          0x0000000000000100       0x30 c:/ncs/toolchains/cf2149caf2/opt/zephyr-sdk/arm-zephyr-eabi/bin/../lib/gcc/arm-zephyr-eabi/12.2.0/thumb/v7e-m/nofp\libgcc.a(_aeabi_uldivmod.o)
                0x0000000000000100                __aeabi_uldivmod
 .text          0x0000000000000130        0x4 c:/ncs/toolchains/cf2149caf2/opt/zephyr-sdk/arm-zephyr-eabi/bin/../lib/gcc/arm-zephyr-eabi/12.2.0/thumb/v7e-m/nofp\libgcc.a(_dvmd_tls.o)
                0x0000000000000130                __aeabi_idiv0
                0x0000000000000130                __aeabi_ldiv0
 .text          0x0000000000000134      0x2a0 c:/ncs/toolchains/cf2149caf2/opt/zephyr-sdk/arm-zephyr-eabi/bin/../lib/gcc/arm-zephyr-eabi/12.2.0/thumb/v7e-m/nofp\libgcc.a(_udivmoddi4.o)
                0x0000000000000134                __udivmoddi4
 .text          0x00000000000003d4       0x10 c:\ncs\toolchains\cf2149caf2\opt\zephyr-sdk\arm-zephyr-eabi\bin\../lib/gcc/../../picolibc/arm-zephyr-eabi/lib/thumb/v7e-m/nofp\libc.a(strcpy.S.o)
                0x00000000000003d4                strcpy
 .text          0x00000000000003e4       0x10 c:\ncs\toolchains\cf2149caf2\opt\zephyr-sdk\arm-zephyr-eabi\bin\../lib/gcc/../../picolibc/arm-zephyr-eabi/lib/thumb/v7e-m/nofp\libc.a(strlen.S.o)
                0x00000000000003e4                strlen
 *(SORT_BY_ALIGNMENT(.text.*))
 *fill*         0x00000000000003f4        0x4 
 .text.cortical_implant_routine
                0x00000000000003f8      0x338 lib/spark_sdk_v1.3.0/app/example/pairing_basic_CI/libcortical_implant.a(pairing_basic_node.c.obj)
                0x00000000000003f8                cortical_implant_routine
 .text.main     0x0000000000000730       0xbc app/libapp.a(main.c.obj)
                0x0000000000000730                main
 .text.Radio_IRQ_IRQHandler
                0x00000000000007ec       0x1c app/libapp.a(usens_it.c.obj)
                0x00000000000007ec                Radio_IRQ_IRQHandler
 .text.Radio_DMA_IRQHandler
                0x0000000000000808       0x1c app/libapp.a(usens_it.c.obj)
                0x0000000000000808                Radio_DMA_IRQHandler
 .text.fake_PendSV_Handler
                0x0000000000000824        0xc app/libapp.a(usens_it.c.obj)
 .text.__NVIC_ClearPendingIRQ
                0x0000000000000830       0x1c app/libapp.a(usens_it.c.obj)
 .text.usens_it_init
                0x000000000000084c       0xfc app/libapp.a(usens_it.c.obj)
                0x000000000000084c                usens_it_init
 .text.usens_set_radio_irq_callback
                0x0000000000000948        0xc app/libapp.a(usens_it.c.obj)
                0x0000000000000948                usens_set_radio_irq_callback
 .text.usens_set_radio_dma_rx_callback
                0x0000000000000954        0xc app/libapp.a(usens_it.c.obj)
                0x0000000000000954                usens_set_radio_dma_rx_callback
 .text.usens_set_pendsv_callback
                0x0000000000000960        0xc app/libapp.a(usens_it.c.obj)
                0x0000000000000960                usens_set_pendsv_callback
 .text.usens_trigger_radio_irq_callback
                0x000000000000096c       0x1c app/libapp.a(usens_it.c.obj)
                0x000000000000096c                usens_trigger_radio_irq_callback
 .text.Radio_DMA_IRQ_trigger
                0x0000000000000988       0x10 app/libapp.a(usens_radio.c.obj)
                0x0000000000000988                Radio_DMA_IRQ_trigger
 .text.spi_transceive.constprop.0
                0x0000000000000998       0x1c app/libapp.a(usens_radio.c.obj)
 .text.radio_peripherals_init
                0x00000000000009b4       0x4c app/libapp.a(usens_radio.c.obj)
                0x00000000000009b4                radio_peripherals_init
 .text.radio_read_irq_pin
                0x0000000000000a00       0x28 app/libapp.a(usens_radio.c.obj)
                0x0000000000000a00                radio_read_irq_pin
 .text.radio_enable_irq_it
                0x0000000000000a28       0x1c app/libapp.a(usens_radio.c.obj)
                0x0000000000000a28                radio_enable_irq_it
 .text.radio_disable_irq_it
                0x0000000000000a44       0x1c app/libapp.a(usens_radio.c.obj)
                0x0000000000000a44                radio_disable_irq_it
 .text.radio_enable_dma_irq_it
                0x0000000000000a60       0x20 app/libapp.a(usens_radio.c.obj)
                0x0000000000000a60                radio_enable_dma_irq_it
 .text.radio_disable_dma_irq_it
                0x0000000000000a80       0x20 app/libapp.a(usens_radio.c.obj)
                0x0000000000000a80                radio_disable_dma_irq_it
 .text.radio_set_shutdown_pin
                0x0000000000000aa0        0xc app/libapp.a(usens_radio.c.obj)
                0x0000000000000aa0                radio_set_shutdown_pin
 .text.radio_reset_shutdown_pin
                0x0000000000000aac        0xc app/libapp.a(usens_radio.c.obj)
                0x0000000000000aac                radio_reset_shutdown_pin
 .text.radio_set_reset_pin
                0x0000000000000ab8        0xc app/libapp.a(usens_radio.c.obj)
                0x0000000000000ab8                radio_set_reset_pin
 .text.radio_spi_set_cs
                0x0000000000000ac4        0xc app/libapp.a(usens_radio.c.obj)
                0x0000000000000ac4                radio_spi_set_cs
 .text.radio_spi_reset_cs
                0x0000000000000ad0        0xc app/libapp.a(usens_radio.c.obj)
                0x0000000000000ad0                radio_spi_reset_cs
 .text.radio_spi_transfer_full_duplex_blocking
                0x0000000000000adc       0x5c app/libapp.a(usens_radio.c.obj)
                0x0000000000000adc                radio_spi_transfer_full_duplex_blocking
 .text.radio_spi_transfer_full_duplex_non_blocking
                0x0000000000000b38       0x64 app/libapp.a(usens_radio.c.obj)
                0x0000000000000b38                radio_spi_transfer_full_duplex_non_blocking
 .text.radio_is_spi_busy
                0x0000000000000b9c       0x14 app/libapp.a(usens_radio.c.obj)
                0x0000000000000b9c                radio_is_spi_busy
 .text.radio_context_switch
                0x0000000000000bb0       0x1c app/libapp.a(usens_radio.c.obj)
                0x0000000000000bb0                radio_context_switch
 .text.radio_callback_context_switch
                0x0000000000000bcc       0x10 app/libapp.a(usens_radio.c.obj)
                0x0000000000000bcc                radio_callback_context_switch
 .text.free_running_timer_ms_tick_callback
                0x0000000000000bdc       0x18 app/libapp.a(usens_timer.c.obj)
                0x0000000000000bdc                free_running_timer_ms_tick_callback
 .text.timer_free_running_ms_init
                0x0000000000000bf4       0x28 app/libapp.a(usens_timer.c.obj)
                0x0000000000000bf4                timer_free_running_ms_init
 .text.timer_free_running_ms_get_tick_count
                0x0000000000000c1c        0xc app/libapp.a(usens_timer.c.obj)
                0x0000000000000c1c                timer_free_running_ms_get_tick_count
 .text.enable_usb_console
                0x0000000000000c28       0x3c app/libapp.a(usb_console.c.obj)
                0x0000000000000c28                enable_usb_console
 .text.cbvprintf_package
                0x0000000000000c64      0x3a4 zephyr/libzephyr.a(cbprintf_packaged.c.obj)
                0x0000000000000c64                cbvprintf_package
 .text.cbprintf_package_convert
                0x0000000000001008      0x3b0 zephyr/libzephyr.a(cbprintf_packaged.c.obj)
                0x0000000000001008                cbprintf_package_convert
 .text.__printk_hook_install
                0x00000000000013b8        0xc zephyr/libzephyr.a(printk.c.obj)
                0x00000000000013b8                __printk_hook_install
 .text.z_thread_entry
                0x00000000000013c4       0x34 zephyr/libzephyr.a(thread_entry.c.obj)
                0x00000000000013c4                z_thread_entry
 .text.process_event
                0x00000000000013f8      0x21c zephyr/libzephyr.a(onoff.c.obj)
 .text.sys_reboot
                0x0000000000001614       0x30 zephyr/libzephyr.a(reboot.c.obj)
                0x0000000000001614                sys_reboot
 .text.z_arm_platform_init
                0x0000000000001644        0x4 zephyr/libzephyr.a(soc_nrf_common.S.obj)
                0x0000000000001644                z_arm_platform_init
 .text.activate_foreach_backend
                0x0000000000001648       0x64 zephyr/libzephyr.a(log_core.c.obj)
 .text.enable_logger
                0x00000000000016ac       0x5c zephyr/libzephyr.a(log_core.c.obj)
 .text.log_process_thread_timer_expiry_fn
                0x0000000000001708        0xc zephyr/libzephyr.a(log_core.c.obj)
 .text.z_log_init
                0x0000000000001714       0x90 zephyr/libzephyr.a(log_core.c.obj)
 .text.log_format_func_t_get
                0x00000000000017a4        0xc zephyr/libzephyr.a(log_core.c.obj)
                0x00000000000017a4                log_format_func_t_get
 .text.log_set_timestamp_func
                0x00000000000017b0       0x20 zephyr/libzephyr.a(log_core.c.obj)
                0x00000000000017b0                log_set_timestamp_func
 .text.z_log_notify_backend_enabled
                0x00000000000017d0       0x1c zephyr/libzephyr.a(log_core.c.obj)
                0x00000000000017d0                z_log_notify_backend_enabled
 .text.z_log_dropped
                0x00000000000017ec       0x30 zephyr/libzephyr.a(log_core.c.obj)
                0x00000000000017ec                z_log_dropped
 .text.z_log_dropped_read_and_clear
                0x000000000000181c       0x20 zephyr/libzephyr.a(log_core.c.obj)
                0x000000000000181c                z_log_dropped_read_and_clear
 .text.dropped_notify
                0x000000000000183c       0x30 zephyr/libzephyr.a(log_core.c.obj)
                0x000000000000183c                dropped_notify
 .text.z_log_msg_init
                0x000000000000186c       0x20 zephyr/libzephyr.a(log_core.c.obj)
                0x000000000000186c                z_log_msg_init
 .text.log_core_init
                0x000000000000188c       0x34 zephyr/libzephyr.a(log_core.c.obj)
                0x000000000000188c                log_core_init
 .text.z_log_msg_alloc
                0x00000000000018c0       0x10 zephyr/libzephyr.a(log_core.c.obj)
                0x00000000000018c0                z_log_msg_alloc
 .text.z_log_msg_local_claim
                0x00000000000018d0        0xc zephyr/libzephyr.a(log_core.c.obj)
                0x00000000000018d0                z_log_msg_local_claim
 .text.z_log_msg_free
                0x00000000000018dc       0x10 zephyr/libzephyr.a(log_core.c.obj)
                0x00000000000018dc                z_log_msg_free
 .text.z_log_msg_pending
                0x00000000000018ec        0xc zephyr/libzephyr.a(log_core.c.obj)
                0x00000000000018ec                z_log_msg_pending
 .text.z_impl_log_process
                0x00000000000018f8       0xbc zephyr/libzephyr.a(log_core.c.obj)
                0x00000000000018f8                z_impl_log_process
 .text.z_impl_log_panic
                0x00000000000019b4       0x44 zephyr/libzephyr.a(log_core.c.obj)
                0x00000000000019b4                z_impl_log_panic
 .text.log_process_thread_func
                0x00000000000019f8       0xa4 zephyr/libzephyr.a(log_core.c.obj)
 .text.z_log_msg_post_finalize
                0x0000000000001a9c       0x78 zephyr/libzephyr.a(log_core.c.obj)
 .text.z_log_msg_commit
                0x0000000000001b14       0x24 zephyr/libzephyr.a(log_core.c.obj)
                0x0000000000001b14                z_log_msg_commit
 .text.log_source_name_get
                0x0000000000001b38       0x1c zephyr/libzephyr.a(log_mgmt.c.obj)
                0x0000000000001b38                log_source_name_get
 .text.log_backend_enable
                0x0000000000001b54       0x28 zephyr/libzephyr.a(log_mgmt.c.obj)
                0x0000000000001b54                log_backend_enable
 .text.z_impl_z_log_msg_static_create
                0x0000000000001b7c      0x108 zephyr/libzephyr.a(log_msg.c.obj)
                0x0000000000001b7c                z_impl_z_log_msg_static_create
 .text.z_impl_z_log_msg_runtime_vcreate
                0x0000000000001c84       0x8c zephyr/libzephyr.a(log_msg.c.obj)
                0x0000000000001c84                z_impl_z_log_msg_runtime_vcreate
 .text.print_formatted
                0x0000000000001d10       0x24 zephyr/libzephyr.a(log_output.c.obj)
 .text.newline_print
                0x0000000000001d34       0x1c zephyr/libzephyr.a(log_output.c.obj)
 .text.log_output_process
                0x0000000000001d50      0x2a4 zephyr/libzephyr.a(log_output.c.obj)
                0x0000000000001d50                log_output_process
 .text.log_output_msg_process
                0x0000000000001ff4       0x70 zephyr/libzephyr.a(log_output.c.obj)
                0x0000000000001ff4                log_output_msg_process
 .text.log_output_dropped_process
                0x0000000000002064       0x58 zephyr/libzephyr.a(log_output.c.obj)
                0x0000000000002064                log_output_dropped_process
 .text.log_output_timestamp_freq_set
                0x00000000000020bc       0x2c zephyr/libzephyr.a(log_output.c.obj)
                0x00000000000020bc                log_output_timestamp_freq_set
 .text.log_backend_rtt_init
                0x00000000000020e8        0xc zephyr/libzephyr.a(log_backend_rtt.c.obj)
 .text.format_set
                0x00000000000020f4        0xc zephyr/libzephyr.a(log_backend_rtt.c.obj)
 .text.panic    0x0000000000002100       0x14 zephyr/libzephyr.a(log_backend_rtt.c.obj)
 .text.dropped  0x0000000000002114        0xc zephyr/libzephyr.a(log_backend_rtt.c.obj)
 .text.process  0x0000000000002120       0x24 zephyr/libzephyr.a(log_backend_rtt.c.obj)
 .text.on_failed_write
                0x0000000000002144       0x28 zephyr/libzephyr.a(log_backend_rtt.c.obj)
 .text.data_out_block_mode
                0x000000000000216c       0x84 zephyr/libzephyr.a(log_backend_rtt.c.obj)
 .text.format_set
                0x00000000000021f0        0xc zephyr/libzephyr.a(log_backend_uart.c.obj)
 .text.panic    0x00000000000021fc       0x14 zephyr/libzephyr.a(log_backend_uart.c.obj)
 .text.dropped  0x0000000000002210        0xc zephyr/libzephyr.a(log_backend_uart.c.obj)
 .text.process  0x000000000000221c       0x24 zephyr/libzephyr.a(log_backend_uart.c.obj)
 .text.char_out
                0x0000000000002240       0x24 zephyr/libzephyr.a(log_backend_uart.c.obj)
 .text.class_handler
                0x0000000000002264       0x40 zephyr/libzephyr.a(usb_device.c.obj)
 .text.custom_handler
                0x00000000000022a4       0x60 zephyr/libzephyr.a(usb_device.c.obj)
 .text.vendor_handler
                0x0000000000002304       0x3c zephyr/libzephyr.a(usb_device.c.obj)
 .text.usb_reset_alt_setting
                0x0000000000002340       0x10 zephyr/libzephyr.a(usb_device.c.obj)
 .text.is_ep_valid.part.0
                0x0000000000002350       0x38 zephyr/libzephyr.a(usb_device.c.obj)
 .text.usb_handle_request.constprop.0
                0x0000000000002388       0x2c zephyr/libzephyr.a(usb_device.c.obj)
 .text.usb_device_init.part.0
                0x00000000000023b4       0x28 zephyr/libzephyr.a(usb_device.c.obj)
 .text.get_ep_bm_from_addr.part.0
                0x00000000000023dc       0x2c zephyr/libzephyr.a(usb_device.c.obj)
 .text.disable_endpoint
                0x0000000000002408       0x80 zephyr/libzephyr.a(usb_device.c.obj)
 .text.forward_status_cb
                0x0000000000002488       0xb0 zephyr/libzephyr.a(usb_device.c.obj)
 .text.usb_halt_endpoint_req.isra.0
                0x0000000000002538       0x50 zephyr/libzephyr.a(usb_device.c.obj)
 .text.set_endpoint
                0x0000000000002588      0x104 zephyr/libzephyr.a(usb_device.c.obj)
 .text.usb_handle_standard_request
                0x000000000000268c      0x2ec zephyr/libzephyr.a(usb_device.c.obj)
 .text.usb_write
                0x0000000000002978       0x64 zephyr/libzephyr.a(usb_device.c.obj)
                0x0000000000002978                usb_write
 .text.usb_data_to_host
                0x00000000000029dc       0x60 zephyr/libzephyr.a(usb_device.c.obj)
 .text.usb_handle_control_transfer
                0x0000000000002a3c      0x100 zephyr/libzephyr.a(usb_device.c.obj)
 .text.usb_set_config
                0x0000000000002b3c       0x2c zephyr/libzephyr.a(usb_device.c.obj)
                0x0000000000002b3c                usb_set_config
 .text.usb_device_init
                0x0000000000002b68       0x2c zephyr/libzephyr.a(usb_device.c.obj)
 .text.usb_enable
                0x0000000000002b94      0x154 zephyr/libzephyr.a(usb_device.c.obj)
                0x0000000000002b94                usb_enable
 .text.usb_update_sn_string_descriptor
                0x0000000000002ce8       0x88 zephyr/libzephyr.a(usb_descriptor.c.obj)
                0x0000000000002ce8                usb_update_sn_string_descriptor
 .text.usb_get_device_descriptor
                0x0000000000002d70      0x270 zephyr/libzephyr.a(usb_descriptor.c.obj)
                0x0000000000002d70                usb_get_device_descriptor
 .text.usb_ep_get_transfer
                0x0000000000002fe0       0x2c zephyr/libzephyr.a(usb_transfer.c.obj)
 .text.usb_transfer_work
                0x000000000000300c      0x158 zephyr/libzephyr.a(usb_transfer.c.obj)
 .text.usb_transfer_ep_callback
                0x0000000000003164       0x78 zephyr/libzephyr.a(usb_transfer.c.obj)
                0x0000000000003164                usb_transfer_ep_callback
 .text.usb_transfer
                0x00000000000031dc      0x148 zephyr/libzephyr.a(usb_transfer.c.obj)
                0x00000000000031dc                usb_transfer
 .text.usb_cancel_transfer
                0x0000000000003324       0x3c zephyr/libzephyr.a(usb_transfer.c.obj)
                0x0000000000003324                usb_cancel_transfer
 .text.usb_cancel_transfers
                0x0000000000003360       0x48 zephyr/libzephyr.a(usb_transfer.c.obj)
                0x0000000000003360                usb_cancel_transfers
 .text.usb_transfer_init
                0x00000000000033a8       0x34 zephyr/libzephyr.a(usb_transfer.c.obj)
                0x00000000000033a8                usb_transfer_init
 .text.cdc_acm_int_in
                0x00000000000033dc       0x18 zephyr/libzephyr.a(cdc_acm.c.obj)
 .text.cdc_acm_irq_rx_enable
                0x00000000000033f4       0x20 zephyr/libzephyr.a(cdc_acm.c.obj)
 .text.cdc_acm_irq_tx_enable
                0x0000000000003414       0x20 zephyr/libzephyr.a(cdc_acm.c.obj)
 .text.cdc_acm_fifo_fill
                0x0000000000003434       0x38 zephyr/libzephyr.a(cdc_acm.c.obj)
 .text.cdc_acm_poll_out
                0x000000000000346c       0x64 zephyr/libzephyr.a(cdc_acm.c.obj)
 .text.tx_work_handler
                0x00000000000034d0       0x5c zephyr/libzephyr.a(cdc_acm.c.obj)
 .text.cdc_acm_class_handle_req
                0x000000000000352c       0x64 zephyr/libzephyr.a(cdc_acm.c.obj)
                0x000000000000352c                cdc_acm_class_handle_req
 .text.cdc_acm_reset_port
                0x0000000000003590       0x3c zephyr/libzephyr.a(cdc_acm.c.obj)
 .text.cdc_acm_write_cb
                0x00000000000035cc       0x44 zephyr/libzephyr.a(cdc_acm.c.obj)
 .text.cdc_acm_init
                0x0000000000003610       0x48 zephyr/libzephyr.a(cdc_acm.c.obj)
 .text.cdc_acm_send_notification.isra.0
                0x0000000000003658       0x44 zephyr/libzephyr.a(cdc_acm.c.obj)
 .text.cdc_acm_read_cb
                0x000000000000369c       0x6c zephyr/libzephyr.a(cdc_acm.c.obj)
 .text.cdc_acm_dev_status_cb
                0x0000000000003708       0x88 zephyr/libzephyr.a(cdc_acm.c.obj)
 .text.z_usb_work_q_init
                0x0000000000003790       0x34 zephyr/libzephyr.a(usb_work_q.c.obj)
 .text.disk_access_get_di
                0x00000000000037c4       0x64 zephyr/libzephyr.a(disk_access.c.obj)
                0x00000000000037c4                disk_access_get_di
 .text.disk_access_register
                0x0000000000003828       0x70 zephyr/libzephyr.a(disk_access.c.obj)
                0x0000000000003828                disk_access_register
 .text.nrf_cc3xx_platform_abort_init
                0x0000000000003898        0xc zephyr/libzephyr.a(nrf_cc3xx_platform_abort_zephyr.c.obj)
                0x0000000000003898                nrf_cc3xx_platform_abort_init
 .text.mutex_free_platform
                0x00000000000038a4       0x54 zephyr/libzephyr.a(nrf_cc3xx_platform_mutex_zephyr.c.obj)
 .text.mutex_lock_platform
                0x00000000000038f8       0x60 zephyr/libzephyr.a(nrf_cc3xx_platform_mutex_zephyr.c.obj)
 .text.mutex_unlock_platform
                0x0000000000003958       0x58 zephyr/libzephyr.a(nrf_cc3xx_platform_mutex_zephyr.c.obj)
 .text.mutex_init_platform
                0x00000000000039b0       0x94 zephyr/libzephyr.a(nrf_cc3xx_platform_mutex_zephyr.c.obj)
 .text.nrf_cc3xx_platform_mutex_init
                0x0000000000003a44       0x2c zephyr/libzephyr.a(nrf_cc3xx_platform_mutex_zephyr.c.obj)
                0x0000000000003a44                nrf_cc3xx_platform_mutex_init
 .text.z_isr_install
                0x0000000000003a70       0x14 zephyr/arch/common/libarch__common.a(sw_isr_common.c.obj)
                0x0000000000003a70                z_isr_install
 .text.z_arm_cpu_idle_init
                0x0000000000003a84        0xc zephyr/arch/arch/arm/core/aarch32/libarch__arm__core__aarch32.a(cpu_idle.S.obj)
                0x0000000000003a84                z_arm_cpu_idle_init
 .text.arch_cpu_idle
                0x0000000000003a90       0x1c zephyr/arch/arch/arm/core/aarch32/libarch__arm__core__aarch32.a(cpu_idle.S.obj)
                0x0000000000003a90                arch_cpu_idle
 .text.arch_cpu_atomic_idle
                0x0000000000003aac       0x18 zephyr/arch/arch/arm/core/aarch32/libarch__arm__core__aarch32.a(cpu_idle.S.obj)
                0x0000000000003aac                arch_cpu_atomic_idle
 .text.z_arm_fatal_error
                0x0000000000003ac4       0xcc zephyr/arch/arch/arm/core/aarch32/libarch__arm__core__aarch32.a(fatal.c.obj)
                0x0000000000003ac4                z_arm_fatal_error
 .text.__NVIC_SetPriority
                0x0000000000003b90       0x28 zephyr/arch/arch/arm/core/aarch32/libarch__arm__core__aarch32.a(irq_manage.c.obj)
 .text.arch_irq_enable
                0x0000000000003bb8       0x1c zephyr/arch/arch/arm/core/aarch32/libarch__arm__core__aarch32.a(irq_manage.c.obj)
                0x0000000000003bb8                arch_irq_enable
 .text.arch_irq_disable
                0x0000000000003bd4       0x28 zephyr/arch/arch/arm/core/aarch32/libarch__arm__core__aarch32.a(irq_manage.c.obj)
                0x0000000000003bd4                arch_irq_disable
 .text.arch_irq_is_enabled
                0x0000000000003bfc       0x1c zephyr/arch/arch/arm/core/aarch32/libarch__arm__core__aarch32.a(irq_manage.c.obj)
                0x0000000000003bfc                arch_irq_is_enabled
 .text.z_SysNmiOnReset
                0x0000000000003c18        0x8 zephyr/arch/arch/arm/core/aarch32/libarch__arm__core__aarch32.a(nmi_on_reset.S.obj)
                0x0000000000003c18                z_SysNmiOnReset
 .text.z_arm_prep_c
                0x0000000000003c20       0x38 zephyr/arch/arch/arm/core/aarch32/libarch__arm__core__aarch32.a(prep_c.c.obj)
                0x0000000000003c20                z_arm_prep_c
 .text.arch_swap
                0x0000000000003c58       0x34 zephyr/arch/arch/arm/core/aarch32/libarch__arm__core__aarch32.a(swap.c.obj)
                0x0000000000003c58                arch_swap
 .text.z_arm_pendsv
                0x0000000000003c8c       0x58 zephyr/arch/arch/arm/core/aarch32/libarch__arm__core__aarch32.a(swap_helper.S.obj)
                0x0000000000003c8c                z_arm_pendsv
 .text.z_arm_svc
                0x0000000000003ce4       0x20 zephyr/arch/arch/arm/core/aarch32/libarch__arm__core__aarch32.a(swap_helper.S.obj)
                0x0000000000003ce4                z_arm_svc
 .text.arch_new_thread
                0x0000000000003d04       0x38 zephyr/arch/arch/arm/core/aarch32/libarch__arm__core__aarch32.a(thread.c.obj)
                0x0000000000003d04                arch_new_thread
 .text.arch_switch_to_main_thread
                0x0000000000003d3c       0x2c zephyr/arch/arch/arm/core/aarch32/libarch__arm__core__aarch32.a(thread.c.obj)
                0x0000000000003d3c                arch_switch_to_main_thread
 .text._isr_wrapper
                0x0000000000003d68       0x28 zephyr/arch/arch/arm/core/aarch32/libarch__arm__core__aarch32.a(isr_wrapper.S.obj)
                0x0000000000003d68                _isr_wrapper
 .text.arch_tls_stack_setup
                0x0000000000003d90       0x5c zephyr/arch/arch/arm/core/aarch32/libarch__arm__core__aarch32.a(tls.c.obj)
                0x0000000000003d90                arch_tls_stack_setup
 .text._HandlerModeExit
                0x0000000000003dec       0x1c zephyr/arch/arch/arm/core/aarch32/cortex_m/libarch__arm__core__aarch32__cortex_m.a(exc_exit.S.obj)
                0x0000000000003dec                z_arm_int_exit
                0x0000000000003dec                z_arm_exc_exit
 .text.mem_manage_fault.constprop.0
                0x0000000000003e08      0x144 zephyr/arch/arch/arm/core/aarch32/cortex_m/libarch__arm__core__aarch32__cortex_m.a(fault.c.obj)
 .text.bus_fault.constprop.0
                0x0000000000003f4c      0x154 zephyr/arch/arch/arm/core/aarch32/cortex_m/libarch__arm__core__aarch32__cortex_m.a(fault.c.obj)
 .text.usage_fault.constprop.0
                0x00000000000040a0      0x104 zephyr/arch/arch/arm/core/aarch32/cortex_m/libarch__arm__core__aarch32__cortex_m.a(fault.c.obj)
 .text.z_arm_fault
                0x00000000000041a4      0x224 zephyr/arch/arch/arm/core/aarch32/cortex_m/libarch__arm__core__aarch32__cortex_m.a(fault.c.obj)
                0x00000000000041a4                z_arm_fault
 .text.z_arm_fault_init
                0x00000000000043c8       0x10 zephyr/arch/arch/arm/core/aarch32/cortex_m/libarch__arm__core__aarch32__cortex_m.a(fault.c.obj)
                0x00000000000043c8                z_arm_fault_init
 .text.__fault  0x00000000000043d8       0x14 zephyr/arch/arch/arm/core/aarch32/cortex_m/libarch__arm__core__aarch32__cortex_m.a(fault_s.S.obj)
                0x00000000000043d8                z_arm_usage_fault
                0x00000000000043d8                z_arm_mpu_fault
                0x00000000000043d8                z_arm_exc_spurious
                0x00000000000043d8                z_arm_debug_monitor
                0x00000000000043d8                z_arm_hard_fault
                0x00000000000043d8                z_arm_bus_fault
 .text.z_arm_interrupt_init
                0x00000000000043ec       0x18 zephyr/arch/arch/arm/core/aarch32/cortex_m/libarch__arm__core__aarch32__cortex_m.a(irq_init.c.obj)
                0x00000000000043ec                z_arm_interrupt_init
 .text._reset_section
                0x0000000000004404       0x54 zephyr/arch/arch/arm/core/aarch32/cortex_m/libarch__arm__core__aarch32__cortex_m.a(reset.S.obj)
                0x0000000000004404                __start
                0x0000000000004404                z_arm_reset
 .text.sys_arch_reboot
                0x0000000000004458       0x24 zephyr/arch/arch/arm/core/aarch32/cortex_m/libarch__arm__core__aarch32__cortex_m.a(scb.c.obj)
                0x0000000000004458                sys_arch_reboot
 .text.z_arm_clear_arm_mpu_config
                0x000000000000447c       0x24 zephyr/arch/arch/arm/core/aarch32/cortex_m/libarch__arm__core__aarch32__cortex_m.a(scb.c.obj)
                0x000000000000447c                z_arm_clear_arm_mpu_config
 .text.z_arm_init_arch_hw_at_boot
                0x00000000000044a0       0x64 zephyr/arch/arch/arm/core/aarch32/cortex_m/libarch__arm__core__aarch32__cortex_m.a(scb.c.obj)
                0x00000000000044a0                z_arm_init_arch_hw_at_boot
 .text.z_impl_k_thread_abort
                0x0000000000004504       0x2c zephyr/arch/arch/arm/core/aarch32/cortex_m/libarch__arm__core__aarch32__cortex_m.a(thread_abort.c.obj)
                0x0000000000004504                z_impl_k_thread_abort
 .text.z_arm_configure_static_mpu_regions
                0x0000000000004530       0x18 zephyr/arch/arch/arm/core/aarch32/mpu/libarch__arm__core__aarch32__mpu.a(arm_core_mpu.c.obj)
                0x0000000000004530                z_arm_configure_static_mpu_regions
 .text.mpu_configure_regions
                0x0000000000004548       0xcc zephyr/arch/arch/arm/core/aarch32/mpu/libarch__arm__core__aarch32__mpu.a(arm_mpu.c.obj)
 .text.arm_core_mpu_enable
                0x0000000000004614       0x18 zephyr/arch/arch/arm/core/aarch32/mpu/libarch__arm__core__aarch32__mpu.a(arm_mpu.c.obj)
                0x0000000000004614                arm_core_mpu_enable
 .text.arm_core_mpu_disable
                0x000000000000462c       0x14 zephyr/arch/arch/arm/core/aarch32/mpu/libarch__arm__core__aarch32__mpu.a(arm_mpu.c.obj)
                0x000000000000462c                arm_core_mpu_disable
 .text.arm_core_mpu_configure_static_mpu_regions
                0x0000000000004640       0x14 zephyr/arch/arch/arm/core/aarch32/mpu/libarch__arm__core__aarch32__mpu.a(arm_mpu.c.obj)
                0x0000000000004640                arm_core_mpu_configure_static_mpu_regions
 .text.z_arm_mpu_init
                0x0000000000004654       0x60 zephyr/arch/arch/arm/core/aarch32/mpu/libarch__arm__core__aarch32__mpu.a(arm_mpu.c.obj)
                0x0000000000004654                z_arm_mpu_init
 .text.z_impl_zephyr_fputc
                0x00000000000046b4       0x10 zephyr/lib/libc/picolibc/liblib__libc__picolibc.a(libc-hooks.c.obj)
                0x00000000000046b4                z_impl_zephyr_fputc
 .text.__stdout_hook_install
                0x00000000000046c4       0x18 zephyr/lib/libc/picolibc/liblib__libc__picolibc.a(libc-hooks.c.obj)
                0x00000000000046c4                __stdout_hook_install
 .text.cbvprintf
                0x00000000000046dc       0x38 zephyr/lib/libc/picolibc/liblib__libc__picolibc.a(libc-hooks.c.obj)
                0x00000000000046dc                cbvprintf
 .text.__chk_fail
                0x0000000000004714       0x18 zephyr/lib/libc/picolibc/liblib__libc__picolibc.a(libc-hooks.c.obj)
                0x0000000000004714                __chk_fail
 .text.malloc_prepare
                0x000000000000472c       0x24 zephyr/lib/libc/common/liblib__libc__common.a(malloc.c.obj)
 .text.sys_mutex_unlock.constprop.0.isra.0
                0x0000000000004750        0xc zephyr/lib/libc/common/liblib__libc__common.a(malloc.c.obj)
 .text.malloc   0x000000000000475c       0x40 zephyr/lib/libc/common/liblib__libc__common.a(malloc.c.obj)
                0x000000000000475c                malloc
 .text.free     0x000000000000479c       0x2c zephyr/lib/libc/common/liblib__libc__common.a(malloc.c.obj)
                0x000000000000479c                free
 .text.nordicsemi_nrf52_init
                0x00000000000047c8       0x18 zephyr/soc/soc/arm/nordic_nrf/nrf52/libsoc__arm__nordic_nrf__nrf52.a(soc.c.obj)
 .text.arch_busy_wait
                0x00000000000047e0       0x14 zephyr/soc/soc/arm/nordic_nrf/nrf52/libsoc__arm__nordic_nrf__nrf52.a(soc.c.obj)
                0x00000000000047e0                arch_busy_wait
 .text.registry_find
                0x00000000000047f4       0x2c zephyr/subsys/fs/libsubsys__fs.a(fs.c.obj)
 .text.fs_init  0x0000000000004820       0x1c zephyr/subsys/fs/libsubsys__fs.a(fs.c.obj)
 .text.k_mutex_lock.constprop.0.isra.0
                0x000000000000483c       0x10 zephyr/subsys/fs/libsubsys__fs.a(fs.c.obj)
 .text.k_mutex_unlock.constprop.0.isra.0
                0x000000000000484c        0xc zephyr/subsys/fs/libsubsys__fs.a(fs.c.obj)
 .text.fs_register
                0x0000000000004858       0x50 zephyr/subsys/fs/libsubsys__fs.a(fs.c.obj)
                0x0000000000004858                fs_register
 .text.translate_error
                0x00000000000048a8       0x14 zephyr/subsys/fs/libsubsys__fs.a(fat_fs.c.obj)
 .text.fatfs_init
                0x00000000000048bc        0xc zephyr/subsys/fs/libsubsys__fs.a(fat_fs.c.obj)
 .text.fatfs_mount
                0x00000000000048c8       0x74 zephyr/subsys/fs/libsubsys__fs.a(fat_fs.c.obj)
 .text.fatfs_closedir
                0x000000000000493c       0x24 zephyr/subsys/fs/libsubsys__fs.a(fat_fs.c.obj)
 .text.fatfs_close
                0x0000000000004960       0x28 zephyr/subsys/fs/libsubsys__fs.a(fat_fs.c.obj)
 .text.fatfs_opendir
                0x0000000000004988       0x50 zephyr/subsys/fs/libsubsys__fs.a(fat_fs.c.obj)
 .text.fatfs_open
                0x00000000000049d8       0x58 zephyr/subsys/fs/libsubsys__fs.a(fat_fs.c.obj)
 .text.sd_init_io
                0x0000000000004a30       0x94 zephyr/subsys/sd/libsubsys__sd.a(sd.c.obj)
 .text.sd_command_init
                0x0000000000004ac4       0xf4 zephyr/subsys/sd/libsubsys__sd.a(sd.c.obj)
 .text.sd_init  0x0000000000004bb8       0xf0 zephyr/subsys/sd/libsubsys__sd.a(sd.c.obj)
                0x0000000000004bb8                sd_init
 .text.sdmmc_wait_ready
                0x0000000000004ca8       0x3c zephyr/subsys/sd/libsubsys__sd.a(sd_ops.c.obj)
                0x0000000000004ca8                sdmmc_wait_ready
 .text.card_app_command
                0x0000000000004ce4       0x90 zephyr/subsys/sd/libsubsys__sd.a(sd_ops.c.obj)
                0x0000000000004ce4                card_app_command
 .text.card_read_blocks
                0x0000000000004d74      0x158 zephyr/subsys/sd/libsubsys__sd.a(sd_ops.c.obj)
                0x0000000000004d74                card_read_blocks
 .text.card_write_blocks
                0x0000000000004ecc      0x1d8 zephyr/subsys/sd/libsubsys__sd.a(sd_ops.c.obj)
                0x0000000000004ecc                card_write_blocks
 .text.sdmmc_card_init
                0x00000000000050a4      0x3e8 zephyr/subsys/sd/libsubsys__sd.a(sdmmc.c.obj)
                0x00000000000050a4                sdmmc_card_init
 .text.disk_sdmmc_init
                0x000000000000548c       0x1c zephyr/drivers/disk/libdrivers__disk.a(sdmmc_subsys.c.obj)
 .text.endpoint_ctx
                0x00000000000054a8       0x60 zephyr/drivers/usb/device/libdrivers__usb__device.a(usb_dc_nrfx.c.obj)
 .text.usbd_work_schedule
                0x0000000000005508       0x10 zephyr/drivers/usb/device/libdrivers__usb__device.a(usb_dc_nrfx.c.obj)
 .text.usbd_evt_put
                0x0000000000005518        0xc zephyr/drivers/usb/device/libdrivers__usb__device.a(usb_dc_nrfx.c.obj)
 .text.usbd_evt_get
                0x0000000000005524       0x10 zephyr/drivers/usb/device/libdrivers__usb__device.a(usb_dc_nrfx.c.obj)
 .text.usb_init
                0x0000000000005534       0x70 zephyr/drivers/usb/device/libdrivers__usb__device.a(usb_dc_nrfx.c.obj)
 .text.hfxo_stop.constprop.0.isra.0
                0x00000000000055a4       0x40 zephyr/drivers/usb/device/libdrivers__usb__device.a(usb_dc_nrfx.c.obj)
 .text.eps_ctx_init
                0x00000000000055e4       0x68 zephyr/drivers/usb/device/libdrivers__usb__device.a(usb_dc_nrfx.c.obj)
 .text.usbd_evt_flush
                0x000000000000564c       0x1c zephyr/drivers/usb/device/libdrivers__usb__device.a(usb_dc_nrfx.c.obj)
 .text.usbd_evt_alloc
                0x0000000000005668       0x78 zephyr/drivers/usb/device/libdrivers__usb__device.a(usb_dc_nrfx.c.obj)
 .text.usb_dc_power_event_handler
                0x00000000000056e0       0x5c zephyr/drivers/usb/device/libdrivers__usb__device.a(usb_dc_nrfx.c.obj)
 .text.usbd_event_transfer_data
                0x000000000000573c       0xe0 zephyr/drivers/usb/device/libdrivers__usb__device.a(usb_dc_nrfx.c.obj)
 .text.usbd_event_handler
                0x000000000000581c      0x170 zephyr/drivers/usb/device/libdrivers__usb__device.a(usb_dc_nrfx.c.obj)
 .text.usbd_work_handler
                0x000000000000598c      0x3ac zephyr/drivers/usb/device/libdrivers__usb__device.a(usb_dc_nrfx.c.obj)
 .text.usb_dc_attach
                0x0000000000005d38       0x64 zephyr/drivers/usb/device/libdrivers__usb__device.a(usb_dc_nrfx.c.obj)
                0x0000000000005d38                usb_dc_attach
 .text.usb_dc_set_address
                0x0000000000005d9c       0x24 zephyr/drivers/usb/device/libdrivers__usb__device.a(usb_dc_nrfx.c.obj)
                0x0000000000005d9c                usb_dc_set_address
 .text.usb_dc_ep_check_cap
                0x0000000000005dc0       0x64 zephyr/drivers/usb/device/libdrivers__usb__device.a(usb_dc_nrfx.c.obj)
                0x0000000000005dc0                usb_dc_ep_check_cap
 .text.usb_dc_ep_configure
                0x0000000000005e24       0x68 zephyr/drivers/usb/device/libdrivers__usb__device.a(usb_dc_nrfx.c.obj)
                0x0000000000005e24                usb_dc_ep_configure
 .text.usb_dc_ep_set_stall
                0x0000000000005e8c       0x74 zephyr/drivers/usb/device/libdrivers__usb__device.a(usb_dc_nrfx.c.obj)
                0x0000000000005e8c                usb_dc_ep_set_stall
 .text.usb_dc_ep_clear_stall
                0x0000000000005f00       0x40 zephyr/drivers/usb/device/libdrivers__usb__device.a(usb_dc_nrfx.c.obj)
                0x0000000000005f00                usb_dc_ep_clear_stall
 .text.usb_dc_ep_is_stalled
                0x0000000000005f40       0x38 zephyr/drivers/usb/device/libdrivers__usb__device.a(usb_dc_nrfx.c.obj)
                0x0000000000005f40                usb_dc_ep_is_stalled
 .text.usb_dc_ep_enable
                0x0000000000005f78       0x54 zephyr/drivers/usb/device/libdrivers__usb__device.a(usb_dc_nrfx.c.obj)
                0x0000000000005f78                usb_dc_ep_enable
 .text.usb_dc_ep_write
                0x0000000000005fcc      0x144 zephyr/drivers/usb/device/libdrivers__usb__device.a(usb_dc_nrfx.c.obj)
                0x0000000000005fcc                usb_dc_ep_write
 .text.usb_dc_ep_read_wait
                0x0000000000006110       0xcc zephyr/drivers/usb/device/libdrivers__usb__device.a(usb_dc_nrfx.c.obj)
                0x0000000000006110                usb_dc_ep_read_wait
 .text.usb_dc_ep_read_continue
                0x00000000000061dc       0xb0 zephyr/drivers/usb/device/libdrivers__usb__device.a(usb_dc_nrfx.c.obj)
                0x00000000000061dc                usb_dc_ep_read_continue
 .text.usb_dc_ep_set_callback
                0x000000000000628c       0x28 zephyr/drivers/usb/device/libdrivers__usb__device.a(usb_dc_nrfx.c.obj)
                0x000000000000628c                usb_dc_ep_set_callback
 .text.usb_dc_set_status_callback
                0x00000000000062b4        0xc zephyr/drivers/usb/device/libdrivers__usb__device.a(usb_dc_nrfx.c.obj)
                0x00000000000062b4                usb_dc_set_status_callback
 .text.usb_dc_ep_mps
                0x00000000000062c0       0x24 zephyr/drivers/usb/device/libdrivers__usb__device.a(usb_dc_nrfx.c.obj)
                0x00000000000062c0                usb_dc_ep_mps
 .text.onoff_stop
                0x00000000000062e4       0x30 zephyr/drivers/clock_control/libdrivers__clock_control.a(clock_control_nrf.c.obj)
 .text.onoff_start
                0x0000000000006314       0x44 zephyr/drivers/clock_control/libdrivers__clock_control.a(clock_control_nrf.c.obj)
 .text.generic_hfclk_stop
                0x0000000000006358       0x34 zephyr/drivers/clock_control/libdrivers__clock_control.a(clock_control_nrf.c.obj)
 .text.clk_init
                0x000000000000638c       0x60 zephyr/drivers/clock_control/libdrivers__clock_control.a(clock_control_nrf.c.obj)
 .text.clkstarted_handle.constprop.0
                0x00000000000063ec       0x34 zephyr/drivers/clock_control/libdrivers__clock_control.a(clock_control_nrf.c.obj)
 .text.clock_event_handler
                0x0000000000006420       0x34 zephyr/drivers/clock_control/libdrivers__clock_control.a(clock_control_nrf.c.obj)
 .text.generic_hfclk_start
                0x0000000000006454       0x64 zephyr/drivers/clock_control/libdrivers__clock_control.a(clock_control_nrf.c.obj)
 .text.api_blocking_start
                0x00000000000064b8       0x3c zephyr/drivers/clock_control/libdrivers__clock_control.a(clock_control_nrf.c.obj)
 .text.z_nrf_clock_control_get_onoff
                0x00000000000064f4       0x10 zephyr/drivers/clock_control/libdrivers__clock_control.a(clock_control_nrf.c.obj)
                0x00000000000064f4                z_nrf_clock_control_get_onoff
 .text.z_nrf_clock_control_lf_on
                0x0000000000006504       0xb4 zephyr/drivers/clock_control/libdrivers__clock_control.a(clock_control_nrf.c.obj)
                0x0000000000006504                z_nrf_clock_control_lf_on
 .text.start_cal_process
                0x00000000000065b8       0x48 zephyr/drivers/clock_control/libdrivers__clock_control.a(nrf_clock_calibration.c.obj)
 .text.start_cycle
                0x0000000000006600       0x38 zephyr/drivers/clock_control/libdrivers__clock_control.a(nrf_clock_calibration.c.obj)
 .text.measure_temperature
                0x0000000000006638       0x88 zephyr/drivers/clock_control/libdrivers__clock_control.a(nrf_clock_calibration.c.obj)
 .text.cal_hf_callback
                0x00000000000066c0       0x2c zephyr/drivers/clock_control/libdrivers__clock_control.a(nrf_clock_calibration.c.obj)
 .text.z_nrf_clock_calibration_init
                0x00000000000066ec       0x1c zephyr/drivers/clock_control/libdrivers__clock_control.a(nrf_clock_calibration.c.obj)
                0x00000000000066ec                z_nrf_clock_calibration_init
 .text.z_nrf_clock_calibration_lfclk_started
                0x0000000000006708       0x10 zephyr/drivers/clock_control/libdrivers__clock_control.a(nrf_clock_calibration.c.obj)
                0x0000000000006708                z_nrf_clock_calibration_lfclk_started
 .text.z_nrf_clock_calibration_lfclk_stopped
                0x0000000000006718        0xc zephyr/drivers/clock_control/libdrivers__clock_control.a(nrf_clock_calibration.c.obj)
                0x0000000000006718                z_nrf_clock_calibration_lfclk_stopped
 .text.z_nrf_clock_calibration_done_handler
                0x0000000000006724       0x10 zephyr/drivers/clock_control/libdrivers__clock_control.a(nrf_clock_calibration.c.obj)
                0x0000000000006724                z_nrf_clock_calibration_done_handler
 .text.rtt_console_init
                0x0000000000006734       0x18 zephyr/drivers/console/libdrivers__console.a(rtt_console.c.obj)
 .text.rtt_console_out
                0x000000000000674c       0x54 zephyr/drivers/console/libdrivers__console.a(rtt_console.c.obj)
 .text.uart_console_init
                0x00000000000067a0       0x28 zephyr/drivers/console/libdrivers__console.a(uart_console.c.obj)
 .text.console_out
                0x00000000000067c8       0x28 zephyr/drivers/console/libdrivers__console.a(uart_console.c.obj)
 .text.gpio_nrfx_pin_interrupt_configure
                0x00000000000067f0       0xe4 zephyr/drivers/gpio/libdrivers__gpio.a(gpio_nrfx.c.obj)
 .text.gpio_nrfx_init
                0x00000000000068d4       0x38 zephyr/drivers/gpio/libdrivers__gpio.a(gpio_nrfx.c.obj)
 .text.nrfx_gpio_handler
                0x000000000000690c       0x4c zephyr/drivers/gpio/libdrivers__gpio.a(gpio_nrfx.c.obj)
 .text.gpio_nrfx_pin_configure
                0x0000000000006958      0x128 zephyr/drivers/gpio/libdrivers__gpio.a(gpio_nrfx.c.obj)
 .text.i2c_nrfx_twi_recover_bus
                0x0000000000006a80       0x24 zephyr/drivers/i2c/libdrivers__i2c.a(i2c_nrfx_twi.c.obj)
 .text.twi_0_init
                0x0000000000006aa4       0x94 zephyr/drivers/i2c/libdrivers__i2c.a(i2c_nrfx_twi.c.obj)
 .text.event_handler
                0x0000000000006b38       0x34 zephyr/drivers/i2c/libdrivers__i2c.a(i2c_nrfx_twi.c.obj)
 .text.i2c_nrfx_twi_configure
                0x0000000000006b6c       0x58 zephyr/drivers/i2c/libdrivers__i2c.a(i2c_nrfx_twi.c.obj)
 .text.i2c_nrfx_twi_transfer
                0x0000000000006bc4      0x158 zephyr/drivers/i2c/libdrivers__i2c.a(i2c_nrfx_twi.c.obj)
 .text.nrf_gpio_pin_port_decode
                0x0000000000006d1c       0x20 zephyr/drivers/pinctrl/libdrivers__pinctrl.a(pinctrl_nrf.c.obj)
 .text.pinctrl_configure_pins
                0x0000000000006d3c      0x118 zephyr/drivers/pinctrl/libdrivers__pinctrl.a(pinctrl_nrf.c.obj)
                0x0000000000006d3c                pinctrl_configure_pins
 .text.sdhc_spi_rx
                0x0000000000006e54       0x2c zephyr/drivers/sdhc/libdrivers__sdhc.a(sdhc_spi.c.obj)
 .text.sdhc_spi_reset
                0x0000000000006e80       0x10 zephyr/drivers/sdhc/libdrivers__sdhc.a(sdhc_spi.c.obj)
 .text.sdhc_spi_get_host_props
                0x0000000000006e90       0x34 zephyr/drivers/sdhc/libdrivers__sdhc.a(sdhc_spi.c.obj)
 .text.sdhc_skip.constprop.0
                0x0000000000006ec4       0x38 zephyr/drivers/sdhc/libdrivers__sdhc.a(sdhc_spi.c.obj)
 .text.sdhc_spi_init
                0x0000000000006efc       0xa0 zephyr/drivers/sdhc/libdrivers__sdhc.a(sdhc_spi.c.obj)
 .text.sdhc_spi_set_io
                0x0000000000006f9c      0x114 zephyr/drivers/sdhc/libdrivers__sdhc.a(sdhc_spi.c.obj)
 .text.sdhc_spi_request
                0x00000000000070b0      0x2a4 zephyr/drivers/sdhc/libdrivers__sdhc.a(sdhc_spi.c.obj)
 .text.ina230_channel_get
                0x0000000000007354       0x50 zephyr/drivers/sensor/ina23x/libdrivers__sensor__ina23x.a(ina230.c.obj)
 .text.ina230_sample_fetch
                0x00000000000073a4       0xa0 zephyr/drivers/sensor/ina23x/libdrivers__sensor__ina23x.a(ina230.c.obj)
 .text.ina230_attr_get
                0x0000000000007444       0x68 zephyr/drivers/sensor/ina23x/libdrivers__sensor__ina23x.a(ina230.c.obj)
 .text.ina230_attr_set
                0x00000000000074ac       0x58 zephyr/drivers/sensor/ina23x/libdrivers__sensor__ina23x.a(ina230.c.obj)
 .text.ina230_init
                0x0000000000007504       0x9c zephyr/drivers/sensor/ina23x/libdrivers__sensor__ina23x.a(ina230.c.obj)
 .text.hfclk_on_callback
                0x00000000000075a0        0xc zephyr/drivers/sensor/nrf5/libdrivers__sensor__nrf5.a(temp_nrf5.c.obj)
 .text.temp_nrf5_channel_get
                0x00000000000075ac       0x2c zephyr/drivers/sensor/nrf5/libdrivers__sensor__nrf5.a(temp_nrf5.c.obj)
 .text.temp_nrf5_isr
                0x00000000000075d8       0x18 zephyr/drivers/sensor/nrf5/libdrivers__sensor__nrf5.a(temp_nrf5.c.obj)
 .text.temp_nrf5_sample_fetch
                0x00000000000075f0       0x78 zephyr/drivers/sensor/nrf5/libdrivers__sensor__nrf5.a(temp_nrf5.c.obj)
 .text.temp_nrf5_init
                0x0000000000007668       0x40 zephyr/drivers/sensor/nrf5/libdrivers__sensor__nrf5.a(temp_nrf5.c.obj)
 .text.uarte_nrfx_configure
                0x00000000000076a8      0x168 zephyr/drivers/serial/libdrivers__serial.a(uart_nrfx_uarte.c.obj)
 .text.uarte_0_init
                0x0000000000007810      0x104 zephyr/drivers/serial/libdrivers__serial.a(uart_nrfx_uarte.c.obj)
 .text.uarte_nrfx_poll_out
                0x0000000000007914       0x98 zephyr/drivers/serial/libdrivers__serial.a(uart_nrfx_uarte.c.obj)
 .text.spi_nrfx_init
                0x00000000000079ac      0x130 zephyr/drivers/spi/libdrivers__spi.a(spi_nrfx_spi.c.obj)
 .text.transfer_next_chunk
                0x0000000000007adc       0x6c zephyr/drivers/spi/libdrivers__spi.a(spi_nrfx_spi.c.obj)
 .text.event_handler
                0x0000000000007b48       0xd4 zephyr/drivers/spi/libdrivers__spi.a(spi_nrfx_spi.c.obj)
 .text.transceive
                0x0000000000007c1c      0x410 zephyr/drivers/spi/libdrivers__spi.a(spi_nrfx_spi.c.obj)
 .text.nrf_gpio_cfg_input
                0x000000000000802c       0x40 zephyr/drivers/spi/libdrivers__spi.a(spi_nrfx_common.c.obj)
 .text.spi_nrfx_wake_init
                0x000000000000806c       0x54 zephyr/drivers/spi/libdrivers__spi.a(spi_nrfx_common.c.obj)
                0x000000000000806c                spi_nrfx_wake_init
 .text.spi_nrfx_init
                0x00000000000080c0      0x130 zephyr/drivers/spi/libdrivers__spi.a(spi_nrfx_spim.c.obj)
 .text.transfer_next_chunk
                0x00000000000081f0       0x98 zephyr/drivers/spi/libdrivers__spi.a(spi_nrfx_spim.c.obj)
 .text.event_handler
                0x0000000000008288       0xd4 zephyr/drivers/spi/libdrivers__spi.a(spi_nrfx_spim.c.obj)
 .text.transceive
                0x000000000000835c      0x444 zephyr/drivers/spi/libdrivers__spi.a(spi_nrfx_spim.c.obj)
 .text.compare_int_lock
                0x00000000000087a0       0x48 zephyr/drivers/timer/libdrivers__timer.a(nrf_rtc_timer.c.obj)
 .text.sys_clock_timeout_handler
                0x00000000000087e8       0x48 zephyr/drivers/timer/libdrivers__timer.a(nrf_rtc_timer.c.obj)
 .text.compare_int_unlock
                0x0000000000008830       0x5c zephyr/drivers/timer/libdrivers__timer.a(nrf_rtc_timer.c.obj)
 .text.z_nrf_rtc_timer_read
                0x000000000000888c       0x44 zephyr/drivers/timer/libdrivers__timer.a(nrf_rtc_timer.c.obj)
                0x000000000000888c                z_nrf_rtc_timer_read
 .text.compare_set
                0x00000000000088d0      0x130 zephyr/drivers/timer/libdrivers__timer.a(nrf_rtc_timer.c.obj)
 .text.sys_clock_driver_init
                0x0000000000008a00       0x90 zephyr/drivers/timer/libdrivers__timer.a(nrf_rtc_timer.c.obj)
 .text.rtc_nrf_isr
                0x0000000000008a90       0xd4 zephyr/drivers/timer/libdrivers__timer.a(nrf_rtc_timer.c.obj)
                0x0000000000008a90                rtc_nrf_isr
 .text.sys_clock_set_timeout
                0x0000000000008b64       0x68 zephyr/drivers/timer/libdrivers__timer.a(nrf_rtc_timer.c.obj)
                0x0000000000008b64                sys_clock_set_timeout
 .text.sys_clock_elapsed
                0x0000000000008bcc       0x14 zephyr/drivers/timer/libdrivers__timer.a(nrf_rtc_timer.c.obj)
                0x0000000000008bcc                sys_clock_elapsed
 .text.sys_clock_disable
                0x0000000000008be0       0x30 zephyr/drivers/timer/libdrivers__timer.a(nrf_rtc_timer.c.obj)
                0x0000000000008be0                sys_clock_disable
 .text.dk_set_leds_state.part.0
                0x0000000000008c10       0x68 modules/nrf/lib/dk_buttons_and_leds/lib..__nrf__lib__dk_buttons_and_leds.a(dk_buttons_and_leds.c.obj)
 .text.dk_leds_init
                0x0000000000008c78       0x78 modules/nrf/lib/dk_buttons_and_leds/lib..__nrf__lib__dk_buttons_and_leds.a(dk_buttons_and_leds.c.obj)
                0x0000000000008c78                dk_leds_init
 .text.dk_set_led
                0x0000000000008cf0       0x68 modules/nrf/lib/dk_buttons_and_leds/lib..__nrf__lib__dk_buttons_and_leds.a(dk_buttons_and_leds.c.obj)
                0x0000000000008cf0                dk_set_led
 .text.k_sys_fatal_error_handler
                0x0000000000008d58       0x2c modules/nrf/lib/fatal_error/lib..__nrf__lib__fatal_error.a(fatal_error.c.obj)
                0x0000000000008d58                k_sys_fatal_error_handler
 .text.get_ldnumber
                0x0000000000008d84       0x8c modules/fatfs/libmodules__fatfs.a(ff.c.obj)
 .text.check_fs
                0x0000000000008e10       0xe4 modules/fatfs/libmodules__fatfs.a(ff.c.obj)
 .text.mount_volume
                0x0000000000008ef4      0x3ac modules/fatfs/libmodules__fatfs.a(ff.c.obj)
 .text.dir_read.constprop.0
                0x00000000000092a0      0x108 modules/fatfs/libmodules__fatfs.a(ff.c.obj)
 .text.dir_find
                0x00000000000093a8      0x1c0 modules/fatfs/libmodules__fatfs.a(ff.c.obj)
 .text.dir_register
                0x0000000000009568      0x3a8 modules/fatfs/libmodules__fatfs.a(ff.c.obj)
 .text.follow_path
                0x0000000000009910      0x2ec modules/fatfs/libmodules__fatfs.a(ff.c.obj)
 .text.f_mount  0x0000000000009bfc       0x50 modules/fatfs/libmodules__fatfs.a(ff.c.obj)
                0x0000000000009bfc                f_mount
 .text.f_mkfs   0x0000000000009c4c      0xccc modules/fatfs/libmodules__fatfs.a(ff.c.obj)
                0x0000000000009c4c                f_mkfs
 .text.disk_status
                0x000000000000a918       0x18 modules/fatfs/libmodules__fatfs.a(zfs_diskio.c.obj)
                0x000000000000a918                disk_status
 .text.disk_initialize
                0x000000000000a930       0x18 modules/fatfs/libmodules__fatfs.a(zfs_diskio.c.obj)
                0x000000000000a930                disk_initialize
 .text.disk_read
                0x000000000000a948       0x18 modules/fatfs/libmodules__fatfs.a(zfs_diskio.c.obj)
                0x000000000000a948                disk_read
 .text.disk_write
                0x000000000000a960       0x18 modules/fatfs/libmodules__fatfs.a(zfs_diskio.c.obj)
                0x000000000000a960                disk_write
 .text.disk_ioctl
                0x000000000000a978       0x5c modules/fatfs/libmodules__fatfs.a(zfs_diskio.c.obj)
                0x000000000000a978                disk_ioctl
 .text.ff_uni2oem
                0x000000000000a9d4       0x3c modules/fatfs/libmodules__fatfs.a(ffunicode.c.obj)
                0x000000000000a9d4                ff_uni2oem
 .text.ff_oem2uni
                0x000000000000aa10       0x28 modules/fatfs/libmodules__fatfs.a(ffunicode.c.obj)
                0x000000000000aa10                ff_oem2uni
 .text.ff_wtoupper
                0x000000000000aa38       0x90 modules/fatfs/libmodules__fatfs.a(ffunicode.c.obj)
                0x000000000000aa38                ff_wtoupper
 .text.nrf52_errata_98
                0x000000000000aac8       0x24 modules/hal_nordic/nrfx/libmodules__hal_nordic__nrfx.a(system_nrf52840.c.obj)
 .text.nvmc_wait
                0x000000000000aaec       0x10 modules/hal_nordic/nrfx/libmodules__hal_nordic__nrfx.a(system_nrf52840.c.obj)
                0x000000000000aaec                nvmc_wait
 .text.SystemInit
                0x000000000000aafc      0x1bc modules/hal_nordic/nrfx/libmodules__hal_nordic__nrfx.a(system_nrf52840.c.obj)
                0x000000000000aafc                SystemInit
 .text.nrfx_flag32_alloc
                0x000000000000acb8       0x48 modules/hal_nordic/nrfx/libmodules__hal_nordic__nrfx.a(nrfx_flag32_allocator.c.obj)
                0x000000000000acb8                nrfx_flag32_alloc
 .text.nrfx_flag32_free
                0x000000000000ad00       0x40 modules/hal_nordic/nrfx/libmodules__hal_nordic__nrfx.a(nrfx_flag32_allocator.c.obj)
                0x000000000000ad00                nrfx_flag32_free
 .text.nrfx_gppi_channels_enable
                0x000000000000ad40        0xc modules/hal_nordic/nrfx/libmodules__hal_nordic__nrfx.a(nrfx_gppi_ppi.c.obj)
                0x000000000000ad40                nrfx_gppi_channels_enable
 .text.clock_stop
                0x000000000000ad4c       0xc4 modules/hal_nordic/nrfx/libmodules__hal_nordic__nrfx.a(nrfx_clock.c.obj)
 .text.nrfx_clock_init
                0x000000000000ae10       0x24 modules/hal_nordic/nrfx/libmodules__hal_nordic__nrfx.a(nrfx_clock.c.obj)
                0x000000000000ae10                nrfx_clock_init
 .text.nrfx_clock_enable
                0x000000000000ae34       0x24 modules/hal_nordic/nrfx/libmodules__hal_nordic__nrfx.a(nrfx_clock.c.obj)
                0x000000000000ae34                nrfx_clock_enable
 .text.nrfx_clock_calibration_start
                0x000000000000ae58       0x5c modules/hal_nordic/nrfx/libmodules__hal_nordic__nrfx.a(nrfx_clock.c.obj)
                0x000000000000ae58                nrfx_clock_calibration_start
 .text.nrfx_clock_irq_handler
                0x000000000000aeb4       0x84 modules/hal_nordic/nrfx/libmodules__hal_nordic__nrfx.a(nrfx_clock.c.obj)
                0x000000000000aeb4                nrfx_clock_irq_handler
 .text.nrf_gpio_pin_port_decode
                0x000000000000af38       0x20 modules/hal_nordic/nrfx/libmodules__hal_nordic__nrfx.a(nrfx_gpiote.c.obj)
 .text.get_pin_idx
                0x000000000000af58       0x14 modules/hal_nordic/nrfx/libmodules__hal_nordic__nrfx.a(nrfx_gpiote.c.obj)
 .text.pin_in_use_by_te
                0x000000000000af6c       0x18 modules/hal_nordic/nrfx/libmodules__hal_nordic__nrfx.a(nrfx_gpiote.c.obj)
 .text.pin_is_output
                0x000000000000af84       0x18 modules/hal_nordic/nrfx/libmodules__hal_nordic__nrfx.a(nrfx_gpiote.c.obj)
 .text.pin_te_get
                0x000000000000af9c       0x18 modules/hal_nordic/nrfx/libmodules__hal_nordic__nrfx.a(nrfx_gpiote.c.obj)
 .text.call_handler
                0x000000000000afb4       0x40 modules/hal_nordic/nrfx/libmodules__hal_nordic__nrfx.a(nrfx_gpiote.c.obj)
 .text.release_handler
                0x000000000000aff4       0x58 modules/hal_nordic/nrfx/libmodules__hal_nordic__nrfx.a(nrfx_gpiote.c.obj)
 .text.__nrfy_internal_gpiote_events_process.constprop.0
                0x000000000000b04c       0x54 modules/hal_nordic/nrfx/libmodules__hal_nordic__nrfx.a(nrfx_gpiote.c.obj)
 .text.nrfx_gpiote_input_configure
                0x000000000000b0a0      0x180 modules/hal_nordic/nrfx/libmodules__hal_nordic__nrfx.a(nrfx_gpiote.c.obj)
                0x000000000000b0a0                nrfx_gpiote_input_configure
 .text.nrfx_gpiote_output_configure
                0x000000000000b220       0xf4 modules/hal_nordic/nrfx/libmodules__hal_nordic__nrfx.a(nrfx_gpiote.c.obj)
                0x000000000000b220                nrfx_gpiote_output_configure
 .text.nrfx_gpiote_global_callback_set
                0x000000000000b314        0xc modules/hal_nordic/nrfx/libmodules__hal_nordic__nrfx.a(nrfx_gpiote.c.obj)
                0x000000000000b314                nrfx_gpiote_global_callback_set
 .text.nrfx_gpiote_channel_get
                0x000000000000b320       0x30 modules/hal_nordic/nrfx/libmodules__hal_nordic__nrfx.a(nrfx_gpiote.c.obj)
                0x000000000000b320                nrfx_gpiote_channel_get
 .text.nrfx_gpiote_init
                0x000000000000b350       0x50 modules/hal_nordic/nrfx/libmodules__hal_nordic__nrfx.a(nrfx_gpiote.c.obj)
                0x000000000000b350                nrfx_gpiote_init
 .text.nrfx_gpiote_is_init
                0x000000000000b3a0       0x14 modules/hal_nordic/nrfx/libmodules__hal_nordic__nrfx.a(nrfx_gpiote.c.obj)
                0x000000000000b3a0                nrfx_gpiote_is_init
 .text.nrfx_gpiote_channel_free
                0x000000000000b3b4        0xc modules/hal_nordic/nrfx/libmodules__hal_nordic__nrfx.a(nrfx_gpiote.c.obj)
                0x000000000000b3b4                nrfx_gpiote_channel_free
 .text.nrfx_gpiote_channel_alloc
                0x000000000000b3c0        0xc modules/hal_nordic/nrfx/libmodules__hal_nordic__nrfx.a(nrfx_gpiote.c.obj)
                0x000000000000b3c0                nrfx_gpiote_channel_alloc
 .text.nrfx_gpiote_trigger_enable
                0x000000000000b3cc       0x9c modules/hal_nordic/nrfx/libmodules__hal_nordic__nrfx.a(nrfx_gpiote.c.obj)
                0x000000000000b3cc                nrfx_gpiote_trigger_enable
 .text.nrfx_gpiote_trigger_disable
                0x000000000000b468       0x4c modules/hal_nordic/nrfx/libmodules__hal_nordic__nrfx.a(nrfx_gpiote.c.obj)
                0x000000000000b468                nrfx_gpiote_trigger_disable
 .text.nrfx_gpiote_pin_uninit
                0x000000000000b4b4       0x80 modules/hal_nordic/nrfx/libmodules__hal_nordic__nrfx.a(nrfx_gpiote.c.obj)
                0x000000000000b4b4                nrfx_gpiote_pin_uninit
 .text.nrfx_gpiote_irq_handler
                0x000000000000b534      0x1a8 modules/hal_nordic/nrfx/libmodules__hal_nordic__nrfx.a(nrfx_gpiote.c.obj)
                0x000000000000b534                nrfx_gpiote_irq_handler
 .text.nrfx_power_init
                0x000000000000b6dc       0x74 modules/hal_nordic/nrfx/libmodules__hal_nordic__nrfx.a(nrfx_power.c.obj)
                0x000000000000b6dc                nrfx_power_init
 .text.nrfx_power_usbevt_uninit
                0x000000000000b750       0x18 modules/hal_nordic/nrfx/libmodules__hal_nordic__nrfx.a(nrfx_power.c.obj)
                0x000000000000b750                nrfx_power_usbevt_uninit
 .text.nrfx_power_usbevt_init
                0x000000000000b768       0x14 modules/hal_nordic/nrfx/libmodules__hal_nordic__nrfx.a(nrfx_power.c.obj)
                0x000000000000b768                nrfx_power_usbevt_init
 .text.nrfx_power_irq_handler
                0x000000000000b77c       0xa0 modules/hal_nordic/nrfx/libmodules__hal_nordic__nrfx.a(nrfx_power.c.obj)
                0x000000000000b77c                nrfx_power_irq_handler
 .text.nrfx_ppi_channel_alloc
                0x000000000000b81c        0xc modules/hal_nordic/nrfx/libmodules__hal_nordic__nrfx.a(nrfx_ppi.c.obj)
                0x000000000000b81c                nrfx_ppi_channel_alloc
 .text.nrf_gpio_pin_port_decode
                0x000000000000b828       0x20 modules/hal_nordic/nrfx/libmodules__hal_nordic__nrfx.a(nrfx_spi.c.obj)
 .text.nrf_gpio_cfg_output
                0x000000000000b848       0x2c modules/hal_nordic/nrfx/libmodules__hal_nordic__nrfx.a(nrfx_spi.c.obj)
 .text.spi_configure
                0x000000000000b874      0x120 modules/hal_nordic/nrfx/libmodules__hal_nordic__nrfx.a(nrfx_spi.c.obj)
 .text.nrf_gpio_cfg_default
                0x000000000000b994       0x2c modules/hal_nordic/nrfx/libmodules__hal_nordic__nrfx.a(nrfx_spi.c.obj)
 .text.nrfx_spi_init
                0x000000000000b9c0       0x68 modules/hal_nordic/nrfx/libmodules__hal_nordic__nrfx.a(nrfx_spi.c.obj)
                0x000000000000b9c0                nrfx_spi_init
 .text.nrfx_spi_uninit
                0x000000000000ba28       0x70 modules/hal_nordic/nrfx/libmodules__hal_nordic__nrfx.a(nrfx_spi.c.obj)
                0x000000000000ba28                nrfx_spi_uninit
 .text.nrfx_spi_xfer
                0x000000000000ba98       0xfc modules/hal_nordic/nrfx/libmodules__hal_nordic__nrfx.a(nrfx_spi.c.obj)
                0x000000000000ba98                nrfx_spi_xfer
 .text.nrfx_spi_1_irq_handler
                0x000000000000bb94       0x40 modules/hal_nordic/nrfx/libmodules__hal_nordic__nrfx.a(nrfx_spi.c.obj)
                0x000000000000bb94                nrfx_spi_1_irq_handler
 .text.nrf_gpio_pin_port_decode
                0x000000000000bbd4       0x20 modules/hal_nordic/nrfx/libmodules__hal_nordic__nrfx.a(nrfx_spim.c.obj)
 .text.spim_frequency_valid_check.constprop.0
                0x000000000000bbf4       0x64 modules/hal_nordic/nrfx/libmodules__hal_nordic__nrfx.a(nrfx_spim.c.obj)
 .text.pin_init
                0x000000000000bc58       0x50 modules/hal_nordic/nrfx/libmodules__hal_nordic__nrfx.a(nrfx_spim.c.obj)
 .text.spim_configure
                0x000000000000bca8      0x254 modules/hal_nordic/nrfx/libmodules__hal_nordic__nrfx.a(nrfx_spim.c.obj)
 .text.spim_pin_uninit
                0x000000000000befc       0x30 modules/hal_nordic/nrfx/libmodules__hal_nordic__nrfx.a(nrfx_spim.c.obj)
 .text.nrfx_spim_init
                0x000000000000bf2c       0x5c modules/hal_nordic/nrfx/libmodules__hal_nordic__nrfx.a(nrfx_spim.c.obj)
                0x000000000000bf2c                nrfx_spim_init
 .text.nrfx_spim_uninit
                0x000000000000bf88       0x9c modules/hal_nordic/nrfx/libmodules__hal_nordic__nrfx.a(nrfx_spim.c.obj)
                0x000000000000bf88                nrfx_spim_uninit
 .text.nrfx_spim_xfer
                0x000000000000c024      0x1d0 modules/hal_nordic/nrfx/libmodules__hal_nordic__nrfx.a(nrfx_spim.c.obj)
                0x000000000000c024                nrfx_spim_xfer
 .text.nrfx_spim_3_irq_handler
                0x000000000000c1f4       0x64 modules/hal_nordic/nrfx/libmodules__hal_nordic__nrfx.a(nrfx_spim.c.obj)
                0x000000000000c1f4                nrfx_spim_3_irq_handler
 .text.nrf_gpio_cfg.constprop.0
                0x000000000000c258       0x48 modules/hal_nordic/nrfx/libmodules__hal_nordic__nrfx.a(nrfx_twi.c.obj)
 .text.twi_configure
                0x000000000000c2a0       0x3c modules/hal_nordic/nrfx/libmodules__hal_nordic__nrfx.a(nrfx_twi.c.obj)
 .text.twi_tx_start_transfer
                0x000000000000c2dc      0x104 modules/hal_nordic/nrfx/libmodules__hal_nordic__nrfx.a(nrfx_twi.c.obj)
 .text.twi_rx_start_transfer
                0x000000000000c3e0       0xe4 modules/hal_nordic/nrfx/libmodules__hal_nordic__nrfx.a(nrfx_twi.c.obj)
 .text.nrfx_twi_init
                0x000000000000c4c4       0x88 modules/hal_nordic/nrfx/libmodules__hal_nordic__nrfx.a(nrfx_twi.c.obj)
                0x000000000000c4c4                nrfx_twi_init
 .text.nrfx_twi_enable
                0x000000000000c54c       0x20 modules/hal_nordic/nrfx/libmodules__hal_nordic__nrfx.a(nrfx_twi.c.obj)
                0x000000000000c54c                nrfx_twi_enable
 .text.nrfx_twi_disable
                0x000000000000c56c       0x38 modules/hal_nordic/nrfx/libmodules__hal_nordic__nrfx.a(nrfx_twi.c.obj)
                0x000000000000c56c                nrfx_twi_disable
 .text.nrfx_twi_xfer
                0x000000000000c5a4       0xdc modules/hal_nordic/nrfx/libmodules__hal_nordic__nrfx.a(nrfx_twi.c.obj)
                0x000000000000c5a4                nrfx_twi_xfer
 .text.nrfx_twi_0_irq_handler
                0x000000000000c680       0xd8 modules/hal_nordic/nrfx/libmodules__hal_nordic__nrfx.a(nrfx_twi.c.obj)
                0x000000000000c680                nrfx_twi_0_irq_handler
 .text.nrf52_errata_187
                0x000000000000c758       0x28 modules/hal_nordic/nrfx/libmodules__hal_nordic__nrfx.a(nrfx_usbd.c.obj)
 .text.ep_state_access
                0x000000000000c780       0x1c modules/hal_nordic/nrfx/libmodules__hal_nordic__nrfx.a(nrfx_usbd.c.obj)
 .text.ev_usbreset_handler
                0x000000000000c79c       0x2c modules/hal_nordic/nrfx/libmodules__hal_nordic__nrfx.a(nrfx_usbd.c.obj)
 .text.ev_usbevent_handler
                0x000000000000c7c8       0x74 modules/hal_nordic/nrfx/libmodules__hal_nordic__nrfx.a(nrfx_usbd.c.obj)
 .text.usbd_errata_187_211_begin
                0x000000000000c83c       0x40 modules/hal_nordic/nrfx/libmodules__hal_nordic__nrfx.a(nrfx_usbd.c.obj)
 .text.usbd_errata_187_211_end
                0x000000000000c87c       0x40 modules/hal_nordic/nrfx/libmodules__hal_nordic__nrfx.a(nrfx_usbd.c.obj)
 .text.nrfx_usbd_feeder_flash
                0x000000000000c8bc       0x38 modules/hal_nordic/nrfx/libmodules__hal_nordic__nrfx.a(nrfx_usbd.c.obj)
                0x000000000000c8bc                nrfx_usbd_feeder_flash
 .text.nrfx_usbd_feeder_flash_zlp
                0x000000000000c8f4       0x40 modules/hal_nordic/nrfx/libmodules__hal_nordic__nrfx.a(nrfx_usbd.c.obj)
                0x000000000000c8f4                nrfx_usbd_feeder_flash_zlp
 .text.ev_sof_handler
                0x000000000000c934       0x44 modules/hal_nordic/nrfx/libmodules__hal_nordic__nrfx.a(nrfx_usbd.c.obj)
 .text.atomic_and.constprop.0.isra.0
                0x000000000000c978       0x20 modules/hal_nordic/nrfx/libmodules__hal_nordic__nrfx.a(nrfx_usbd.c.obj)
 .text.usbd_dma_pending_clear
                0x000000000000c998       0x24 modules/hal_nordic/nrfx/libmodules__hal_nordic__nrfx.a(nrfx_usbd.c.obj)
 .text.nrf_usbd_ep0in_dma_handler
                0x000000000000c9bc       0x2c modules/hal_nordic/nrfx/libmodules__hal_nordic__nrfx.a(nrfx_usbd.c.obj)
 .text.usbd_ep_data_handler
                0x000000000000c9e8       0x8c modules/hal_nordic/nrfx/libmodules__hal_nordic__nrfx.a(nrfx_usbd.c.obj)
 .text.ev_setup_data_handler
                0x000000000000ca74       0x1c modules/hal_nordic/nrfx/libmodules__hal_nordic__nrfx.a(nrfx_usbd.c.obj)
 .text.ev_dma_epout8_handler
                0x000000000000ca90       0x40 modules/hal_nordic/nrfx/libmodules__hal_nordic__nrfx.a(nrfx_usbd.c.obj)
 .text.ev_dma_epin8_handler
                0x000000000000cad0       0x50 modules/hal_nordic/nrfx/libmodules__hal_nordic__nrfx.a(nrfx_usbd.c.obj)
 .text.nrfx_usbd_uninit
                0x000000000000cb20       0x14 modules/hal_nordic/nrfx/libmodules__hal_nordic__nrfx.a(nrfx_usbd.c.obj)
                0x000000000000cb20                nrfx_usbd_uninit
 .text.nrfx_usbd_enable
                0x000000000000cb34      0x158 modules/hal_nordic/nrfx/libmodules__hal_nordic__nrfx.a(nrfx_usbd.c.obj)
                0x000000000000cb34                nrfx_usbd_enable
 .text.nrfx_usbd_start
                0x000000000000cc8c       0x3c modules/hal_nordic/nrfx/libmodules__hal_nordic__nrfx.a(nrfx_usbd.c.obj)
                0x000000000000cc8c                nrfx_usbd_start
 .text.nrfx_usbd_is_enabled
                0x000000000000ccc8       0x14 modules/hal_nordic/nrfx/libmodules__hal_nordic__nrfx.a(nrfx_usbd.c.obj)
                0x000000000000ccc8                nrfx_usbd_is_enabled
 .text.nrfx_usbd_suspend
                0x000000000000ccdc       0x58 modules/hal_nordic/nrfx/libmodules__hal_nordic__nrfx.a(nrfx_usbd.c.obj)
                0x000000000000ccdc                nrfx_usbd_suspend
 .text.nrfx_usbd_init
                0x000000000000cd34       0x84 modules/hal_nordic/nrfx/libmodules__hal_nordic__nrfx.a(nrfx_usbd.c.obj)
                0x000000000000cd34                nrfx_usbd_init
 .text.nrfx_usbd_ep_transfer
                0x000000000000cdb8       0xf4 modules/hal_nordic/nrfx/libmodules__hal_nordic__nrfx.a(nrfx_usbd.c.obj)
                0x000000000000cdb8                nrfx_usbd_ep_transfer
 .text.nrfx_usbd_epout_size_get
                0x000000000000ceac       0x28 modules/hal_nordic/nrfx/libmodules__hal_nordic__nrfx.a(nrfx_usbd.c.obj)
                0x000000000000ceac                nrfx_usbd_epout_size_get
 .text.usbd_dmareq_process
                0x000000000000ced4      0x1c0 modules/hal_nordic/nrfx/libmodules__hal_nordic__nrfx.a(nrfx_usbd.c.obj)
 .text.ev_epdata_handler
                0x000000000000d094       0x44 modules/hal_nordic/nrfx/libmodules__hal_nordic__nrfx.a(nrfx_usbd.c.obj)
 .text.nrf_usbd_epout_dma_handler
                0x000000000000d0d8       0x64 modules/hal_nordic/nrfx/libmodules__hal_nordic__nrfx.a(nrfx_usbd.c.obj)
 .text.nrfx_usbd_ep_stall
                0x000000000000d13c       0x10 modules/hal_nordic/nrfx/libmodules__hal_nordic__nrfx.a(nrfx_usbd.c.obj)
                0x000000000000d13c                nrfx_usbd_ep_stall
 .text.nrfx_usbd_ep_stall_check
                0x000000000000d14c       0x34 modules/hal_nordic/nrfx/libmodules__hal_nordic__nrfx.a(nrfx_usbd.c.obj)
                0x000000000000d14c                nrfx_usbd_ep_stall_check
 .text.nrfx_usbd_ep_dtoggle_clear
                0x000000000000d180       0x18 modules/hal_nordic/nrfx/libmodules__hal_nordic__nrfx.a(nrfx_usbd.c.obj)
                0x000000000000d180                nrfx_usbd_ep_dtoggle_clear
 .text.nrfx_usbd_setup_get
                0x000000000000d198       0x44 modules/hal_nordic/nrfx/libmodules__hal_nordic__nrfx.a(nrfx_usbd.c.obj)
                0x000000000000d198                nrfx_usbd_setup_get
 .text.nrfx_usbd_setup_data_clear
                0x000000000000d1dc       0x10 modules/hal_nordic/nrfx/libmodules__hal_nordic__nrfx.a(nrfx_usbd.c.obj)
                0x000000000000d1dc                nrfx_usbd_setup_data_clear
 .text.ev_dma_epout0_handler
                0x000000000000d1ec       0x50 modules/hal_nordic/nrfx/libmodules__hal_nordic__nrfx.a(nrfx_usbd.c.obj)
 .text.nrfx_usbd_setup_clear
                0x000000000000d23c       0x10 modules/hal_nordic/nrfx/libmodules__hal_nordic__nrfx.a(nrfx_usbd.c.obj)
                0x000000000000d23c                nrfx_usbd_setup_clear
 .text.nrfx_usbd_setup_stall
                0x000000000000d24c       0x10 modules/hal_nordic/nrfx/libmodules__hal_nordic__nrfx.a(nrfx_usbd.c.obj)
                0x000000000000d24c                nrfx_usbd_setup_stall
 .text.nrfx_usbd_last_setup_dir_get
                0x000000000000d25c        0xc modules/hal_nordic/nrfx/libmodules__hal_nordic__nrfx.a(nrfx_usbd.c.obj)
                0x000000000000d25c                nrfx_usbd_last_setup_dir_get
 .text.nrfx_usbd_transfer_out_drop
                0x000000000000d268       0x54 modules/hal_nordic/nrfx/libmodules__hal_nordic__nrfx.a(nrfx_usbd.c.obj)
                0x000000000000d268                nrfx_usbd_transfer_out_drop
 .text.usbd_ep_abort
                0x000000000000d2bc       0xf4 modules/hal_nordic/nrfx/libmodules__hal_nordic__nrfx.a(nrfx_usbd.c.obj)
 .text.ev_setup_handler
                0x000000000000d3b0       0x68 modules/hal_nordic/nrfx/libmodules__hal_nordic__nrfx.a(nrfx_usbd.c.obj)
 .text.nrfx_usbd_irq_handler
                0x000000000000d418       0x7c modules/hal_nordic/nrfx/libmodules__hal_nordic__nrfx.a(nrfx_usbd.c.obj)
                0x000000000000d418                nrfx_usbd_irq_handler
 .text.nrfx_usbd_stop
                0x000000000000d494       0x80 modules/hal_nordic/nrfx/libmodules__hal_nordic__nrfx.a(nrfx_usbd.c.obj)
                0x000000000000d494                nrfx_usbd_stop
 .text.nrfx_usbd_disable
                0x000000000000d514       0x60 modules/hal_nordic/nrfx/libmodules__hal_nordic__nrfx.a(nrfx_usbd.c.obj)
                0x000000000000d514                nrfx_usbd_disable
 .text.nrfx_usbd_ep_disable
                0x000000000000d574       0x58 modules/hal_nordic/nrfx/libmodules__hal_nordic__nrfx.a(nrfx_usbd.c.obj)
                0x000000000000d574                nrfx_usbd_ep_disable
 .text.nrfx_usbd_ep_enable
                0x000000000000d5cc       0xa8 modules/hal_nordic/nrfx/libmodules__hal_nordic__nrfx.a(nrfx_usbd.c.obj)
                0x000000000000d5cc                nrfx_usbd_ep_enable
 .text.nrfx_usbd_ep_stall_clear
                0x000000000000d674       0x20 modules/hal_nordic/nrfx/libmodules__hal_nordic__nrfx.a(nrfx_usbd.c.obj)
                0x000000000000d674                nrfx_usbd_ep_stall_clear
 .text.nrf_gpio_pin_port_decode
                0x000000000000d694       0x20 modules/hal_nordic/nrfx/libmodules__hal_nordic__nrfx.a(nrfx_twi_twim.c.obj)
 .text.nrfx_twi_twim_bus_recover
                0x000000000000d6b4       0xdc modules/hal_nordic/nrfx/libmodules__hal_nordic__nrfx.a(nrfx_twi_twim.c.obj)
                0x000000000000d6b4                nrfx_twi_twim_bus_recover
 .text._DoInit  0x000000000000d790       0x60 modules/segger/libmodules__segger.a(SEGGER_RTT.c.obj)
 .text.SEGGER_RTT_WriteSkipNoLock
                0x000000000000d7f0       0x88 modules/segger/libmodules__segger.a(SEGGER_RTT.c.obj)
                0x000000000000d7f0                SEGGER_RTT_WriteSkipNoLock
 .text.SEGGER_RTT_WriteNoLock
                0x000000000000d878       0x58 modules/segger/libmodules__segger.a(SEGGER_RTT.c.obj)
                0x000000000000d878                SEGGER_RTT_WriteNoLock
 .text.SEGGER_RTT_HasDataUp
                0x000000000000d8d0       0x14 modules/segger/libmodules__segger.a(SEGGER_RTT.c.obj)
                0x000000000000d8d0                SEGGER_RTT_HasDataUp
 .text.zephyr_rtt_mutex_lock
                0x000000000000d8e4       0x14 modules/segger/libmodules__segger.a(SEGGER_RTT_zephyr.c.obj)
                0x000000000000d8e4                zephyr_rtt_mutex_lock
 .text.zephyr_rtt_mutex_unlock
                0x000000000000d8f8        0xc modules/segger/libmodules__segger.a(SEGGER_RTT_zephyr.c.obj)
                0x000000000000d8f8                zephyr_rtt_mutex_unlock
 .text.z_fatal_error
                0x000000000000d904      0x100 zephyr/kernel/libkernel.a(fatal.c.obj)
                0x000000000000d904                z_fatal_error
 .text.z_sys_init_run_level
                0x000000000000da04       0x48 zephyr/kernel/libkernel.a(init.c.obj)
 .text.bg_thread_main
                0x000000000000da4c       0x34 zephyr/kernel/libkernel.a(init.c.obj)
 .text.z_bss_zero
                0x000000000000da80       0x18 zephyr/kernel/libkernel.a(init.c.obj)
                0x000000000000da80                z_bss_zero
 .text.z_init_cpu
                0x000000000000da98       0x84 zephyr/kernel/libkernel.a(init.c.obj)
                0x000000000000da98                z_init_cpu
 .text.z_cstart
                0x000000000000db1c       0xe0 zephyr/kernel/libkernel.a(init.c.obj)
                0x000000000000db1c                z_cstart
 .text.init_mem_slab_module
                0x000000000000dbfc       0x24 zephyr/kernel/libkernel.a(mem_slab.c.obj)
 .text.k_mem_slab_alloc
                0x000000000000dc20       0x5c zephyr/kernel/libkernel.a(mem_slab.c.obj)
                0x000000000000dc20                k_mem_slab_alloc
 .text.z_setup_new_thread
                0x000000000000dc7c       0x7c zephyr/kernel/libkernel.a(thread.c.obj)
                0x000000000000dc7c                z_setup_new_thread
 .text.z_impl_k_thread_create
                0x000000000000dcf8       0x58 zephyr/kernel/libkernel.a(thread.c.obj)
                0x000000000000dcf8                z_impl_k_thread_create
 .text.z_init_static_threads
                0x000000000000dd50       0xb8 zephyr/kernel/libkernel.a(thread.c.obj)
                0x000000000000dd50                z_init_static_threads
 .text.z_impl_k_mutex_lock
                0x000000000000de08       0xf4 zephyr/kernel/libkernel.a(mutex.c.obj)
                0x000000000000de08                z_impl_k_mutex_lock
 .text.z_impl_k_mutex_unlock
                0x000000000000defc       0x78 zephyr/kernel/libkernel.a(mutex.c.obj)
                0x000000000000defc                z_impl_k_mutex_unlock
 .text.z_impl_k_queue_get
                0x000000000000df74       0x68 zephyr/kernel/libkernel.a(queue.c.obj)
                0x000000000000df74                z_impl_k_queue_get
 .text.z_impl_k_sem_give
                0x000000000000dfdc       0x4c zephyr/kernel/libkernel.a(sem.c.obj)
                0x000000000000dfdc                z_impl_k_sem_give
 .text.z_impl_k_sem_take
                0x000000000000e028       0x50 zephyr/kernel/libkernel.a(sem.c.obj)
                0x000000000000e028                z_impl_k_sem_take
 .text.z_impl_k_sem_reset
                0x000000000000e078       0x44 zephyr/kernel/libkernel.a(sem.c.obj)
                0x000000000000e078                z_impl_k_sem_reset
 .text.work_queue_main
                0x000000000000e0bc      0x138 zephyr/kernel/libkernel.a(work.c.obj)
 .text.submit_to_queue_locked
                0x000000000000e1f4       0xb4 zephyr/kernel/libkernel.a(work.c.obj)
 .text.k_work_submit
                0x000000000000e2a8        0xc zephyr/kernel/libkernel.a(work.c.obj)
                0x000000000000e2a8                k_work_submit
 .text.k_work_queue_start
                0x000000000000e2b4       0x70 zephyr/kernel/libkernel.a(work.c.obj)
                0x000000000000e2b4                k_work_queue_start
 .text.k_work_schedule_for_queue
                0x000000000000e324       0x54 zephyr/kernel/libkernel.a(work.c.obj)
                0x000000000000e324                k_work_schedule_for_queue
 .text.sliceable
                0x000000000000e378       0x3c zephyr/kernel/libkernel.a(sched.c.obj)
 .text.slice_timeout
                0x000000000000e3b4       0x20 zephyr/kernel/libkernel.a(sched.c.obj)
 .text.z_reset_time_slice
                0x000000000000e3d4       0x50 zephyr/kernel/libkernel.a(sched.c.obj)
                0x000000000000e3d4                z_reset_time_slice
 .text.update_cache
                0x000000000000e424       0x3c zephyr/kernel/libkernel.a(sched.c.obj)
 .text.move_thread_to_end_of_prio_q
                0x000000000000e460       0x74 zephyr/kernel/libkernel.a(sched.c.obj)
 .text.ready_thread
                0x000000000000e4d4       0x68 zephyr/kernel/libkernel.a(sched.c.obj)
 .text.unready_thread
                0x000000000000e53c       0x30 zephyr/kernel/libkernel.a(sched.c.obj)
 .text.pend_locked
                0x000000000000e56c       0x30 zephyr/kernel/libkernel.a(sched.c.obj)
 .text.z_time_slice
                0x000000000000e59c       0x60 zephyr/kernel/libkernel.a(sched.c.obj)
                0x000000000000e59c                z_time_slice
 .text.z_pend_curr
                0x000000000000e5fc       0x3c zephyr/kernel/libkernel.a(sched.c.obj)
                0x000000000000e5fc                z_pend_curr
 .text.z_set_prio
                0x000000000000e638       0x8c zephyr/kernel/libkernel.a(sched.c.obj)
                0x000000000000e638                z_set_prio
 .text.z_reschedule
                0x000000000000e6c4       0x24 zephyr/kernel/libkernel.a(sched.c.obj)
                0x000000000000e6c4                z_reschedule
 .text.z_sched_start
                0x000000000000e6e8       0x3c zephyr/kernel/libkernel.a(sched.c.obj)
                0x000000000000e6e8                z_sched_start
 .text.z_impl_k_thread_suspend
                0x000000000000e724       0x64 zephyr/kernel/libkernel.a(sched.c.obj)
                0x000000000000e724                z_impl_k_thread_suspend
 .text.k_sched_lock
                0x000000000000e788       0x28 zephyr/kernel/libkernel.a(sched.c.obj)
                0x000000000000e788                k_sched_lock
 .text.k_sched_unlock
                0x000000000000e7b0       0x38 zephyr/kernel/libkernel.a(sched.c.obj)
                0x000000000000e7b0                k_sched_unlock
 .text.z_sched_init
                0x000000000000e7e8       0x10 zephyr/kernel/libkernel.a(sched.c.obj)
                0x000000000000e7e8                z_sched_init
 .text.z_impl_k_yield
                0x000000000000e7f8       0x7c zephyr/kernel/libkernel.a(sched.c.obj)
                0x000000000000e7f8                z_impl_k_yield
 .text.z_tick_sleep
                0x000000000000e874       0x88 zephyr/kernel/libkernel.a(sched.c.obj)
 .text.z_impl_k_sleep
                0x000000000000e8fc       0x34 zephyr/kernel/libkernel.a(sched.c.obj)
                0x000000000000e8fc                z_impl_k_sleep
 .text.z_impl_k_usleep
                0x000000000000e930       0x34 zephyr/kernel/libkernel.a(sched.c.obj)
                0x000000000000e930                z_impl_k_usleep
 .text.z_impl_z_current_get
                0x000000000000e964        0xc zephyr/kernel/libkernel.a(sched.c.obj)
                0x000000000000e964                z_impl_z_current_get
 .text.z_thread_abort
                0x000000000000e970       0xc0 zephyr/kernel/libkernel.a(sched.c.obj)
                0x000000000000e970                z_thread_abort
 .text.z_sched_wait
                0x000000000000ea30       0x24 zephyr/kernel/libkernel.a(sched.c.obj)
                0x000000000000ea30                z_sched_wait
 .text.z_data_copy
                0x000000000000ea54       0x34 zephyr/kernel/libkernel.a(xip.c.obj)
                0x000000000000ea54                z_data_copy
 .text.elapsed  0x000000000000ea88       0x14 zephyr/kernel/libkernel.a(timeout.c.obj)
 .text.next_timeout
                0x000000000000ea9c       0x40 zephyr/kernel/libkernel.a(timeout.c.obj)
 .text.remove_timeout
                0x000000000000eadc       0x38 zephyr/kernel/libkernel.a(timeout.c.obj)
 .text.z_add_timeout
                0x000000000000eb14       0xec zephyr/kernel/libkernel.a(timeout.c.obj)
                0x000000000000eb14                z_add_timeout
 .text.sys_clock_announce
                0x000000000000ec00       0xd4 zephyr/kernel/libkernel.a(timeout.c.obj)
                0x000000000000ec00                sys_clock_announce
 .text.sys_clock_tick_get
                0x000000000000ecd4       0x34 zephyr/kernel/libkernel.a(timeout.c.obj)
                0x000000000000ecd4                sys_clock_tick_get
 .text.z_timer_expiration_handler
                0x000000000000ed08       0xe4 zephyr/kernel/libkernel.a(timer.c.obj)
                0x000000000000ed08                z_timer_expiration_handler
 .text.z_impl_k_timer_start
                0x000000000000edec       0x60 zephyr/kernel/libkernel.a(timer.c.obj)
                0x000000000000edec                z_impl_k_timer_start
 .text.z_impl_k_poll_signal_raise
                0x000000000000ee4c       0x50 zephyr/kernel/libkernel.a(poll.c.obj)
                0x000000000000ee4c                z_impl_k_poll_signal_raise
 .text.z_thread_aligned_alloc
                0x000000000000ee9c       0x40 zephyr/kernel/libkernel.a(mempool.c.obj)
                0x000000000000ee9c                z_thread_aligned_alloc
 .text.boot_banner
                0x000000000000eedc        0xc zephyr/kernel/libkernel.a(banner.c.obj)
                0x000000000000eedc                boot_banner
 .text.statics_init
                0x000000000000eee8       0x24 zephyr/kernel/libkernel.a(kheap.c.obj)
 .text.k_sys_work_q_init
                0x000000000000ef0c       0x34 zephyr/kernel/libkernel.a(system_work_q.c.obj)
 .text.conn_rx_success_callback
                0x000000000000ef40       0x38 lib/spark_sdk_v1.3.0/app/example/pairing_basic_CI/libcortical_implant.a(pairing_basic_node.c.obj)
 .text.iface_swc_hal_init
                0x000000000000ef78       0x9c lib/spark_sdk_v1.3.0/bsp/libiface_core.a(iface_wireless_nrf.c.obj)
                0x000000000000ef78                iface_swc_hal_init
 .text.iface_swc_handlers_init
                0x000000000000f014       0x24 lib/spark_sdk_v1.3.0/bsp/libiface_core.a(iface_wireless_nrf.c.obj)
                0x000000000000f014                iface_swc_handlers_init
 .text.iface_board_init
                0x000000000000f038       0x20 lib/spark_sdk_v1.3.0/bsp/interface/app/pairing_basic/libiface_cortical_implant.a(iface_pairing_basic_nrf.c.obj)
                0x000000000000f038                iface_board_init
 .text.iface_payload_received_status
                0x000000000000f058       0x10 lib/spark_sdk_v1.3.0/bsp/interface/app/pairing_basic/libiface_cortical_implant.a(iface_pairing_basic_nrf.c.obj)
                0x000000000000f058                iface_payload_received_status
 .text.iface_empty_payload_received_status
                0x000000000000f068       0x10 lib/spark_sdk_v1.3.0/bsp/interface/app/pairing_basic/libiface_cortical_implant.a(iface_pairing_basic_nrf.c.obj)
                0x000000000000f068                iface_empty_payload_received_status
 .text.iface_led_all_off
                0x000000000000f078       0x38 lib/spark_sdk_v1.3.0/bsp/interface/app/pairing_basic/libiface_cortical_implant.a(iface_pairing_basic_nrf.c.obj)
                0x000000000000f078                iface_led_all_off
 .text.iface_led_all_toggle
                0x000000000000f0b0       0x48 lib/spark_sdk_v1.3.0/bsp/interface/app/pairing_basic/libiface_cortical_implant.a(iface_pairing_basic_nrf.c.obj)
                0x000000000000f0b0                iface_led_all_toggle
 .text.iface_notify_enter_pairing
                0x000000000000f0f8       0x50 lib/spark_sdk_v1.3.0/bsp/interface/app/pairing_basic/libiface_cortical_implant.a(iface_pairing_basic_nrf.c.obj)
                0x000000000000f0f8                iface_notify_enter_pairing
 .text.iface_notify_pairing_successful
                0x000000000000f148       0x78 lib/spark_sdk_v1.3.0/bsp/interface/app/pairing_basic/libiface_cortical_implant.a(iface_pairing_basic_nrf.c.obj)
                0x000000000000f148                iface_notify_pairing_successful
 .text.wps_phy_process.constprop.0
                0x000000000000f1c0       0x60 lib/spark_sdk_v1.3.0/core/wireless/libwps.a(swc_api.c.obj)
 .text.swc_init
                0x000000000000f220      0x1f0 lib/spark_sdk_v1.3.0/core/wireless/libwps.a(swc_api.c.obj)
                0x000000000000f220                swc_init
 .text.swc_node_init
                0x000000000000f410      0x190 lib/spark_sdk_v1.3.0/core/wireless/libwps.a(swc_api.c.obj)
                0x000000000000f410                swc_node_init
 .text.swc_node_add_radio
                0x000000000000f5a0      0x290 lib/spark_sdk_v1.3.0/core/wireless/libwps.a(swc_api.c.obj)
                0x000000000000f5a0                swc_node_add_radio
 .text.swc_connection_init
                0x000000000000f830      0x664 lib/spark_sdk_v1.3.0/core/wireless/libwps.a(swc_api.c.obj)
                0x000000000000f830                swc_connection_init
 .text.swc_connection_add_channel
                0x000000000000fe94      0x174 lib/spark_sdk_v1.3.0/core/wireless/libwps.a(swc_api.c.obj)
                0x000000000000fe94                swc_connection_add_channel
 .text.swc_connection_set_tx_success_callback
                0x0000000000010008       0x30 lib/spark_sdk_v1.3.0/core/wireless/libwps.a(swc_api.c.obj)
                0x0000000000010008                swc_connection_set_tx_success_callback
 .text.swc_connection_set_rx_success_callback
                0x0000000000010038       0x30 lib/spark_sdk_v1.3.0/core/wireless/libwps.a(swc_api.c.obj)