Archive member included to satisfy reference by file (symbol)

app/libapp.a(main.c.obj)      (--whole-archive)
app/libapp.a(usens_it.c.obj)  (--whole-archive)
app/libapp.a(usens_radio.c.obj)
                              (--whole-archive)
app/libapp.a(usens_timer.c.obj)
                              (--whole-archive)
app/libapp.a(usens_base.c.obj)
                              (--whole-archive)
app/libapp.a(usb_console.c.obj)
                              (--whole-archive)
zephyr/libzephyr.a(crc32c_sw.c.obj)
                              (--whole-archive)
zephyr/libzephyr.a(crc32_sw.c.obj)
                              (--whole-archive)
zephyr/libzephyr.a(crc16_sw.c.obj)
                              (--whole-archive)
zephyr/libzephyr.a(crc8_sw.c.obj)
                              (--whole-archive)
zephyr/libzephyr.a(crc7_sw.c.obj)
                              (--whole-archive)
zephyr/libzephyr.a(cbprintf_packaged.c.obj)
                              (--whole-archive)
zephyr/libzephyr.a(dec.c.obj)
                              (--whole-archive)
zephyr/libzephyr.a(fdtable.c.obj)
                              (--whole-archive)
zephyr/libzephyr.a(hex.c.obj)
                              (--whole-archive)
zephyr/libzephyr.a(printk.c.obj)
                              (--whole-archive)
zephyr/libzephyr.a(rb.c.obj)  (--whole-archive)
zephyr/libzephyr.a(sem.c.obj)
                              (--whole-archive)
zephyr/libzephyr.a(thread_entry.c.obj)
                              (--whole-archive)
zephyr/libzephyr.a(timeutil.c.obj)
                              (--whole-archive)
zephyr/libzephyr.a(heap.c.obj)
                              (--whole-archive)
zephyr/libzephyr.a(heap-validate.c.obj)
                              (--whole-archive)
zephyr/libzephyr.a(bitarray.c.obj)
                              (--whole-archive)
zephyr/libzephyr.a(multi_heap.c.obj)
                              (--whole-archive)
zephyr/libzephyr.a(onoff.c.obj)
                              (--whole-archive)
zephyr/libzephyr.a(notify.c.obj)
                              (--whole-archive)
zephyr/libzephyr.a(cbprintf_complete.c.obj)
                              (--whole-archive)
zephyr/libzephyr.a(ring_buffer.c.obj)
                              (--whole-archive)
zephyr/libzephyr.a(assert.c.obj)
                              (--whole-archive)
zephyr/libzephyr.a(mpsc_pbuf.c.obj)
                              (--whole-archive)
zephyr/libzephyr.a(reboot.c.obj)
                              (--whole-archive)
zephyr/libzephyr.a(configs.c.obj)
                              (--whole-archive)
zephyr/libzephyr.a(soc_nrf_common.S.obj)
                              (--whole-archive)
zephyr/libzephyr.a(validate_base_addresses.c.obj)
                              (--whole-archive)
zephyr/libzephyr.a(validate_enabled_instances.c.obj)
                              (--whole-archive)
zephyr/libzephyr.a(log_core.c.obj)
                              (--whole-archive)
zephyr/libzephyr.a(log_mgmt.c.obj)
                              (--whole-archive)
zephyr/libzephyr.a(log_cache.c.obj)
                              (--whole-archive)
zephyr/libzephyr.a(log_msg.c.obj)
                              (--whole-archive)
zephyr/libzephyr.a(log_output.c.obj)
                              (--whole-archive)
zephyr/libzephyr.a(log_backend_rtt.c.obj)
                              (--whole-archive)
zephyr/libzephyr.a(log_backend_uart.c.obj)
                              (--whole-archive)
zephyr/libzephyr.a(tracing_none.c.obj)
                              (--whole-archive)
zephyr/libzephyr.a(usb_device.c.obj)
                              (--whole-archive)
zephyr/libzephyr.a(usb_descriptor.c.obj)
                              (--whole-archive)
zephyr/libzephyr.a(usb_transfer.c.obj)
                              (--whole-archive)
zephyr/libzephyr.a(cdc_acm.c.obj)
                              (--whole-archive)
zephyr/libzephyr.a(usb_work_q.c.obj)
                              (--whole-archive)
zephyr/libzephyr.a(disk_access.c.obj)
                              (--whole-archive)
zephyr/libzephyr.a(nrf_cc3xx_platform_abort_zephyr.c.obj)
                              (--whole-archive)
zephyr/libzephyr.a(nrf_cc3xx_platform_mutex_zephyr.c.obj)
                              (--whole-archive)
zephyr/arch/common/libarch__common.a(sw_isr_common.c.obj)
                              (--whole-archive)
zephyr/arch/arch/arm/core/aarch32/libarch__arm__core__aarch32.a(cpu_idle.S.obj)
                              (--whole-archive)
zephyr/arch/arch/arm/core/aarch32/libarch__arm__core__aarch32.a(fatal.c.obj)
                              (--whole-archive)
zephyr/arch/arch/arm/core/aarch32/libarch__arm__core__aarch32.a(irq_manage.c.obj)
                              (--whole-archive)
zephyr/arch/arch/arm/core/aarch32/libarch__arm__core__aarch32.a(nmi.c.obj)
                              (--whole-archive)
zephyr/arch/arch/arm/core/aarch32/libarch__arm__core__aarch32.a(nmi_on_reset.S.obj)
[...]
Memory Configuration

Name             Origin             Length             Attributes
FLASH            0x0000000000000000 0x0000000000100000 xr
RAM              0x0000000020000000 0x0000000000040000 xw
IDT_LIST         0x00000000fffff7ff 0x0000000000000800 xw
*default*        0x0000000000000000 0xffffffffffffffff

Linker script and memory map

                0x0000000000012b38                vfprintf = __i_vfprintf
                0x0000000000000000                vfscanf = __i_vfscanf
LOAD zephyr/CMakeFiles/zephyr_pre0.dir/misc/empty_file.c.obj
LOAD zephyr/CMakeFiles/offsets.dir/./arch/arm/core/offsets/offsets.c.obj
LOAD app/libapp.a
LOAD zephyr/libzephyr.a
LOAD zephyr/arch/common/libarch__common.a
LOAD zephyr/arch/arch/arm/core/aarch32/libarch__arm__core__aarch32.a
LOAD zephyr/arch/arch/arm/core/aarch32/cortex_m/libarch__arm__core__aarch32__cortex_m.a
LOAD zephyr/arch/arch/arm/core/aarch32/mpu/libarch__arm__core__aarch32__mpu.a
LOAD zephyr/lib/libc/picolibc/liblib__libc__picolibc.a
LOAD zephyr/lib/libc/common/liblib__libc__common.a
LOAD zephyr/soc/soc/arm/common/cortex_m/libsoc__arm__common__cortex_m.a
LOAD zephyr/soc/soc/arm/nordic_nrf/nrf52/libsoc__arm__nordic_nrf__nrf52.a
LOAD zephyr/subsys/fs/libsubsys__fs.a
LOAD zephyr/subsys/sd/libsubsys__sd.a
LOAD zephyr/drivers/disk/libdrivers__disk.a
LOAD zephyr/drivers/usb/device/libdrivers__usb__device.a
LOAD zephyr/drivers/clock_control/libdrivers__clock_control.a
LOAD zephyr/drivers/console/libdrivers__console.a
LOAD zephyr/drivers/gpio/libdrivers__gpio.a
LOAD zephyr/drivers/hwinfo/libdrivers__hwinfo.a
LOAD zephyr/drivers/i2c/libdrivers__i2c.a
LOAD zephyr/drivers/pinctrl/libdrivers__pinctrl.a
LOAD zephyr/drivers/sdhc/libdrivers__sdhc.a
LOAD zephyr/drivers/sensor/ina23x/libdrivers__sensor__ina23x.a
LOAD zephyr/drivers/sensor/nrf5/libdrivers__sensor__nrf5.a
LOAD zephyr/drivers/serial/libdrivers__serial.a
LOAD zephyr/drivers/spi/libdrivers__spi.a
LOAD zephyr/drivers/timer/libdrivers__timer.a
LOAD modules/nrf/lib/dk_buttons_and_leds/lib..__nrf__lib__dk_buttons_and_leds.a
LOAD modules/nrf/lib/fatal_error/lib..__nrf__lib__fatal_error.a
LOAD modules/nrf/drivers/hw_cc310/lib..__nrf__drivers__hw_cc310.a
LOAD modules/fatfs/libmodules__fatfs.a
LOAD modules/hal_nordic/nrfx/libmodules__hal_nordic__nrfx.a
LOAD modules/segger/libmodules__segger.a
LOAD zephyr/kernel/libkernel.a
LOAD c:/ncs/toolchains/cf2149caf2/opt/zephyr-sdk/arm-zephyr-eabi/bin/../lib/gcc/arm-zephyr-eabi/12.2.0/thumb/v7e-m/nofp\libgcc.a
LOAD lib/spark_sdk_v1.3.0/app/example/pairing_basic_CI/libcortical_implant.a
LOAD lib/spark_sdk_v1.3.0/bsp/libiface_core.a
LOAD lib/spark_sdk_v1.3.0/bsp/interface/app/pairing_basic/libiface_cortical_implant.a
LOAD lib/spark_sdk_v1.3.0/core/wireless/libwps.a
LOAD lib/spark_sdk_v1.3.0/lib/spark/queue/libqueue.a
LOAD app/libapp.a
LOAD lib/spark_sdk_v1.3.0/app/example/pairing_basic_CI/libcortical_implant.a
LOAD lib/spark_sdk_v1.3.0/bsp/libiface_core.a
LOAD lib/spark_sdk_v1.3.0/bsp/interface/app/pairing_basic/libiface_cortical_implant.a
LOAD lib/spark_sdk_v1.3.0/core/wireless/libwps.a
LOAD lib/spark_sdk_v1.3.0/lib/spark/queue/libqueue.a
LOAD lib/spark_sdk_v1.3.0/lib/spark/memory/libmemory.a
LOAD lib/spark_sdk_v1.3.0/lib/spark/buffer/libbuffer.a
LOAD zephyr/arch/common/libisr_tables.a
LOAD C:/ncs/v2.5.0/nrfxlib/crypto/nrf_cc310_platform/lib/cortex-m4/soft-float/no-interrupts/libnrf_cc310_platform_0.9.18.a
LOAD c:\ncs\toolchains\cf2149caf2\opt\zephyr-sdk\arm-zephyr-eabi\bin\../lib/gcc/../../picolibc/arm-zephyr-eabi/lib/thumb/v7e-m/nofp\libc.a
LOAD c:/ncs/toolchains/cf2149caf2/opt/zephyr-sdk/arm-zephyr-eabi/bin/../lib/gcc/arm-zephyr-eabi/12.2.0/thumb/v7e-m/nofp\libgcc.a
                0x0000000000000020                _region_min_align = 0x20

.rel.plt        0x0000000000000000        0x0
 *(SORT_BY_ALIGNMENT(.rel.plt))
                [!provide]                        PROVIDE (__rel_iplt_start = .)
 *(SORT_BY_ALIGNMENT(.rel.iplt))
 .rel.iplt      0x0000000000000000        0x0 app/libapp.a(main.c.obj)
                [!provide]                        PROVIDE (__rel_iplt_end = .)

.rela.plt       0x0000000000000000        0x0
 *(SORT_BY_ALIGNMENT(.rela.plt))
                [!provide]                        PROVIDE (__rela_iplt_start = .)
 *(SORT_BY_ALIGNMENT(.rela.iplt))
                [!provide]                        PROVIDE (__rela_iplt_end = .)

.rel.dyn
 *(SORT_BY_ALIGNMENT(.rel.*))

.rela.dyn
 *(SORT_BY_ALIGNMENT(.rela.*))

/DISCARD/
 *(SORT_BY_ALIGNMENT(.plt))

/DISCARD/
 *(SORT_BY_ALIGNMENT(.iplt))
                0x0000000000000000                __rom_region_start = 0x0

rom_start       0x0000000000000000      0x100
                0x0000000000000000                __rom_start_address = .
                0x0000000000000000                . = (. + (0x0 - (. - __rom_start_address)))
                0x0000000000000000                . = ALIGN (0x4)
                0x0000000000000000                . = ALIGN (0x80)
                0x0000000000000000                . = ALIGN (0x100)
                0x0000000000000000                _vector_start = .
 *(SORT_BY_ALIGNMENT(.exc_vector_table))
 *(SORT_BY_ALIGNMENT(.exc_vector_table.*))
 .exc_vector_table._vector_table_section
                0x0000000000000000       0x40 zephyr/arch/arch/arm/core/aarch32/cortex_m/libarch__arm__core__aarch32__cortex_m.a(vector_table.S.obj)
                0x0000000000000000                _vector_table
 *(SORT_BY_ALIGNMENT(.vectors))
                0x0000000000000100                _vector_end = .
                0x0000000000000040                . = ALIGN (0x4)
 *(SORT_BY_ALIGNMENT(.gnu.linkonce.irq_vector_table*))
 .gnu.linkonce.irq_vector_table
                0x0000000000000040       0xc0 zephyr/arch/common/libisr_tables.a(isr_tables.c.obj)
                0x0000000000000040                _irq_vector_table
                0x0000000000000100                _vector_end = .

text            0x0000000000000100    0x1bc8c
                0x0000000000000100                __text_region_start = .
 *(SORT_BY_ALIGNMENT(.text))
 .text          0x0000000000000100       0x30 c:/ncs/toolchains/cf2149caf2/opt/zephyr-sdk/arm-zephyr-eabi/bin/../lib/gcc/arm-zephyr-eabi/12.2.0/thumb/v7e-m/nofp\libgcc.a(_aeabi_uldivmod.o)
                0x0000000000000100                __aeabi_uldivmod
 .text          0x0000000000000130        0x4 c:/ncs/toolchains/cf2149caf2/opt/zephyr-sdk/arm-zephyr-eabi/bin/../lib/gcc/arm-zephyr-eabi/12.2.0/thumb/v7e-m/nofp\libgcc.a(_dvmd_tls.o)
                0x0000000000000130                __aeabi_idiv0
                0x0000000000000130                __aeabi_ldiv0
 .text          0x0000000000000134      0x2a0 c:/ncs/toolchains/cf2149caf2/opt/zephyr-sdk/arm-zephyr-eabi/bin/../lib/gcc/arm-zephyr-eabi/12.2.0/thumb/v7e-m/nofp\libgcc.a(_udivmoddi4.o)
                0x0000000000000134                __udivmoddi4
 .text          0x00000000000003d4       0x10 c:\ncs\toolchains\cf2149caf2\opt\zephyr-sdk\arm-zephyr-eabi\bin\../lib/gcc/../../picolibc/arm-zephyr-eabi/lib/thumb/v7e-m/nofp\libc.a(strcpy.S.o)
                0x00000000000003d4                strcpy
 .text          0x00000000000003e4       0x10 c:\ncs\toolchains\cf2149caf2\opt\zephyr-sdk\arm-zephyr-eabi\bin\../lib/gcc/../../picolibc/arm-zephyr-eabi/lib/thumb/v7e-m/nofp\libc.a(strlen.S.o)
                0x00000000000003e4                strlen
 *(SORT_BY_ALIGNMENT(.text.*))
 *fill*         0x00000000000003f4        0x4 
 .text.cortical_implant_routine
                0x00000000000003f8      0x324 lib/spark_sdk_v1.3.0/app/example/pairing_basic_CI/libcortical_implant.a(pairing_basic_coord.c.obj)
                0x00000000000003f8                cortical_implant_routine
 .text.main     0x000000000000071c       0xbc app/libapp.a(main.c.obj)
                0x000000000000071c                main
 .text.Radio_IRQ_IRQHandler
                0x00000000000007d8       0x1c app/libapp.a(usens_it.c.obj)
                0x00000000000007d8                Radio_IRQ_IRQHandler
 .text.Radio_DMA_IRQHandler
                0x00000000000007f4       0x1c app/libapp.a(usens_it.c.obj)
                0x00000000000007f4                Radio_DMA_IRQHandler
 .text.fake_PendSV_Handler
                0x0000000000000810        0xc app/libapp.a(usens_it.c.obj)
 .text.__NVIC_ClearPendingIRQ
                0x000000000000081c       0x1c app/libapp.a(usens_it.c.obj)
 .text.usens_it_init
                0x0000000000000838       0xfc app/libapp.a(usens_it.c.obj)
                0x0000000000000838                usens_it_init
 .text.usens_set_radio_irq_callback
                0x0000000000000934        0xc app/libapp.a(usens_it.c.obj)
                0x0000000000000934                usens_set_radio_irq_callback
 .text.usens_set_radio_dma_rx_callback
                0x0000000000000940        0xc app/libapp.a(usens_it.c.obj)
                0x0000000000000940                usens_set_radio_dma_rx_callback
 .text.usens_set_pendsv_callback
                0x000000000000094c        0xc app/libapp.a(usens_it.c.obj)
                0x000000000000094c                usens_set_pendsv_callback
 .text.usens_trigger_radio_irq_callback
                0x0000000000000958       0x1c app/libapp.a(usens_it.c.obj)
                0x0000000000000958                usens_trigger_radio_irq_callback
 .text.Radio_DMA_IRQ_trigger
                0x0000000000000974       0x10 app/libapp.a(usens_radio.c.obj)
                0x0000000000000974                Radio_DMA_IRQ_trigger
 .text.spi_transceive.constprop.0
                0x0000000000000984       0x1c app/libapp.a(usens_radio.c.obj)
 .text.radio_peripherals_init
                0x00000000000009a0       0x4c app/libapp.a(usens_radio.c.obj)
                0x00000000000009a0                radio_peripherals_init
 .text.radio_read_irq_pin
                0x00000000000009ec       0x28 app/libapp.a(usens_radio.c.obj)
                0x00000000000009ec                radio_read_irq_pin
 .text.radio_enable_irq_it
                0x0000000000000a14       0x1c app/libapp.a(usens_radio.c.obj)
                0x0000000000000a14                radio_enable_irq_it
 .text.radio_disable_irq_it
                0x0000000000000a30       0x1c app/libapp.a(usens_radio.c.obj)
                0x0000000000000a30                radio_disable_irq_it
 .text.radio_enable_dma_irq_it
                0x0000000000000a4c       0x20 app/libapp.a(usens_radio.c.obj)
                0x0000000000000a4c                radio_enable_dma_irq_it
 .text.radio_disable_dma_irq_it
                0x0000000000000a6c       0x20 app/libapp.a(usens_radio.c.obj)
                0x0000000000000a6c                radio_disable_dma_irq_it
 .text.radio_set_shutdown_pin
                0x0000000000000a8c        0xc app/libapp.a(usens_radio.c.obj)
                0x0000000000000a8c                radio_set_shutdown_pin
 .text.radio_reset_shutdown_pin
                0x0000000000000a98        0xc app/libapp.a(usens_radio.c.obj)
                0x0000000000000a98                radio_reset_shutdown_pin
 .text.radio_set_reset_pin
                0x0000000000000aa4        0xc app/libapp.a(usens_radio.c.obj)
                0x0000000000000aa4                radio_set_reset_pin
 .text.radio_spi_set_cs
                0x0000000000000ab0        0xc app/libapp.a(usens_radio.c.obj)
                0x0000000000000ab0                radio_spi_set_cs
 .text.radio_spi_reset_cs
                0x0000000000000abc        0xc app/libapp.a(usens_radio.c.obj)
                0x0000000000000abc                radio_spi_reset_cs
 .text.radio_spi_transfer_full_duplex_blocking
                0x0000000000000ac8       0x5c app/libapp.a(usens_radio.c.obj)
                0x0000000000000ac8                radio_spi_transfer_full_duplex_blocking
 .text.radio_spi_transfer_full_duplex_non_blocking
                0x0000000000000b24       0x64 app/libapp.a(usens_radio.c.obj)
                0x0000000000000b24                radio_spi_transfer_full_duplex_non_blocking
 .text.radio_is_spi_busy
                0x0000000000000b88       0x14 app/libapp.a(usens_radio.c.obj)
                0x0000000000000b88                radio_is_spi_busy
 .text.radio_context_switch
                0x0000000000000b9c       0x1c app/libapp.a(usens_radio.c.obj)
                0x0000000000000b9c                radio_context_switch
 .text.radio_callback_context_switch
                0x0000000000000bb8       0x10 app/libapp.a(usens_radio.c.obj)
                0x0000000000000bb8                radio_callback_context_switch
 .text.free_running_timer_ms_tick_callback
                0x0000000000000bc8       0x18 app/libapp.a(usens_timer.c.obj)
                0x0000000000000bc8                free_running_timer_ms_tick_callback
 .text.timer_free_running_ms_init
                0x0000000000000be0       0x28 app/libapp.a(usens_timer.c.obj)
                0x0000000000000be0                timer_free_running_ms_init
 .text.timer_free_running_ms_get_tick_count
                0x0000000000000c08        0xc app/libapp.a(usens_timer.c.obj)
                0x0000000000000c08                timer_free_running_ms_get_tick_count
 .text.enable_usb_console
                0x0000000000000c14       0x3c app/libapp.a(usb_console.c.obj)
                0x0000000000000c14                enable_usb_console
 .text.cbvprintf_package
                0x0000000000000c50      0x3a4 zephyr/libzephyr.a(cbprintf_packaged.c.obj)
                0x0000000000000c50                cbvprintf_package
 .text.cbprintf_package_convert
                0x0000000000000ff4      0x3b0 zephyr/libzephyr.a(cbprintf_packaged.c.obj)
                0x0000000000000ff4                cbprintf_package_convert
 .text.__printk_hook_install
                0x00000000000013a4        0xc zephyr/libzephyr.a(printk.c.obj)
                0x00000000000013a4                __printk_hook_install
 .text.z_thread_entry
                0x00000000000013b0       0x34 zephyr/libzephyr.a(thread_entry.c.obj)
                0x00000000000013b0                z_thread_entry
 .text.process_event
                0x00000000000013e4      0x21c zephyr/libzephyr.a(onoff.c.obj)
 .text.sys_reboot
                0x0000000000001600       0x30 zephyr/libzephyr.a(reboot.c.obj)
                0x0000000000001600                sys_reboot
 .text.z_arm_platform_init
                0x0000000000001630        0x4 zephyr/libzephyr.a(soc_nrf_common.S.obj)
                0x0000000000001630                z_arm_platform_init
 .text.activate_foreach_backend
                0x0000000000001634       0x64 zephyr/libzephyr.a(log_core.c.obj)
 .text.enable_logger
                0x0000000000001698       0x5c zephyr/libzephyr.a(log_core.c.obj)
 .text.log_process_thread_timer_expiry_fn
                0x00000000000016f4        0xc zephyr/libzephyr.a(log_core.c.obj)
 .text.z_log_init
                0x0000000000001700       0x90 zephyr/libzephyr.a(log_core.c.obj)
 .text.log_format_func_t_get
                0x0000000000001790        0xc zephyr/libzephyr.a(log_core.c.obj)
                0x0000000000001790                log_format_func_t_get
 .text.log_set_timestamp_func
                0x000000000000179c       0x20 zephyr/libzephyr.a(log_core.c.obj)
                0x000000000000179c                log_set_timestamp_func
 .text.z_log_notify_backend_enabled
                0x00000000000017bc       0x1c zephyr/libzephyr.a(log_core.c.obj)
                0x00000000000017bc                z_log_notify_backend_enabled
 .text.z_log_dropped
                0x00000000000017d8       0x30 zephyr/libzephyr.a(log_core.c.obj)
                0x00000000000017d8                z_log_dropped
 .text.z_log_dropped_read_and_clear
                0x0000000000001808       0x20 zephyr/libzephyr.a(log_core.c.obj)
                0x0000000000001808                z_log_dropped_read_and_clear
 .text.dropped_notify
                0x0000000000001828       0x30 zephyr/libzephyr.a(log_core.c.obj)
                0x0000000000001828                dropped_notify
 .text.z_log_msg_init
                0x0000000000001858       0x20 zephyr/libzephyr.a(log_core.c.obj)
                0x0000000000001858                z_log_msg_init
 .text.log_core_init
                0x0000000000001878       0x34 zephyr/libzephyr.a(log_core.c.obj)
                0x0000000000001878                log_core_init
 .text.z_log_msg_alloc
                0x00000000000018ac       0x10 zephyr/libzephyr.a(log_core.c.obj)
                0x00000000000018ac                z_log_msg_alloc
 .text.z_log_msg_local_claim
                0x00000000000018bc        0xc zephyr/libzephyr.a(log_core.c.obj)
                0x00000000000018bc                z_log_msg_local_claim
 .text.z_log_msg_free
                0x00000000000018c8       0x10 zephyr/libzephyr.a(log_core.c.obj)
                0x00000000000018c8                z_log_msg_free
 .text.z_log_msg_pending
                0x00000000000018d8        0xc zephyr/libzephyr.a(log_core.c.obj)
                0x00000000000018d8                z_log_msg_pending
 .text.z_impl_log_process
                0x00000000000018e4       0xbc zephyr/libzephyr.a(log_core.c.obj)
                0x00000000000018e4                z_impl_log_process
 .text.z_impl_log_panic
                0x00000000000019a0       0x44 zephyr/libzephyr.a(log_core.c.obj)
                0x00000000000019a0                z_impl_log_panic
 .text.log_process_thread_func
                0x00000000000019e4       0xa4 zephyr/libzephyr.a(log_core.c.obj)
 .text.z_log_msg_post_finalize
                0x0000000000001a88       0x78 zephyr/libzephyr.a(log_core.c.obj)
 .text.z_log_msg_commit
                0x0000000000001b00       0x24 zephyr/libzephyr.a(log_core.c.obj)
                0x0000000000001b00                z_log_msg_commit
 .text.log_source_name_get
                0x0000000000001b24       0x1c zephyr/libzephyr.a(log_mgmt.c.obj)
                0x0000000000001b24                log_source_name_get
 .text.log_backend_enable
                0x0000000000001b40       0x28 zephyr/libzephyr.a(log_mgmt.c.obj)
                0x0000000000001b40                log_backend_enable
 .text.z_impl_z_log_msg_static_create
                0x0000000000001b68      0x108 zephyr/libzephyr.a(log_msg.c.obj)
                0x0000000000001b68                z_impl_z_log_msg_static_create
 .text.z_impl_z_log_msg_runtime_vcreate
                0x0000000000001c70       0x8c zephyr/libzephyr.a(log_msg.c.obj)
                0x0000000000001c70                z_impl_z_log_msg_runtime_vcreate
 .text.print_formatted
                0x0000000000001cfc       0x24 zephyr/libzephyr.a(log_output.c.obj)
 .text.newline_print
                0x0000000000001d20       0x1c zephyr/libzephyr.a(log_output.c.obj)
 .text.log_output_process
                0x0000000000001d3c      0x2a4 zephyr/libzephyr.a(log_output.c.obj)
                0x0000000000001d3c                log_output_process
 .text.log_output_msg_process
                0x0000000000001fe0       0x70 zephyr/libzephyr.a(log_output.c.obj)
                0x0000000000001fe0                log_output_msg_process
 .text.log_output_dropped_process
                0x0000000000002050       0x58 zephyr/libzephyr.a(log_output.c.obj)
                0x0000000000002050                log_output_dropped_process
 .text.log_output_timestamp_freq_set
                0x00000000000020a8       0x2c zephyr/libzephyr.a(log_output.c.obj)
                0x00000000000020a8                log_output_timestamp_freq_set
 .text.log_backend_rtt_init
                0x00000000000020d4        0xc zephyr/libzephyr.a(log_backend_rtt.c.obj)
 .text.format_set
                0x00000000000020e0        0xc zephyr/libzephyr.a(log_backend_rtt.c.obj)
 .text.panic    0x00000000000020ec       0x14 zephyr/libzephyr.a(log_backend_rtt.c.obj)
 .text.dropped  0x0000000000002100        0xc zephyr/libzephyr.a(log_backend_rtt.c.obj)
 .text.process  0x000000000000210c       0x24 zephyr/libzephyr.a(log_backend_rtt.c.obj)
 .text.on_failed_write
                0x0000000000002130       0x28 zephyr/libzephyr.a(log_backend_rtt.c.obj)
 .text.data_out_block_mode
                0x0000000000002158       0x84 zephyr/libzephyr.a(log_backend_rtt.c.obj)
 .text.format_set
                0x00000000000021dc        0xc zephyr/libzephyr.a(log_backend_uart.c.obj)
 .text.panic    0x00000000000021e8       0x14 zephyr/libzephyr.a(log_backend_uart.c.obj)
 .text.dropped  0x00000000000021fc        0xc zephyr/libzephyr.a(log_backend_uart.c.obj)
 .text.process  0x0000000000002208       0x24 zephyr/libzephyr.a(log_backend_uart.c.obj)
 .text.char_out
                0x000000000000222c       0x24 zephyr/libzephyr.a(log_backend_uart.c.obj)
 .text.class_handler
                0x0000000000002250       0x40 zephyr/libzephyr.a(usb_device.c.obj)
 .text.custom_handler
                0x0000000000002290       0x60 zephyr/libzephyr.a(usb_device.c.obj)
 .text.vendor_handler
                0x00000000000022f0       0x3c zephyr/libzephyr.a(usb_device.c.obj)
 .text.usb_reset_alt_setting
                0x000000000000232c       0x10 zephyr/libzephyr.a(usb_device.c.obj)
 .text.is_ep_valid.part.0
                0x000000000000233c       0x38 zephyr/libzephyr.a(usb_device.c.obj)
 .text.usb_handle_request.constprop.0
                0x0000000000002374       0x2c zephyr/libzephyr.a(usb_device.c.obj)
 .text.usb_device_init.part.0
                0x00000000000023a0       0x28 zephyr/libzephyr.a(usb_device.c.obj)
 .text.get_ep_bm_from_addr.part.0
                0x00000000000023c8       0x2c zephyr/libzephyr.a(usb_device.c.obj)
 .text.disable_endpoint
                0x00000000000023f4       0x80 zephyr/libzephyr.a(usb_device.c.obj)
 .text.forward_status_cb
                0x0000000000002474       0xb0 zephyr/libzephyr.a(usb_device.c.obj)
 .text.usb_halt_endpoint_req.isra.0
                0x0000000000002524       0x50 zephyr/libzephyr.a(usb_device.c.obj)
 .text.set_endpoint
                0x0000000000002574      0x104 zephyr/libzephyr.a(usb_device.c.obj)
 .text.usb_handle_standard_request
                0x0000000000002678      0x2ec zephyr/libzephyr.a(usb_device.c.obj)
 .text.usb_write
                0x0000000000002964       0x64 zephyr/libzephyr.a(usb_device.c.obj)
                0x0000000000002964                usb_write
 .text.usb_data_to_host
                0x00000000000029c8       0x60 zephyr/libzephyr.a(usb_device.c.obj)
 .text.usb_handle_control_transfer
                0x0000000000002a28      0x100 zephyr/libzephyr.a(usb_device.c.obj)
 .text.usb_set_config
                0x0000000000002b28       0x2c zephyr/libzephyr.a(usb_device.c.obj)
                0x0000000000002b28                usb_set_config
 .text.usb_device_init
                0x0000000000002b54       0x2c zephyr/libzephyr.a(usb_device.c.obj)
 .text.usb_enable
                0x0000000000002b80      0x154 zephyr/libzephyr.a(usb_device.c.obj)
                0x0000000000002b80                usb_enable
 .text.usb_update_sn_string_descriptor
                0x0000000000002cd4       0x88 zephyr/libzephyr.a(usb_descriptor.c.obj)
                0x0000000000002cd4                usb_update_sn_string_descriptor
 .text.usb_get_device_descriptor
                0x0000000000002d5c      0x270 zephyr/libzephyr.a(usb_descriptor.c.obj)
                0x0000000000002d5c                usb_get_device_descriptor
 .text.usb_ep_get_transfer
                0x0000000000002fcc       0x2c zephyr/libzephyr.a(usb_transfer.c.obj)
 .text.usb_transfer_work
                0x0000000000002ff8      0x158 zephyr/libzephyr.a(usb_transfer.c.obj)
 .text.usb_transfer_ep_callback
                0x0000000000003150       0x78 zephyr/libzephyr.a(usb_transfer.c.obj)
                0x0000000000003150                usb_transfer_ep_callback
 .text.usb_transfer
                0x00000000000031c8      0x148 zephyr/libzephyr.a(usb_transfer.c.obj)
                0x00000000000031c8                usb_transfer
 .text.usb_cancel_transfer
                0x0000000000003310       0x3c zephyr/libzephyr.a(usb_transfer.c.obj)
                0x0000000000003310                usb_cancel_transfer
 .text.usb_cancel_transfers
                0x000000000000334c       0x48 zephyr/libzephyr.a(usb_transfer.c.obj)
                0x000000000000334c                usb_cancel_transfers
 .text.usb_transfer_init
                0x0000000000003394       0x34 zephyr/libzephyr.a(usb_transfer.c.obj)
                0x0000000000003394                usb_transfer_init
 .text.cdc_acm_int_in
                0x00000000000033c8       0x18 zephyr/libzephyr.a(cdc_acm.c.obj)
 .text.cdc_acm_irq_rx_enable
                0x00000000000033e0       0x20 zephyr/libzephyr.a(cdc_acm.c.obj)
 .text.cdc_acm_irq_tx_enable
                0x0000000000003400       0x20 zephyr/libzephyr.a(cdc_acm.c.obj)
 .text.cdc_acm_fifo_fill
                0x0000000000003420       0x38 zephyr/libzephyr.a(cdc_acm.c.obj)
 .text.cdc_acm_poll_out
                0x0000000000003458       0x64 zephyr/libzephyr.a(cdc_acm.c.obj)
 .text.tx_work_handler
                0x00000000000034bc       0x5c zephyr/libzephyr.a(cdc_acm.c.obj)
 .text.cdc_acm_class_handle_req
                0x0000000000003518       0x64 zephyr/libzephyr.a(cdc_acm.c.obj)
                0x0000000000003518                cdc_acm_class_handle_req
 .text.cdc_acm_reset_port
                0x000000000000357c       0x3c zephyr/libzephyr.a(cdc_acm.c.obj)
 .text.cdc_acm_write_cb
                0x00000000000035b8       0x44 zephyr/libzephyr.a(cdc_acm.c.obj)
 .text.cdc_acm_init
                0x00000000000035fc       0x48 zephyr/libzephyr.a(cdc_acm.c.obj)
 .text.cdc_acm_send_notification.isra.0
                0x0000000000003644       0x44 zephyr/libzephyr.a(cdc_acm.c.obj)
 .text.cdc_acm_read_cb
                0x0000000000003688       0x6c zephyr/libzephyr.a(cdc_acm.c.obj)
 .text.cdc_acm_dev_status_cb
                0x00000000000036f4       0x88 zephyr/libzephyr.a(cdc_acm.c.obj)
 .text.z_usb_work_q_init
                0x000000000000377c       0x34 zephyr/libzephyr.a(usb_work_q.c.obj)
 .text.disk_access_get_di
                0x00000000000037b0       0x64 zephyr/libzephyr.a(disk_access.c.obj)
                0x00000000000037b0                disk_access_get_di
 .text.disk_access_register
                0x0000000000003814       0x70 zephyr/libzephyr.a(disk_access.c.obj)
                0x0000000000003814                disk_access_register
 .text.nrf_cc3xx_platform_abort_init
                0x0000000000003884        0xc zephyr/libzephyr.a(nrf_cc3xx_platform_abort_zephyr.c.obj)
                0x0000000000003884                nrf_cc3xx_platform_abort_init
 .text.mutex_free_platform
                0x0000000000003890       0x54 zephyr/libzephyr.a(nrf_cc3xx_platform_mutex_zephyr.c.obj)
 .text.mutex_lock_platform
                0x00000000000038e4       0x60 zephyr/libzephyr.a(nrf_cc3xx_platform_mutex_zephyr.c.obj)
 .text.mutex_unlock_platform
                0x0000000000003944       0x58 zephyr/libzephyr.a(nrf_cc3xx_platform_mutex_zephyr.c.obj)
 .text.mutex_init_platform
                0x000000000000399c       0x94 zephyr/libzephyr.a(nrf_cc3xx_platform_mutex_zephyr.c.obj)
 .text.nrf_cc3xx_platform_mutex_init
                0x0000000000003a30       0x2c zephyr/libzephyr.a(nrf_cc3xx_platform_mutex_zephyr.c.obj)
                0x0000000000003a30                nrf_cc3xx_platform_mutex_init
 .text.z_isr_install
                0x0000000000003a5c       0x14 zephyr/arch/common/libarch__common.a(sw_isr_common.c.obj)
                0x0000000000003a5c                z_isr_install
 .text.z_arm_cpu_idle_init
                0x0000000000003a70        0xc zephyr/arch/arch/arm/core/aarch32/libarch__arm__core__aarch32.a(cpu_idle.S.obj)
                0x0000000000003a70                z_arm_cpu_idle_init
 .text.arch_cpu_idle
                0x0000000000003a7c       0x1c zephyr/arch/arch/arm/core/aarch32/libarch__arm__core__aarch32.a(cpu_idle.S.obj)
                0x0000000000003a7c                arch_cpu_idle
 .text.arch_cpu_atomic_idle
                0x0000000000003a98       0x18 zephyr/arch/arch/arm/core/aarch32/libarch__arm__core__aarch32.a(cpu_idle.S.obj)
                0x0000000000003a98                arch_cpu_atomic_idle
 .text.z_arm_fatal_error
                0x0000000000003ab0       0xcc zephyr/arch/arch/arm/core/aarch32/libarch__arm__core__aarch32.a(fatal.c.obj)
                0x0000000000003ab0                z_arm_fatal_error
 .text.__NVIC_SetPriority
                0x0000000000003b7c       0x28 zephyr/arch/arch/arm/core/aarch32/libarch__arm__core__aarch32.a(irq_manage.c.obj)
 .text.arch_irq_enable
                0x0000000000003ba4       0x1c zephyr/arch/arch/arm/core/aarch32/libarch__arm__core__aarch32.a(irq_manage.c.obj)
                0x0000000000003ba4                arch_irq_enable
 .text.arch_irq_disable
                0x0000000000003bc0       0x28 zephyr/arch/arch/arm/core/aarch32/libarch__arm__core__aarch32.a(irq_manage.c.obj)
                0x0000000000003bc0                arch_irq_disable
 .text.arch_irq_is_enabled
                0x0000000000003be8       0x1c zephyr/arch/arch/arm/core/aarch32/libarch__arm__core__aarch32.a(irq_manage.c.obj)
                0x0000000000003be8                arch_irq_is_enabled
 .text.z_SysNmiOnReset
                0x0000000000003c04        0x8 zephyr/arch/arch/arm/core/aarch32/libarch__arm__core__aarch32.a(nmi_on_reset.S.obj)
                0x0000000000003c04                z_SysNmiOnReset
 .text.z_arm_prep_c
                0x0000000000003c0c       0x38 zephyr/arch/arch/arm/core/aarch32/libarch__arm__core__aarch32.a(prep_c.c.obj)
                0x0000000000003c0c                z_arm_prep_c
 .text.arch_swap
                0x0000000000003c44       0x34 zephyr/arch/arch/arm/core/aarch32/libarch__arm__core__aarch32.a(swap.c.obj)
                0x0000000000003c44                arch_swap
 .text.z_arm_pendsv
                0x0000000000003c78       0x58 zephyr/arch/arch/arm/core/aarch32/libarch__arm__core__aarch32.a(swap_helper.S.obj)
                0x0000000000003c78                z_arm_pendsv
 .text.z_arm_svc
                0x0000000000003cd0       0x20 zephyr/arch/arch/arm/core/aarch32/libarch__arm__core__aarch32.a(swap_helper.S.obj)
                0x0000000000003cd0                z_arm_svc
 .text.arch_new_thread
                0x0000000000003cf0       0x38 zephyr/arch/arch/arm/core/aarch32/libarch__arm__core__aarch32.a(thread.c.obj)
                0x0000000000003cf0                arch_new_thread
 .text.arch_switch_to_main_thread
                0x0000000000003d28       0x2c zephyr/arch/arch/arm/core/aarch32/libarch__arm__core__aarch32.a(thread.c.obj)
                0x0000000000003d28                arch_switch_to_main_thread
 .text._isr_wrapper
                0x0000000000003d54       0x28 zephyr/arch/arch/arm/core/aarch32/libarch__arm__core__aarch32.a(isr_wrapper.S.obj)
                0x0000000000003d54                _isr_wrapper
 .text.arch_tls_stack_setup
                0x0000000000003d7c       0x5c zephyr/arch/arch/arm/core/aarch32/libarch__arm__core__aarch32.a(tls.c.obj)
                0x0000000000003d7c                arch_tls_stack_setup
 .text._HandlerModeExit
                0x0000000000003dd8       0x1c zephyr/arch/arch/arm/core/aarch32/cortex_m/libarch__arm__core__aarch32__cortex_m.a(exc_exit.S.obj)
                0x0000000000003dd8                z_arm_int_exit
                0x0000000000003dd8                z_arm_exc_exit
 .text.mem_manage_fault.constprop.0
                0x0000000000003df4      0x144 zephyr/arch/arch/arm/core/aarch32/cortex_m/libarch__arm__core__aarch32__cortex_m.a(fault.c.obj)
 .text.bus_fault.constprop.0
                0x0000000000003f38      0x154 zephyr/arch/arch/arm/core/aarch32/cortex_m/libarch__arm__core__aarch32__cortex_m.a(fault.c.obj)
 .text.usage_fault.constprop.0
                0x000000000000408c      0x104 zephyr/arch/arch/arm/core/aarch32/cortex_m/libarch__arm__core__aarch32__cortex_m.a(fault.c.obj)
 .text.z_arm_fault
                0x0000000000004190      0x224 zephyr/arch/arch/arm/core/aarch32/cortex_m/libarch__arm__core__aarch32__cortex_m.a(fault.c.obj)
                0x0000000000004190                z_arm_fault
 .text.z_arm_fault_init
                0x00000000000043b4       0x10 zephyr/arch/arch/arm/core/aarch32/cortex_m/libarch__arm__core__aarch32__cortex_m.a(fault.c.obj)
                0x00000000000043b4                z_arm_fault_init
 .text.__fault  0x00000000000043c4       0x14 zephyr/arch/arch/arm/core/aarch32/cortex_m/libarch__arm__core__aarch32__cortex_m.a(fault_s.S.obj)
                0x00000000000043c4                z_arm_usage_fault
                0x00000000000043c4                z_arm_mpu_fault
                0x00000000000043c4                z_arm_exc_spurious
                0x00000000000043c4                z_arm_debug_monitor
                0x00000000000043c4                z_arm_hard_fault
                0x00000000000043c4                z_arm_bus_fault
 .text.z_arm_interrupt_init
                0x00000000000043d8       0x18 zephyr/arch/arch/arm/core/aarch32/cortex_m/libarch__arm__core__aarch32__cortex_m.a(irq_init.c.obj)
                0x00000000000043d8                z_arm_interrupt_init
 .text._reset_section
                0x00000000000043f0       0x54 zephyr/arch/arch/arm/core/aarch32/cortex_m/libarch__arm__core__aarch32__cortex_m.a(reset.S.obj)
                0x00000000000043f0                __start
                0x00000000000043f0                z_arm_reset
 .text.sys_arch_reboot
                0x0000000000004444       0x24 zephyr/arch/arch/arm/core/aarch32/cortex_m/libarch__arm__core__aarch32__cortex_m.a(scb.c.obj)
                0x0000000000004444                sys_arch_reboot
 .text.z_arm_clear_arm_mpu_config
                0x0000000000004468       0x24 zephyr/arch/arch/arm/core/aarch32/cortex_m/libarch__arm__core__aarch32__cortex_m.a(scb.c.obj)
                0x0000000000004468                z_arm_clear_arm_mpu_config
 .text.z_arm_init_arch_hw_at_boot
                0x000000000000448c       0x64 zephyr/arch/arch/arm/core/aarch32/cortex_m/libarch__arm__core__aarch32__cortex_m.a(scb.c.obj)
                0x000000000000448c                z_arm_init_arch_hw_at_boot
 .text.z_impl_k_thread_abort
                0x00000000000044f0       0x2c zephyr/arch/arch/arm/core/aarch32/cortex_m/libarch__arm__core__aarch32__cortex_m.a(thread_abort.c.obj)
                0x00000000000044f0                z_impl_k_thread_abort
 .text.z_arm_configure_static_mpu_regions
                0x000000000000451c       0x18 zephyr/arch/arch/arm/core/aarch32/mpu/libarch__arm__core__aarch32__mpu.a(arm_core_mpu.c.obj)
                0x000000000000451c                z_arm_configure_static_mpu_regions
 .text.mpu_configure_regions
                0x0000000000004534       0xcc zephyr/arch/arch/arm/core/aarch32/mpu/libarch__arm__core__aarch32__mpu.a(arm_mpu.c.obj)
 .text.arm_core_mpu_enable
                0x0000000000004600       0x18 zephyr/arch/arch/arm/core/aarch32/mpu/libarch__arm__core__aarch32__mpu.a(arm_mpu.c.obj)
                0x0000000000004600                arm_core_mpu_enable
 .text.arm_core_mpu_disable
                0x0000000000004618       0x14 zephyr/arch/arch/arm/core/aarch32/mpu/libarch__arm__core__aarch32__mpu.a(arm_mpu.c.obj)
                0x0000000000004618                arm_core_mpu_disable
 .text.arm_core_mpu_configure_static_mpu_regions
                0x000000000000462c       0x14 zephyr/arch/arch/arm/core/aarch32/mpu/libarch__arm__core__aarch32__mpu.a(arm_mpu.c.obj)
                0x000000000000462c                arm_core_mpu_configure_static_mpu_regions
 .text.z_arm_mpu_init
                0x0000000000004640       0x60 zephyr/arch/arch/arm/core/aarch32/mpu/libarch__arm__core__aarch32__mpu.a(arm_mpu.c.obj)
                0x0000000000004640                z_arm_mpu_init
 .text.z_impl_zephyr_fputc
                0x00000000000046a0       0x10 zephyr/lib/libc/picolibc/liblib__libc__picolibc.a(libc-hooks.c.obj)
                0x00000000000046a0                z_impl_zephyr_fputc
 .text.__stdout_hook_install
                0x00000000000046b0       0x18 zephyr/lib/libc/picolibc/liblib__libc__picolibc.a(libc-hooks.c.obj)
                0x00000000000046b0                __stdout_hook_install
 .text.cbvprintf
                0x00000000000046c8       0x38 zephyr/lib/libc/picolibc/liblib__libc__picolibc.a(libc-hooks.c.obj)
                0x00000000000046c8                cbvprintf
 .text.__chk_fail
                0x0000000000004700       0x18 zephyr/lib/libc/picolibc/liblib__libc__picolibc.a(libc-hooks.c.obj)
                0x0000000000004700                __chk_fail
 .text.malloc_prepare
                0x0000000000004718       0x24 zephyr/lib/libc/common/liblib__libc__common.a(malloc.c.obj)
 .text.sys_mutex_unlock.constprop.0.isra.0
                0x000000000000473c        0xc zephyr/lib/libc/common/liblib__libc__common.a(malloc.c.obj)
 .text.malloc   0x0000000000004748       0x40 zephyr/lib/libc/common/liblib__libc__common.a(malloc.c.obj)
                0x0000000000004748                malloc
 .text.nordicsemi_nrf52_init
                0x0000000000004788       0x18 zephyr/soc/soc/arm/nordic_nrf/nrf52/libsoc__arm__nordic_nrf__nrf52.a(soc.c.obj)
 .text.arch_busy_wait
                0x00000000000047a0       0x14 zephyr/soc/soc/arm/nordic_nrf/nrf52/libsoc__arm__nordic_nrf__nrf52.a(soc.c.obj)
                0x00000000000047a0                arch_busy_wait
 .text.registry_find
                0x00000000000047b4       0x2c zephyr/subsys/fs/libsubsys__fs.a(fs.c.obj)
 .text.fs_init  0x00000000000047e0       0x1c zephyr/subsys/fs/libsubsys__fs.a(fs.c.obj)
 .text.k_mutex_lock.constprop.0.isra.0
                0x00000000000047fc       0x10 zephyr/subsys/fs/libsubsys__fs.a(fs.c.obj)
 .text.k_mutex_unlock.constprop.0.isra.0
                0x000000000000480c        0xc zephyr/subsys/fs/libsubsys__fs.a(fs.c.obj)
 .text.fs_register
                0x0000000000004818       0x50 zephyr/subsys/fs/libsubsys__fs.a(fs.c.obj)
                0x0000000000004818                fs_register
 .text.translate_error
                0x0000000000004868       0x14 zephyr/subsys/fs/libsubsys__fs.a(fat_fs.c.obj)
 .text.fatfs_init
                0x000000000000487c        0xc zephyr/subsys/fs/libsubsys__fs.a(fat_fs.c.obj)
 .text.fatfs_mount
                0x0000000000004888       0x74 zephyr/subsys/fs/libsubsys__fs.a(fat_fs.c.obj)
 .text.fatfs_closedir
                0x00000000000048fc       0x24 zephyr/subsys/fs/libsubsys__fs.a(fat_fs.c.obj)
 .text.fatfs_close
                0x0000000000004920       0x28 zephyr/subsys/fs/libsubsys__fs.a(fat_fs.c.obj)
 .text.fatfs_opendir
                0x0000000000004948       0x50 zephyr/subsys/fs/libsubsys__fs.a(fat_fs.c.obj)
 .text.fatfs_open
                0x0000000000004998       0x58 zephyr/subsys/fs/libsubsys__fs.a(fat_fs.c.obj)
 .text.sd_init_io
                0x00000000000049f0       0x94 zephyr/subsys/sd/libsubsys__sd.a(sd.c.obj)
 .text.sd_command_init
                0x0000000000004a84       0xf4 zephyr/subsys/sd/libsubsys__sd.a(sd.c.obj)
 .text.sd_init  0x0000000000004b78       0xf0 zephyr/subsys/sd/libsubsys__sd.a(sd.c.obj)
                0x0000000000004b78                sd_init
 .text.sdmmc_wait_ready
                0x0000000000004c68       0x3c zephyr/subsys/sd/libsubsys__sd.a(sd_ops.c.obj)
                0x0000000000004c68                sdmmc_wait_ready
 .text.card_app_command
                0x0000000000004ca4       0x90 zephyr/subsys/sd/libsubsys__sd.a(sd_ops.c.obj)
                0x0000000000004ca4                card_app_command
 .text.card_read_blocks
                0x0000000000004d34      0x158 zephyr/subsys/sd/libsubsys__sd.a(sd_ops.c.obj)
                0x0000000000004d34                card_read_blocks
 .text.card_write_blocks
                0x0000000000004e8c      0x1d8 zephyr/subsys/sd/libsubsys__sd.a(sd_ops.c.obj)
                0x0000000000004e8c                card_write_blocks
 .text.sdmmc_card_init
                0x0000000000005064      0x3e8 zephyr/subsys/sd/libsubsys__sd.a(sdmmc.c.obj)
                0x0000000000005064                sdmmc_card_init
 .text.disk_sdmmc_init
                0x000000000000544c       0x1c zephyr/drivers/disk/libdrivers__disk.a(sdmmc_subsys.c.obj)
 .text.endpoint_ctx
                0x0000000000005468       0x60 zephyr/drivers/usb/device/libdrivers__usb__device.a(usb_dc_nrfx.c.obj)
 .text.usbd_work_schedule
                0x00000000000054c8       0x10 zephyr/drivers/usb/device/libdrivers__usb__device.a(usb_dc_nrfx.c.obj)
 .text.usbd_evt_put
                0x00000000000054d8        0xc zephyr/drivers/usb/device/libdrivers__usb__device.a(usb_dc_nrfx.c.obj)
 .text.usbd_evt_get
                0x00000000000054e4       0x10 zephyr/drivers/usb/device/libdrivers__usb__device.a(usb_dc_nrfx.c.obj)
 .text.usb_init
                0x00000000000054f4       0x70 zephyr/drivers/usb/device/libdrivers__usb__device.a(usb_dc_nrfx.c.obj)
 .text.hfxo_stop.constprop.0.isra.0
                0x0000000000005564       0x40 zephyr/drivers/usb/device/libdrivers__usb__device.a(usb_dc_nrfx.c.obj)
 .text.eps_ctx_init
                0x00000000000055a4       0x68 zephyr/drivers/usb/device/libdrivers__usb__device.a(usb_dc_nrfx.c.obj)
 .text.usbd_evt_flush
                0x000000000000560c       0x1c zephyr/drivers/usb/device/libdrivers__usb__device.a(usb_dc_nrfx.c.obj)
 .text.usbd_evt_alloc
                0x0000000000005628       0x78 zephyr/drivers/usb/device/libdrivers__usb__device.a(usb_dc_nrfx.c.obj)
 .text.usb_dc_power_event_handler
                0x00000000000056a0       0x5c zephyr/drivers/usb/device/libdrivers__usb__device.a(usb_dc_nrfx.c.obj)
 .text.usbd_event_transfer_data
                0x00000000000056fc       0xe0 zephyr/drivers/usb/device/libdrivers__usb__device.a(usb_dc_nrfx.c.obj)
 .text.usbd_event_handler
                0x00000000000057dc      0x170 zephyr/drivers/usb/device/libdrivers__usb__device.a(usb_dc_nrfx.c.obj)
 .text.usbd_work_handler
                0x000000000000594c      0x3ac zephyr/drivers/usb/device/libdrivers__usb__device.a(usb_dc_nrfx.c.obj)
 .text.usb_dc_attach
                0x0000000000005cf8       0x64 zephyr/drivers/usb/device/libdrivers__usb__device.a(usb_dc_nrfx.c.obj)
                0x0000000000005cf8                usb_dc_attach
 .text.usb_dc_set_address
                0x0000000000005d5c       0x24 zephyr/drivers/usb/device/libdrivers__usb__device.a(usb_dc_nrfx.c.obj)
                0x0000000000005d5c                usb_dc_set_address
 .text.usb_dc_ep_check_cap
                0x0000000000005d80       0x64 zephyr/drivers/usb/device/libdrivers__usb__device.a(usb_dc_nrfx.c.obj)
                0x0000000000005d80                usb_dc_ep_check_cap
 .text.usb_dc_ep_configure
                0x0000000000005de4       0x68 zephyr/drivers/usb/device/libdrivers__usb__device.a(usb_dc_nrfx.c.obj)
                0x0000000000005de4                usb_dc_ep_configure
 .text.usb_dc_ep_set_stall
                0x0000000000005e4c       0x74 zephyr/drivers/usb/device/libdrivers__usb__device.a(usb_dc_nrfx.c.obj)
                0x0000000000005e4c                usb_dc_ep_set_stall
 .text.usb_dc_ep_clear_stall
                0x0000000000005ec0       0x40 zephyr/drivers/usb/device/libdrivers__usb__device.a(usb_dc_nrfx.c.obj)
                0x0000000000005ec0                usb_dc_ep_clear_stall
 .text.usb_dc_ep_is_stalled
                0x0000000000005f00       0x38 zephyr/drivers/usb/device/libdrivers__usb__device.a(usb_dc_nrfx.c.obj)
                0x0000000000005f00                usb_dc_ep_is_stalled
 .text.usb_dc_ep_enable
                0x0000000000005f38       0x54 zephyr/drivers/usb/device/libdrivers__usb__device.a(usb_dc_nrfx.c.obj)
                0x0000000000005f38                usb_dc_ep_enable
 .text.usb_dc_ep_write
                0x0000000000005f8c      0x144 zephyr/drivers/usb/device/libdrivers__usb__device.a(usb_dc_nrfx.c.obj)
                0x0000000000005f8c                usb_dc_ep_write
 .text.usb_dc_ep_read_wait
                0x00000000000060d0       0xcc zephyr/drivers/usb/device/libdrivers__usb__device.a(usb_dc_nrfx.c.obj)
                0x00000000000060d0                usb_dc_ep_read_wait
 .text.usb_dc_ep_read_continue
                0x000000000000619c       0xb0 zephyr/drivers/usb/device/libdrivers__usb__device.a(usb_dc_nrfx.c.obj)
                0x000000000000619c                usb_dc_ep_read_continue
 .text.usb_dc_ep_set_callback
                0x000000000000624c       0x28 zephyr/drivers/usb/device/libdrivers__usb__device.a(usb_dc_nrfx.c.obj)
                0x000000000000624c                usb_dc_ep_set_callback
 .text.usb_dc_set_status_callback
                0x0000000000006274        0xc zephyr/drivers/usb/device/libdrivers__usb__device.a(usb_dc_nrfx.c.obj)
                0x0000000000006274                usb_dc_set_status_callback
 .text.usb_dc_ep_mps
                0x0000000000006280       0x24 zephyr/drivers/usb/device/libdrivers__usb__device.a(usb_dc_nrfx.c.obj)
                0x0000000000006280                usb_dc_ep_mps
 .text.onoff_stop
                0x00000000000062a4       0x30 zephyr/drivers/clock_control/libdrivers__clock_control.a(clock_control_nrf.c.obj)
 .text.onoff_start
                0x00000000000062d4       0x44 zephyr/drivers/clock_control/libdrivers__clock_control.a(clock_control_nrf.c.obj)
 .text.generic_hfclk_stop
                0x0000000000006318       0x34 zephyr/drivers/clock_control/libdrivers__clock_control.a(clock_control_nrf.c.obj)
 .text.clk_init
                0x000000000000634c       0x60 zephyr/drivers/clock_control/libdrivers__clock_control.a(clock_control_nrf.c.obj)
 .text.clkstarted_handle.constprop.0
                0x00000000000063ac       0x34 zephyr/drivers/clock_control/libdrivers__clock_control.a(clock_control_nrf.c.obj)
 .text.clock_event_handler
                0x00000000000063e0       0x34 zephyr/drivers/clock_control/libdrivers__clock_control.a(clock_control_nrf.c.obj)
 .text.generic_hfclk_start
                0x0000000000006414       0x64 zephyr/drivers/clock_control/libdrivers__clock_control.a(clock_control_nrf.c.obj)
 .text.api_blocking_start
                0x0000000000006478       0x3c zephyr/drivers/clock_control/libdrivers__clock_control.a(clock_control_nrf.c.obj)
 .text.z_nrf_clock_control_get_onoff
                0x00000000000064b4       0x10 zephyr/drivers/clock_control/libdrivers__clock_control.a(clock_control_nrf.c.obj)
                0x00000000000064b4                z_nrf_clock_control_get_onoff
 .text.z_nrf_clock_control_lf_on
                0x00000000000064c4       0xb4 zephyr/drivers/clock_control/libdrivers__clock_control.a(clock_control_nrf.c.obj)
                0x00000000000064c4                z_nrf_clock_control_lf_on
 .text.start_cal_process
                0x0000000000006578       0x48 zephyr/drivers/clock_control/libdrivers__clock_control.a(nrf_clock_calibration.c.obj)
 .text.start_cycle
                0x00000000000065c0       0x38 zephyr/drivers/clock_control/libdrivers__clock_control.a(nrf_clock_calibration.c.obj)
 .text.measure_temperature
                0x00000000000065f8       0x88 zephyr/drivers/clock_control/libdrivers__clock_control.a(nrf_clock_calibration.c.obj)
 .text.cal_hf_callback
                0x0000000000006680       0x2c zephyr/drivers/clock_control/libdrivers__clock_control.a(nrf_clock_calibration.c.obj)
 .text.z_nrf_clock_calibration_init
                0x00000000000066ac       0x1c zephyr/drivers/clock_control/libdrivers__clock_control.a(nrf_clock_calibration.c.obj)
                0x00000000000066ac                z_nrf_clock_calibration_init
 .text.z_nrf_clock_calibration_lfclk_started
                0x00000000000066c8       0x10 zephyr/drivers/clock_control/libdrivers__clock_control.a(nrf_clock_calibration.c.obj)
                0x00000000000066c8                z_nrf_clock_calibration_lfclk_started
 .text.z_nrf_clock_calibration_lfclk_stopped
                0x00000000000066d8        0xc zephyr/drivers/clock_control/libdrivers__clock_control.a(nrf_clock_calibration.c.obj)
                0x00000000000066d8                z_nrf_clock_calibration_lfclk_stopped
 .text.z_nrf_clock_calibration_done_handler
                0x00000000000066e4       0x10 zephyr/drivers/clock_control/libdrivers__clock_control.a(nrf_clock_calibration.c.obj)
                0x00000000000066e4                z_nrf_clock_calibration_done_handler
 .text.rtt_console_init
                0x00000000000066f4       0x18 zephyr/drivers/console/libdrivers__console.a(rtt_console.c.obj)
 .text.rtt_console_out
                0x000000000000670c       0x54 zephyr/drivers/console/libdrivers__console.a(rtt_console.c.obj)
 .text.uart_console_init
                0x0000000000006760       0x28 zephyr/drivers/console/libdrivers__console.a(uart_console.c.obj)
 .text.console_out
                0x0000000000006788       0x28 zephyr/drivers/console/libdrivers__console.a(uart_console.c.obj)
 .text.gpio_nrfx_pin_interrupt_configure
                0x00000000000067b0       0xe4 zephyr/drivers/gpio/libdrivers__gpio.a(gpio_nrfx.c.obj)
 .text.gpio_nrfx_init
                0x0000000000006894       0x38 zephyr/drivers/gpio/libdrivers__gpio.a(gpio_nrfx.c.obj)
 .text.nrfx_gpio_handler
                0x00000000000068cc       0x4c zephyr/drivers/gpio/libdrivers__gpio.a(gpio_nrfx.c.obj)
 .text.gpio_nrfx_pin_configure
                0x0000000000006918      0x128 zephyr/drivers/gpio/libdrivers__gpio.a(gpio_nrfx.c.obj)
 .text.i2c_nrfx_twi_recover_bus
                0x0000000000006a40       0x24 zephyr/drivers/i2c/libdrivers__i2c.a(i2c_nrfx_twi.c.obj)
 .text.twi_0_init
                0x0000000000006a64       0x94 zephyr/drivers/i2c/libdrivers__i2c.a(i2c_nrfx_twi.c.obj)
 .text.event_handler
                0x0000000000006af8       0x34 zephyr/drivers/i2c/libdrivers__i2c.a(i2c_nrfx_twi.c.obj)
 .text.i2c_nrfx_twi_configure
                0x0000000000006b2c       0x58 zephyr/drivers/i2c/libdrivers__i2c.a(i2c_nrfx_twi.c.obj)
 .text.i2c_nrfx_twi_transfer
                0x0000000000006b84      0x158 zephyr/drivers/i2c/libdrivers__i2c.a(i2c_nrfx_twi.c.obj)
 .text.nrf_gpio_pin_port_decode
                0x0000000000006cdc       0x20 zephyr/drivers/pinctrl/libdrivers__pinctrl.a(pinctrl_nrf.c.obj)
 .text.pinctrl_configure_pins
                0x0000000000006cfc      0x118 zephyr/drivers/pinctrl/libdrivers__pinctrl.a(pinctrl_nrf.c.obj)
                0x0000000000006cfc                pinctrl_configure_pins
 .text.sdhc_spi_rx
                0x0000000000006e14       0x2c zephyr/drivers/sdhc/libdrivers__sdhc.a(sdhc_spi.c.obj)
 .text.sdhc_spi_reset
                0x0000000000006e40       0x10 zephyr/drivers/sdhc/libdrivers__sdhc.a(sdhc_spi.c.obj)
 .text.sdhc_spi_get_host_props
                0x0000000000006e50       0x34 zephyr/drivers/sdhc/libdrivers__sdhc.a(sdhc_spi.c.obj)
 .text.sdhc_skip.constprop.0
                0x0000000000006e84       0x38 zephyr/drivers/sdhc/libdrivers__sdhc.a(sdhc_spi.c.obj)
 .text.sdhc_spi_init
                0x0000000000006ebc       0xa0 zephyr/drivers/sdhc/libdrivers__sdhc.a(sdhc_spi.c.obj)
 .text.sdhc_spi_set_io
                0x0000000000006f5c      0x114 zephyr/drivers/sdhc/libdrivers__sdhc.a(sdhc_spi.c.obj)
 .text.sdhc_spi_request
                0x0000000000007070      0x2a4 zephyr/drivers/sdhc/libdrivers__sdhc.a(sdhc_spi.c.obj)
 .text.ina230_channel_get
                0x0000000000007314       0x50 zephyr/drivers/sensor/ina23x/libdrivers__sensor__ina23x.a(ina230.c.obj)
 .text.ina230_sample_fetch
                0x0000000000007364       0xa0 zephyr/drivers/sensor/ina23x/libdrivers__sensor__ina23x.a(ina230.c.obj)
 .text.ina230_attr_get
                0x0000000000007404       0x68 zephyr/drivers/sensor/ina23x/libdrivers__sensor__ina23x.a(ina230.c.obj)
 .text.ina230_attr_set
                0x000000000000746c       0x58 zephyr/drivers/sensor/ina23x/libdrivers__sensor__ina23x.a(ina230.c.obj)
 .text.ina230_init
                0x00000000000074c4       0x9c zephyr/drivers/sensor/ina23x/libdrivers__sensor__ina23x.a(ina230.c.obj)
 .text.hfclk_on_callback
                0x0000000000007560        0xc zephyr/drivers/sensor/nrf5/libdrivers__sensor__nrf5.a(temp_nrf5.c.obj)
 .text.temp_nrf5_channel_get
                0x000000000000756c       0x2c zephyr/drivers/sensor/nrf5/libdrivers__sensor__nrf5.a(temp_nrf5.c.obj)
 .text.temp_nrf5_isr
                0x0000000000007598       0x18 zephyr/drivers/sensor/nrf5/libdrivers__sensor__nrf5.a(temp_nrf5.c.obj)
 .text.temp_nrf5_sample_fetch
                0x00000000000075b0       0x78 zephyr/drivers/sensor/nrf5/libdrivers__sensor__nrf5.a(temp_nrf5.c.obj)
 .text.temp_nrf5_init
                0x0000000000007628       0x40 zephyr/drivers/sensor/nrf5/libdrivers__sensor__nrf5.a(temp_nrf5.c.obj)
 .text.uarte_nrfx_configure
                0x0000000000007668      0x168 zephyr/drivers/serial/libdrivers__serial.a(uart_nrfx_uarte.c.obj)
 .text.uarte_0_init
                0x00000000000077d0      0x104 zephyr/drivers/serial/libdrivers__serial.a(uart_nrfx_uarte.c.obj)
 .text.uarte_nrfx_poll_out
                0x00000000000078d4       0x98 zephyr/drivers/serial/libdrivers__serial.a(uart_nrfx_uarte.c.obj)
 .text.spi_nrfx_init
                0x000000000000796c      0x130 zephyr/drivers/spi/libdrivers__spi.a(spi_nrfx_spi.c.obj)
 .text.transfer_next_chunk
                0x0000000000007a9c       0x6c zephyr/drivers/spi/libdrivers__spi.a(spi_nrfx_spi.c.obj)
 .text.event_handler
                0x0000000000007b08       0xd4 zephyr/drivers/spi/libdrivers__spi.a(spi_nrfx_spi.c.obj)
 .text.transceive
                0x0000000000007bdc      0x410 zephyr/drivers/spi/libdrivers__spi.a(spi_nrfx_spi.c.obj)
 .text.nrf_gpio_cfg_input
                0x0000000000007fec       0x40 zephyr/drivers/spi/libdrivers__spi.a(spi_nrfx_common.c.obj)
 .text.spi_nrfx_wake_init
                0x000000000000802c       0x54 zephyr/drivers/spi/libdrivers__spi.a(spi_nrfx_common.c.obj)
                0x000000000000802c                spi_nrfx_wake_init
 .text.spi_nrfx_init
                0x0000000000008080      0x130 zephyr/drivers/spi/libdrivers__spi.a(spi_nrfx_spim.c.obj)
 .text.transfer_next_chunk
                0x00000000000081b0       0x98 zephyr/drivers/spi/libdrivers__spi.a(spi_nrfx_spim.c.obj)
 .text.event_handler
                0x0000000000008248       0xd4 zephyr/drivers/spi/libdrivers__spi.a(spi_nrfx_spim.c.obj)
 .text.transceive
                0x000000000000831c      0x444 zephyr/drivers/spi/libdrivers__spi.a(spi_nrfx_spim.c.obj)
 .text.compare_int_lock
                0x0000000000008760       0x48 zephyr/drivers/timer/libdrivers__timer.a(nrf_rtc_timer.c.obj)
 .text.sys_clock_timeout_handler
                0x00000000000087a8       0x48 zephyr/drivers/timer/libdrivers__timer.a(nrf_rtc_timer.c.obj)
 .text.compare_int_unlock
                0x00000000000087f0       0x5c zephyr/drivers/timer/libdrivers__timer.a(nrf_rtc_timer.c.obj)
 .text.z_nrf_rtc_timer_read
                0x000000000000884c       0x44 zephyr/drivers/timer/libdrivers__timer.a(nrf_rtc_timer.c.obj)
                0x000000000000884c                z_nrf_rtc_timer_read
 .text.compare_set
                0x0000000000008890      0x130 zephyr/drivers/timer/libdrivers__timer.a(nrf_rtc_timer.c.obj)
 .text.sys_clock_driver_init
                0x00000000000089c0       0x90 zephyr/drivers/timer/libdrivers__timer.a(nrf_rtc_timer.c.obj)
 .text.rtc_nrf_isr
                0x0000000000008a50       0xd4 zephyr/drivers/timer/libdrivers__timer.a(nrf_rtc_timer.c.obj)
                0x0000000000008a50                rtc_nrf_isr
 .text.sys_clock_set_timeout
                0x0000000000008b24       0x68 zephyr/drivers/timer/libdrivers__timer.a(nrf_rtc_timer.c.obj)
                0x0000000000008b24                sys_clock_set_timeout
 .text.sys_clock_elapsed
                0x0000000000008b8c       0x14 zephyr/drivers/timer/libdrivers__timer.a(nrf_rtc_timer.c.obj)
                0x0000000000008b8c                sys_clock_elapsed
 .text.sys_clock_disable
                0x0000000000008ba0       0x30 zephyr/drivers/timer/libdrivers__timer.a(nrf_rtc_timer.c.obj)
                0x0000000000008ba0                sys_clock_disable
 .text.dk_set_leds_state.part.0
                0x0000000000008bd0       0x68 modules/nrf/lib/dk_buttons_and_leds/lib..__nrf__lib__dk_buttons_and_leds.a(dk_buttons_and_leds.c.obj)
 .text.dk_leds_init
                0x0000000000008c38       0x78 modules/nrf/lib/dk_buttons_and_leds/lib..__nrf__lib__dk_buttons_and_leds.a(dk_buttons_and_leds.c.obj)
                0x0000000000008c38                dk_leds_init
 .text.dk_set_led
                0x0000000000008cb0       0x68 modules/nrf/lib/dk_buttons_and_leds/lib..__nrf__lib__dk_buttons_and_leds.a(dk_buttons_and_leds.c.obj)
                0x0000000000008cb0                dk_set_led
 .text.k_sys_fatal_error_handler
                0x0000000000008d18       0x2c modules/nrf/lib/fatal_error/lib..__nrf__lib__fatal_error.a(fatal_error.c.obj)
                0x0000000000008d18                k_sys_fatal_error_handler
 .text.get_ldnumber
                0x0000000000008d44       0x8c modules/fatfs/libmodules__fatfs.a(ff.c.obj)
 .text.check_fs
                0x0000000000008dd0       0xe4 modules/fatfs/libmodules__fatfs.a(ff.c.obj)
 .text.mount_volume
                0x0000000000008eb4      0x3ac modules/fatfs/libmodules__fatfs.a(ff.c.obj)
 .text.dir_read.constprop.0
                0x0000000000009260      0x108 modules/fatfs/libmodules__fatfs.a(ff.c.obj)
 .text.dir_find
                0x0000000000009368      0x1c0 modules/fatfs/libmodules__fatfs.a(ff.c.obj)
 .text.dir_register
                0x0000000000009528      0x3a8 modules/fatfs/libmodules__fatfs.a(ff.c.obj)
 .text.follow_path
                0x00000000000098d0      0x2ec modules/fatfs/libmodules__fatfs.a(ff.c.obj)
 .text.f_mount  0x0000000000009bbc       0x50 modules/fatfs/libmodules__fatfs.a(ff.c.obj)
                0x0000000000009bbc                f_mount
 .text.f_mkfs   0x0000000000009c0c      0xccc modules/fatfs/libmodules__fatfs.a(ff.c.obj)
                0x0000000000009c0c                f_mkfs
 .text.disk_status
                0x000000000000a8d8       0x18 modules/fatfs/libmodules__fatfs.a(zfs_diskio.c.obj)
                0x000000000000a8d8                disk_status
 .text.disk_initialize
                0x000000000000a8f0       0x18 modules/fatfs/libmodules__fatfs.a(zfs_diskio.c.obj)
                0x000000000000a8f0                disk_initialize
 .text.disk_read
                0x000000000000a908       0x18 modules/fatfs/libmodules__fatfs.a(zfs_diskio.c.obj)
                0x000000000000a908                disk_read
 .text.disk_write
                0x000000000000a920       0x18 modules/fatfs/libmodules__fatfs.a(zfs_diskio.c.obj)
                0x000000000000a920                disk_write
 .text.disk_ioctl
                0x000000000000a938       0x5c modules/fatfs/libmodules__fatfs.a(zfs_diskio.c.obj)
                0x000000000000a938                disk_ioctl
 .text.ff_uni2oem
                0x000000000000a994       0x3c modules/fatfs/libmodules__fatfs.a(ffunicode.c.obj)
                0x000000000000a994                ff_uni2oem
 .text.ff_oem2uni
                0x000000000000a9d0       0x28 modules/fatfs/libmodules__fatfs.a(ffunicode.c.obj)
                0x000000000000a9d0                ff_oem2uni
 .text.ff_wtoupper
                0x000000000000a9f8       0x90 modules/fatfs/libmodules__fatfs.a(ffunicode.c.obj)
                0x000000000000a9f8                ff_wtoupper
 .text.nrf52_errata_98
                0x000000000000aa88       0x24 modules/hal_nordic/nrfx/libmodules__hal_nordic__nrfx.a(system_nrf52840.c.obj)
 .text.nvmc_wait
                0x000000000000aaac       0x10 modules/hal_nordic/nrfx/libmodules__hal_nordic__nrfx.a(system_nrf52840.c.obj)
                0x000000000000aaac                nvmc_wait
 .text.SystemInit
                0x000000000000aabc      0x1bc modules/hal_nordic/nrfx/libmodules__hal_nordic__nrfx.a(system_nrf52840.c.obj)
                0x000000000000aabc                SystemInit
 .text.nrfx_flag32_alloc
                0x000000000000ac78       0x48 modules/hal_nordic/nrfx/libmodules__hal_nordic__nrfx.a(nrfx_flag32_allocator.c.obj)
                0x000000000000ac78                nrfx_flag32_alloc
 .text.nrfx_flag32_free
                0x000000000000acc0       0x40 modules/hal_nordic/nrfx/libmodules__hal_nordic__nrfx.a(nrfx_flag32_allocator.c.obj)
                0x000000000000acc0                nrfx_flag32_free
 .text.nrfx_gppi_channels_enable
                0x000000000000ad00        0xc modules/hal_nordic/nrfx/libmodules__hal_nordic__nrfx.a(nrfx_gppi_ppi.c.obj)
                0x000000000000ad00                nrfx_gppi_channels_enable
 .text.clock_stop
                0x000000000000ad0c       0xc4 modules/hal_nordic/nrfx/libmodules__hal_nordic__nrfx.a(nrfx_clock.c.obj)
 .text.nrfx_clock_init
                0x000000000000add0       0x24 modules/hal_nordic/nrfx/libmodules__hal_nordic__nrfx.a(nrfx_clock.c.obj)
                0x000000000000add0                nrfx_clock_init
 .text.nrfx_clock_enable
                0x000000000000adf4       0x24 modules/hal_nordic/nrfx/libmodules__hal_nordic__nrfx.a(nrfx_clock.c.obj)
                0x000000000000adf4                nrfx_clock_enable
 .text.nrfx_clock_calibration_start
                0x000000000000ae18       0x5c modules/hal_nordic/nrfx/libmodules__hal_nordic__nrfx.a(nrfx_clock.c.obj)
                0x000000000000ae18                nrfx_clock_calibration_start
 .text.nrfx_clock_irq_handler
                0x000000000000ae74       0x84 modules/hal_nordic/nrfx/libmodules__hal_nordic__nrfx.a(nrfx_clock.c.obj)
                0x000000000000ae74                nrfx_clock_irq_handler
 .text.nrf_gpio_pin_port_decode
                0x000000000000aef8       0x20 modules/hal_nordic/nrfx/libmodules__hal_nordic__nrfx.a(nrfx_gpiote.c.obj)
 .text.get_pin_idx
                0x000000000000af18       0x14 modules/hal_nordic/nrfx/libmodules__hal_nordic__nrfx.a(nrfx_gpiote.c.obj)
 .text.pin_in_use_by_te
                0x000000000000af2c       0x18 modules/hal_nordic/nrfx/libmodules__hal_nordic__nrfx.a(nrfx_gpiote.c.obj)
 .text.pin_is_output
                0x000000000000af44       0x18 modules/hal_nordic/nrfx/libmodules__hal_nordic__nrfx.a(nrfx_gpiote.c.obj)
 .text.pin_te_get
                0x000000000000af5c       0x18 modules/hal_nordic/nrfx/libmodules__hal_nordic__nrfx.a(nrfx_gpiote.c.obj)
 .text.call_handler
                0x000000000000af74       0x40 modules/hal_nordic/nrfx/libmodules__hal_nordic__nrfx.a(nrfx_gpiote.c.obj)
 .text.release_handler
                0x000000000000afb4       0x58 modules/hal_nordic/nrfx/libmodules__hal_nordic__nrfx.a(nrfx_gpiote.c.obj)
 .text.__nrfy_internal_gpiote_events_process.constprop.0
                0x000000000000b00c       0x54 modules/hal_nordic/nrfx/libmodules__hal_nordic__nrfx.a(nrfx_gpiote.c.obj)
 .text.nrfx_gpiote_input_configure
                0x000000000000b060      0x180 modules/hal_nordic/nrfx/libmodules__hal_nordic__nrfx.a(nrfx_gpiote.c.obj)
                0x000000000000b060                nrfx_gpiote_input_configure
 .text.nrfx_gpiote_output_configure
                0x000000000000b1e0       0xf4 modules/hal_nordic/nrfx/libmodules__hal_nordic__nrfx.a(nrfx_gpiote.c.obj)
                0x000000000000b1e0                nrfx_gpiote_output_configure
 .text.nrfx_gpiote_global_callback_set
                0x000000000000b2d4        0xc modules/hal_nordic/nrfx/libmodules__hal_nordic__nrfx.a(nrfx_gpiote.c.obj)
                0x000000000000b2d4                nrfx_gpiote_global_callback_set
 .text.nrfx_gpiote_channel_get
                0x000000000000b2e0       0x30 modules/hal_nordic/nrfx/libmodules__hal_nordic__nrfx.a(nrfx_gpiote.c.obj)
                0x000000000000b2e0                nrfx_gpiote_channel_get
 .text.nrfx_gpiote_init
                0x000000000000b310       0x50 modules/hal_nordic/nrfx/libmodules__hal_nordic__nrfx.a(nrfx_gpiote.c.obj)
                0x000000000000b310                nrfx_gpiote_init
 .text.nrfx_gpiote_is_init
                0x000000000000b360       0x14 modules/hal_nordic/nrfx/libmodules__hal_nordic__nrfx.a(nrfx_gpiote.c.obj)
                0x000000000000b360                nrfx_gpiote_is_init
 .text.nrfx_gpiote_channel_free
                0x000000000000b374        0xc modules/hal_nordic/nrfx/libmodules__hal_nordic__nrfx.a(nrfx_gpiote.c.obj)
                0x000000000000b374                nrfx_gpiote_channel_free
 .text.nrfx_gpiote_channel_alloc
                0x000000000000b380        0xc modules/hal_nordic/nrfx/libmodules__hal_nordic__nrfx.a(nrfx_gpiote.c.obj)
                0x000000000000b380                nrfx_gpiote_channel_alloc
 .text.nrfx_gpiote_trigger_enable
                0x000000000000b38c       0x9c modules/hal_nordic/nrfx/libmodules__hal_nordic__nrfx.a(nrfx_gpiote.c.obj)
                0x000000000000b38c                nrfx_gpiote_trigger_enable
 .text.nrfx_gpiote_trigger_disable
                0x000000000000b428       0x4c modules/hal_nordic/nrfx/libmodules__hal_nordic__nrfx.a(nrfx_gpiote.c.obj)
                0x000000000000b428                nrfx_gpiote_trigger_disable
 .text.nrfx_gpiote_pin_uninit
                0x000000000000b474       0x80 modules/hal_nordic/nrfx/libmodules__hal_nordic__nrfx.a(nrfx_gpiote.c.obj)
                0x000000000000b474                nrfx_gpiote_pin_uninit
 .text.nrfx_gpiote_irq_handler
                0x000000000000b4f4      0x1a8 modules/hal_nordic/nrfx/libmodules__hal_nordic__nrfx.a(nrfx_gpiote.c.obj)
                0x000000000000b4f4                nrfx_gpiote_irq_handler
 .text.nrfx_power_init
                0x000000000000b69c       0x74 modules/hal_nordic/nrfx/libmodules__hal_nordic__nrfx.a(nrfx_power.c.obj)
                0x000000000000b69c                nrfx_power_init
 .text.nrfx_power_usbevt_uninit
                0x000000000000b710       0x18 modules/hal_nordic/nrfx/libmodules__hal_nordic__nrfx.a(nrfx_power.c.obj)
                0x000000000000b710                nrfx_power_usbevt_uninit
 .text.nrfx_power_usbevt_init
                0x000000000000b728       0x14 modules/hal_nordic/nrfx/libmodules__hal_nordic__nrfx.a(nrfx_power.c.obj)
                0x000000000000b728                nrfx_power_usbevt_init
 .text.nrfx_power_irq_handler
                0x000000000000b73c       0xa0 modules/hal_nordic/nrfx/libmodules__hal_nordic__nrfx.a(nrfx_power.c.obj)
                0x000000000000b73c                nrfx_power_irq_handler
 .text.nrfx_ppi_channel_alloc
                0x000000000000b7dc        0xc modules/hal_nordic/nrfx/libmodules__hal_nordic__nrfx.a(nrfx_ppi.c.obj)
                0x000000000000b7dc                nrfx_ppi_channel_alloc
 .text.nrf_gpio_pin_port_decode
                0x000000000000b7e8       0x20 modules/hal_nordic/nrfx/libmodules__hal_nordic__nrfx.a(nrfx_spi.c.obj)
 .text.nrf_gpio_cfg_output
                0x000000000000b808       0x2c modules/hal_nordic/nrfx/libmodules__hal_nordic__nrfx.a(nrfx_spi.c.obj)
 .text.spi_configure
                0x000000000000b834      0x120 modules/hal_nordic/nrfx/libmodules__hal_nordic__nrfx.a(nrfx_spi.c.obj)
 .text.nrf_gpio_cfg_default
                0x000000000000b954       0x2c modules/hal_nordic/nrfx/libmodules__hal_nordic__nrfx.a(nrfx_spi.c.obj)
 .text.nrfx_spi_init
                0x000000000000b980       0x68 modules/hal_nordic/nrfx/libmodules__hal_nordic__nrfx.a(nrfx_spi.c.obj)
                0x000000000000b980                nrfx_spi_init
 .text.nrfx_spi_uninit
                0x000000000000b9e8       0x70 modules/hal_nordic/nrfx/libmodules__hal_nordic__nrfx.a(nrfx_spi.c.obj)
                0x000000000000b9e8                nrfx_spi_uninit
 .text.nrfx_spi_xfer
                0x000000000000ba58       0xfc modules/hal_nordic/nrfx/libmodules__hal_nordic__nrfx.a(nrfx_spi.c.obj)
                0x000000000000ba58                nrfx_spi_xfer
 .text.nrfx_spi_1_irq_handler
                0x000000000000bb54       0x40 modules/hal_nordic/nrfx/libmodules__hal_nordic__nrfx.a(nrfx_spi.c.obj)
                0x000000000000bb54                nrfx_spi_1_irq_handler
 .text.nrf_gpio_pin_port_decode
                0x000000000000bb94       0x20 modules/hal_nordic/nrfx/libmodules__hal_nordic__nrfx.a(nrfx_spim.c.obj)
 .text.spim_frequency_valid_check.constprop.0
                0x000000000000bbb4       0x64 modules/hal_nordic/nrfx/libmodules__hal_nordic__nrfx.a(nrfx_spim.c.obj)
 .text.pin_init
                0x000000000000bc18       0x50 modules/hal_nordic/nrfx/libmodules__hal_nordic__nrfx.a(nrfx_spim.c.obj)
 .text.spim_configure
                0x000000000000bc68      0x254 modules/hal_nordic/nrfx/libmodules__hal_nordic__nrfx.a(nrfx_spim.c.obj)
 .text.spim_pin_uninit
                0x000000000000bebc       0x30 modules/hal_nordic/nrfx/libmodules__hal_nordic__nrfx.a(nrfx_spim.c.obj)
 .text.nrfx_spim_init
                0x000000000000beec       0x5c modules/hal_nordic/nrfx/libmodules__hal_nordic__nrfx.a(nrfx_spim.c.obj)
                0x000000000000beec                nrfx_spim_init
 .text.nrfx_spim_uninit
                0x000000000000bf48       0x9c modules/hal_nordic/nrfx/libmodules__hal_nordic__nrfx.a(nrfx_spim.c.obj)
                0x000000000000bf48                nrfx_spim_uninit
 .text.nrfx_spim_xfer
                0x000000000000bfe4      0x1d0 modules/hal_nordic/nrfx/libmodules__hal_nordic__nrfx.a(nrfx_spim.c.obj)
                0x000000000000bfe4                nrfx_spim_xfer
 .text.nrfx_spim_3_irq_handler
                0x000000000000c1b4       0x64 modules/hal_nordic/nrfx/libmodules__hal_nordic__nrfx.a(nrfx_spim.c.obj)
                0x000000000000c1b4                nrfx_spim_3_irq_handler
 .text.nrf_gpio_cfg.constprop.0
                0x000000000000c218       0x48 modules/hal_nordic/nrfx/libmodules__hal_nordic__nrfx.a(nrfx_twi.c.obj)
 .text.twi_configure
                0x000000000000c260       0x3c modules/hal_nordic/nrfx/libmodules__hal_nordic__nrfx.a(nrfx_twi.c.obj)
 .text.twi_tx_start_transfer
                0x000000000000c29c      0x104 modules/hal_nordic/nrfx/libmodules__hal_nordic__nrfx.a(nrfx_twi.c.obj)
 .text.twi_rx_start_transfer
                0x000000000000c3a0       0xe4 modules/hal_nordic/nrfx/libmodules__hal_nordic__nrfx.a(nrfx_twi.c.obj)
 .text.nrfx_twi_init
                0x000000000000c484       0x88 modules/hal_nordic/nrfx/libmodules__hal_nordic__nrfx.a(nrfx_twi.c.obj)
                0x000000000000c484                nrfx_twi_init
 .text.nrfx_twi_enable
                0x000000000000c50c       0x20 modules/hal_nordic/nrfx/libmodules__hal_nordic__nrfx.a(nrfx_twi.c.obj)
                0x000000000000c50c                nrfx_twi_enable
 .text.nrfx_twi_disable
                0x000000000000c52c       0x38 modules/hal_nordic/nrfx/libmodules__hal_nordic__nrfx.a(nrfx_twi.c.obj)
                0x000000000000c52c                nrfx_twi_disable
 .text.nrfx_twi_xfer
                0x000000000000c564       0xdc modules/hal_nordic/nrfx/libmodules__hal_nordic__nrfx.a(nrfx_twi.c.obj)
                0x000000000000c564                nrfx_twi_xfer
 .text.nrfx_twi_0_irq_handler
                0x000000000000c640       0xd8 modules/hal_nordic/nrfx/libmodules__hal_nordic__nrfx.a(nrfx_twi.c.obj)
                0x000000000000c640                nrfx_twi_0_irq_handler
 .text.nrf52_errata_187
                0x000000000000c718       0x28 modules/hal_nordic/nrfx/libmodules__hal_nordic__nrfx.a(nrfx_usbd.c.obj)
 .text.ep_state_access
                0x000000000000c740       0x1c modules/hal_nordic/nrfx/libmodules__hal_nordic__nrfx.a(nrfx_usbd.c.obj)
 .text.ev_usbreset_handler
                0x000000000000c75c       0x2c modules/hal_nordic/nrfx/libmodules__hal_nordic__nrfx.a(nrfx_usbd.c.obj)
 .text.ev_usbevent_handler
                0x000000000000c788       0x74 modules/hal_nordic/nrfx/libmodules__hal_nordic__nrfx.a(nrfx_usbd.c.obj)
 .text.usbd_errata_187_211_begin
                0x000000000000c7fc       0x40 modules/hal_nordic/nrfx/libmodules__hal_nordic__nrfx.a(nrfx_usbd.c.obj)
 .text.usbd_errata_187_211_end
                0x000000000000c83c       0x40 modules/hal_nordic/nrfx/libmodules__hal_nordic__nrfx.a(nrfx_usbd.c.obj)
 .text.nrfx_usbd_feeder_flash
                0x000000000000c87c       0x38 modules/hal_nordic/nrfx/libmodules__hal_nordic__nrfx.a(nrfx_usbd.c.obj)
                0x000000000000c87c                nrfx_usbd_feeder_flash
 .text.nrfx_usbd_feeder_flash_zlp
                0x000000000000c8b4       0x40 modules/hal_nordic/nrfx/libmodules__hal_nordic__nrfx.a(nrfx_usbd.c.obj)
                0x000000000000c8b4                nrfx_usbd_feeder_flash_zlp
 .text.ev_sof_handler
                0x000000000000c8f4       0x44 modules/hal_nordic/nrfx/libmodules__hal_nordic__nrfx.a(nrfx_usbd.c.obj)
 .text.atomic_and.constprop.0.isra.0
                0x000000000000c938       0x20 modules/hal_nordic/nrfx/libmodules__hal_nordic__nrfx.a(nrfx_usbd.c.obj)
 .text.usbd_dma_pending_clear
                0x000000000000c958       0x24 modules/hal_nordic/nrfx/libmodules__hal_nordic__nrfx.a(nrfx_usbd.c.obj)
 .text.nrf_usbd_ep0in_dma_handler
                0x000000000000c97c       0x2c modules/hal_nordic/nrfx/libmodules__hal_nordic__nrfx.a(nrfx_usbd.c.obj)
 .text.usbd_ep_data_handler
                0x000000000000c9a8       0x8c modules/hal_nordic/nrfx/libmodules__hal_nordic__nrfx.a(nrfx_usbd.c.obj)
 .text.ev_setup_data_handler
                0x000000000000ca34       0x1c modules/hal_nordic/nrfx/libmodules__hal_nordic__nrfx.a(nrfx_usbd.c.obj)
 .text.ev_dma_epout8_handler
                0x000000000000ca50       0x40 modules/hal_nordic/nrfx/libmodules__hal_nordic__nrfx.a(nrfx_usbd.c.obj)
 .text.ev_dma_epin8_handler
                0x000000000000ca90       0x50 modules/hal_nordic/nrfx/libmodules__hal_nordic__nrfx.a(nrfx_usbd.c.obj)
 .text.nrfx_usbd_uninit
                0x000000000000cae0       0x14 modules/hal_nordic/nrfx/libmodules__hal_nordic__nrfx.a(nrfx_usbd.c.obj)
                0x000000000000cae0                nrfx_usbd_uninit
 .text.nrfx_usbd_enable
                0x000000000000caf4      0x158 modules/hal_nordic/nrfx/libmodules__hal_nordic__nrfx.a(nrfx_usbd.c.obj)
                0x000000000000caf4                nrfx_usbd_enable
 .text.nrfx_usbd_start
                0x000000000000cc4c       0x3c modules/hal_nordic/nrfx/libmodules__hal_nordic__nrfx.a(nrfx_usbd.c.obj)
                0x000000000000cc4c                nrfx_usbd_start
 .text.nrfx_usbd_is_enabled
                0x000000000000cc88       0x14 modules/hal_nordic/nrfx/libmodules__hal_nordic__nrfx.a(nrfx_usbd.c.obj)
                0x000000000000cc88                nrfx_usbd_is_enabled
 .text.nrfx_usbd_suspend
                0x000000000000cc9c       0x58 modules/hal_nordic/nrfx/libmodules__hal_nordic__nrfx.a(nrfx_usbd.c.obj)
                0x000000000000cc9c                nrfx_usbd_suspend
 .text.nrfx_usbd_init
                0x000000000000ccf4       0x84 modules/hal_nordic/nrfx/libmodules__hal_nordic__nrfx.a(nrfx_usbd.c.obj)
                0x000000000000ccf4                nrfx_usbd_init
 .text.nrfx_usbd_ep_transfer
                0x000000000000cd78       0xf4 modules/hal_nordic/nrfx/libmodules__hal_nordic__nrfx.a(nrfx_usbd.c.obj)
                0x000000000000cd78                nrfx_usbd_ep_transfer
 .text.nrfx_usbd_epout_size_get
                0x000000000000ce6c       0x28 modules/hal_nordic/nrfx/libmodules__hal_nordic__nrfx.a(nrfx_usbd.c.obj)
                0x000000000000ce6c                nrfx_usbd_epout_size_get
 .text.usbd_dmareq_process
                0x000000000000ce94      0x1c0 modules/hal_nordic/nrfx/libmodules__hal_nordic__nrfx.a(nrfx_usbd.c.obj)
 .text.ev_epdata_handler
                0x000000000000d054       0x44 modules/hal_nordic/nrfx/libmodules__hal_nordic__nrfx.a(nrfx_usbd.c.obj)
 .text.nrf_usbd_epout_dma_handler
                0x000000000000d098       0x64 modules/hal_nordic/nrfx/libmodules__hal_nordic__nrfx.a(nrfx_usbd.c.obj)
 .text.nrfx_usbd_ep_stall
                0x000000000000d0fc       0x10 modules/hal_nordic/nrfx/libmodules__hal_nordic__nrfx.a(nrfx_usbd.c.obj)
                0x000000000000d0fc                nrfx_usbd_ep_stall
 .text.nrfx_usbd_ep_stall_check
                0x000000000000d10c       0x34 modules/hal_nordic/nrfx/libmodules__hal_nordic__nrfx.a(nrfx_usbd.c.obj)
                0x000000000000d10c                nrfx_usbd_ep_stall_check
 .text.nrfx_usbd_ep_dtoggle_clear
                0x000000000000d140       0x18 modules/hal_nordic/nrfx/libmodules__hal_nordic__nrfx.a(nrfx_usbd.c.obj)
                0x000000000000d140                nrfx_usbd_ep_dtoggle_clear
 .text.nrfx_usbd_setup_get
                0x000000000000d158       0x44 modules/hal_nordic/nrfx/libmodules__hal_nordic__nrfx.a(nrfx_usbd.c.obj)
                0x000000000000d158                nrfx_usbd_setup_get
 .text.nrfx_usbd_setup_data_clear
                0x000000000000d19c       0x10 modules/hal_nordic/nrfx/libmodules__hal_nordic__nrfx.a(nrfx_usbd.c.obj)
                0x000000000000d19c                nrfx_usbd_setup_data_clear
 .text.ev_dma_epout0_handler
                0x000000000000d1ac       0x50 modules/hal_nordic/nrfx/libmodules__hal_nordic__nrfx.a(nrfx_usbd.c.obj)
 .text.nrfx_usbd_setup_clear
                0x000000000000d1fc       0x10 modules/hal_nordic/nrfx/libmodules__hal_nordic__nrfx.a(nrfx_usbd.c.obj)
                0x000000000000d1fc                nrfx_usbd_setup_clear
 .text.nrfx_usbd_setup_stall
                0x000000000000d20c       0x10 modules/hal_nordic/nrfx/libmodules__hal_nordic__nrfx.a(nrfx_usbd.c.obj)
                0x000000000000d20c                nrfx_usbd_setup_stall
 .text.nrfx_usbd_last_setup_dir_get
                0x000000000000d21c        0xc modules/hal_nordic/nrfx/libmodules__hal_nordic__nrfx.a(nrfx_usbd.c.obj)
                0x000000000000d21c                nrfx_usbd_last_setup_dir_get
 .text.nrfx_usbd_transfer_out_drop
                0x000000000000d228       0x54 modules/hal_nordic/nrfx/libmodules__hal_nordic__nrfx.a(nrfx_usbd.c.obj)
                0x000000000000d228                nrfx_usbd_transfer_out_drop
 .text.usbd_ep_abort
                0x000000000000d27c       0xf4 modules/hal_nordic/nrfx/libmodules__hal_nordic__nrfx.a(nrfx_usbd.c.obj)
 .text.ev_setup_handler
                0x000000000000d370       0x68 modules/hal_nordic/nrfx/libmodules__hal_nordic__nrfx.a(nrfx_usbd.c.obj)
 .text.nrfx_usbd_irq_handler
                0x000000000000d3d8       0x7c modules/hal_nordic/nrfx/libmodules__hal_nordic__nrfx.a(nrfx_usbd.c.obj)
                0x000000000000d3d8                nrfx_usbd_irq_handler
 .text.nrfx_usbd_stop
                0x000000000000d454       0x80 modules/hal_nordic/nrfx/libmodules__hal_nordic__nrfx.a(nrfx_usbd.c.obj)
                0x000000000000d454                nrfx_usbd_stop
 .text.nrfx_usbd_disable
                0x000000000000d4d4       0x60 modules/hal_nordic/nrfx/libmodules__hal_nordic__nrfx.a(nrfx_usbd.c.obj)
                0x000000000000d4d4                nrfx_usbd_disable
 .text.nrfx_usbd_ep_disable
                0x000000000000d534       0x58 modules/hal_nordic/nrfx/libmodules__hal_nordic__nrfx.a(nrfx_usbd.c.obj)
                0x000000000000d534                nrfx_usbd_ep_disable
 .text.nrfx_usbd_ep_enable
                0x000000000000d58c       0xa8 modules/hal_nordic/nrfx/libmodules__hal_nordic__nrfx.a(nrfx_usbd.c.obj)
                0x000000000000d58c                nrfx_usbd_ep_enable
 .text.nrfx_usbd_ep_stall_clear
                0x000000000000d634       0x20 modules/hal_nordic/nrfx/libmodules__hal_nordic__nrfx.a(nrfx_usbd.c.obj)
                0x000000000000d634                nrfx_usbd_ep_stall_clear
 .text.nrf_gpio_pin_port_decode
                0x000000000000d654       0x20 modules/hal_nordic/nrfx/libmodules__hal_nordic__nrfx.a(nrfx_twi_twim.c.obj)
 .text.nrfx_twi_twim_bus_recover
                0x000000000000d674       0xdc modules/hal_nordic/nrfx/libmodules__hal_nordic__nrfx.a(nrfx_twi_twim.c.obj)
                0x000000000000d674                nrfx_twi_twim_bus_recover
 .text._DoInit  0x000000000000d750       0x60 modules/segger/libmodules__segger.a(SEGGER_RTT.c.obj)
 .text.SEGGER_RTT_WriteSkipNoLock
                0x000000000000d7b0       0x88 modules/segger/libmodules__segger.a(SEGGER_RTT.c.obj)
                0x000000000000d7b0                SEGGER_RTT_WriteSkipNoLock
 .text.SEGGER_RTT_WriteNoLock
                0x000000000000d838       0x58 modules/segger/libmodules__segger.a(SEGGER_RTT.c.obj)
                0x000000000000d838                SEGGER_RTT_WriteNoLock
 .text.SEGGER_RTT_HasDataUp
                0x000000000000d890       0x14 modules/segger/libmodules__segger.a(SEGGER_RTT.c.obj)
                0x000000000000d890                SEGGER_RTT_HasDataUp
 .text.zephyr_rtt_mutex_lock
                0x000000000000d8a4       0x14 modules/segger/libmodules__segger.a(SEGGER_RTT_zephyr.c.obj)
                0x000000000000d8a4                zephyr_rtt_mutex_lock
 .text.zephyr_rtt_mutex_unlock
                0x000000000000d8b8        0xc modules/segger/libmodules__segger.a(SEGGER_RTT_zephyr.c.obj)
                0x000000000000d8b8                zephyr_rtt_mutex_unlock
 .text.z_fatal_error
                0x000000000000d8c4      0x100 zephyr/kernel/libkernel.a(fatal.c.obj)
                0x000000000000d8c4                z_fatal_error
 .text.z_sys_init_run_level
                0x000000000000d9c4       0x48 zephyr/kernel/libkernel.a(init.c.obj)
 .text.bg_thread_main
                0x000000000000da0c       0x34 zephyr/kernel/libkernel.a(init.c.obj)
 .text.z_bss_zero
                0x000000000000da40       0x18 zephyr/kernel/libkernel.a(init.c.obj)
                0x000000000000da40                z_bss_zero
 .text.z_init_cpu
                0x000000000000da58       0x84 zephyr/kernel/libkernel.a(init.c.obj)
                0x000000000000da58                z_init_cpu
 .text.z_cstart
                0x000000000000dadc       0xe0 zephyr/kernel/libkernel.a(init.c.obj)
                0x000000000000dadc                z_cstart
 .text.init_mem_slab_module
                0x000000000000dbbc       0x24 zephyr/kernel/libkernel.a(mem_slab.c.obj)
 .text.k_mem_slab_alloc
                0x000000000000dbe0       0x5c zephyr/kernel/libkernel.a(mem_slab.c.obj)
                0x000000000000dbe0                k_mem_slab_alloc
 .text.z_setup_new_thread
                0x000000000000dc3c       0x7c zephyr/kernel/libkernel.a(thread.c.obj)
                0x000000000000dc3c                z_setup_new_thread
 .text.z_impl_k_thread_create
                0x000000000000dcb8       0x58 zephyr/kernel/libkernel.a(thread.c.obj)
                0x000000000000dcb8                z_impl_k_thread_create
 .text.z_init_static_threads
                0x000000000000dd10       0xb8 zephyr/kernel/libkernel.a(thread.c.obj)
                0x000000000000dd10                z_init_static_threads
 .text.z_impl_k_mutex_lock
                0x000000000000ddc8       0xf4 zephyr/kernel/libkernel.a(mutex.c.obj)
                0x000000000000ddc8                z_impl_k_mutex_lock
 .text.z_impl_k_mutex_unlock
                0x000000000000debc       0x78 zephyr/kernel/libkernel.a(mutex.c.obj)
                0x000000000000debc                z_impl_k_mutex_unlock
 .text.z_impl_k_queue_get
                0x000000000000df34       0x68 zephyr/kernel/libkernel.a(queue.c.obj)
                0x000000000000df34                z_impl_k_queue_get
 .text.z_impl_k_sem_give
                0x000000000000df9c       0x4c zephyr/kernel/libkernel.a(sem.c.obj)
                0x000000000000df9c                z_impl_k_sem_give
 .text.z_impl_k_sem_take
                0x000000000000dfe8       0x50 zephyr/kernel/libkernel.a(sem.c.obj)
                0x000000000000dfe8                z_impl_k_sem_take
 .text.z_impl_k_sem_reset
                0x000000000000e038       0x44 zephyr/kernel/libkernel.a(sem.c.obj)
                0x000000000000e038                z_impl_k_sem_reset
 .text.work_queue_main
                0x000000000000e07c      0x138 zephyr/kernel/libkernel.a(work.c.obj)
 .text.submit_to_queue_locked
                0x000000000000e1b4       0xb4 zephyr/kernel/libkernel.a(work.c.obj)
 .text.k_work_submit
                0x000000000000e268        0xc zephyr/kernel/libkernel.a(work.c.obj)
                0x000000000000e268                k_work_submit
 .text.k_work_queue_start
                0x000000000000e274       0x70 zephyr/kernel/libkernel.a(work.c.obj)
                0x000000000000e274                k_work_queue_start
 .text.k_work_schedule_for_queue
                0x000000000000e2e4       0x54 zephyr/kernel/libkernel.a(work.c.obj)
                0x000000000000e2e4                k_work_schedule_for_queue
 .text.sliceable
                0x000000000000e338       0x3c zephyr/kernel/libkernel.a(sched.c.obj)
 .text.slice_timeout
                0x000000000000e374       0x20 zephyr/kernel/libkernel.a(sched.c.obj)
 .text.z_reset_time_slice
                0x000000000000e394       0x50 zephyr/kernel/libkernel.a(sched.c.obj)
                0x000000000000e394                z_reset_time_slice
 .text.update_cache
                0x000000000000e3e4       0x3c zephyr/kernel/libkernel.a(sched.c.obj)
 .text.move_thread_to_end_of_prio_q
                0x000000000000e420       0x74 zephyr/kernel/libkernel.a(sched.c.obj)
 .text.ready_thread
                0x000000000000e494       0x68 zephyr/kernel/libkernel.a(sched.c.obj)
 .text.unready_thread
                0x000000000000e4fc       0x30 zephyr/kernel/libkernel.a(sched.c.obj)
 .text.pend_locked
                0x000000000000e52c       0x30 zephyr/kernel/libkernel.a(sched.c.obj)
 .text.z_time_slice
                0x000000000000e55c       0x60 zephyr/kernel/libkernel.a(sched.c.obj)
                0x000000000000e55c                z_time_slice
 .text.z_pend_curr
                0x000000000000e5bc       0x3c zephyr/kernel/libkernel.a(sched.c.obj)
                0x000000000000e5bc                z_pend_curr
 .text.z_set_prio
                0x000000000000e5f8       0x8c zephyr/kernel/libkernel.a(sched.c.obj)
                0x000000000000e5f8                z_set_prio
 .text.z_reschedule
                0x000000000000e684       0x24 zephyr/kernel/libkernel.a(sched.c.obj)
                0x000000000000e684                z_reschedule
 .text.z_sched_start
                0x000000000000e6a8       0x3c zephyr/kernel/libkernel.a(sched.c.obj)
                0x000000000000e6a8                z_sched_start
 .text.z_impl_k_thread_suspend
                0x000000000000e6e4       0x64 zephyr/kernel/libkernel.a(sched.c.obj)
                0x000000000000e6e4                z_impl_k_thread_suspend
 .text.k_sched_lock
                0x000000000000e748       0x28 zephyr/kernel/libkernel.a(sched.c.obj)
                0x000000000000e748                k_sched_lock
 .text.k_sched_unlock
                0x000000000000e770       0x38 zephyr/kernel/libkernel.a(sched.c.obj)
                0x000000000000e770                k_sched_unlock
 .text.z_sched_init
                0x000000000000e7a8       0x10 zephyr/kernel/libkernel.a(sched.c.obj)
                0x000000000000e7a8                z_sched_init
 .text.z_impl_k_yield
                0x000000000000e7b8       0x7c zephyr/kernel/libkernel.a(sched.c.obj)
                0x000000000000e7b8                z_impl_k_yield
 .text.z_tick_sleep
                0x000000000000e834       0x88 zephyr/kernel/libkernel.a(sched.c.obj)
 .text.z_impl_k_sleep
                0x000000000000e8bc       0x34 zephyr/kernel/libkernel.a(sched.c.obj)
                0x000000000000e8bc                z_impl_k_sleep
 .text.z_impl_k_usleep
                0x000000000000e8f0       0x34 zephyr/kernel/libkernel.a(sched.c.obj)
                0x000000000000e8f0                z_impl_k_usleep
 .text.z_impl_z_current_get
                0x000000000000e924        0xc zephyr/kernel/libkernel.a(sched.c.obj)
                0x000000000000e924                z_impl_z_current_get
 .text.z_thread_abort
                0x000000000000e930       0xc0 zephyr/kernel/libkernel.a(sched.c.obj)
                0x000000000000e930                z_thread_abort
 .text.z_sched_wait
                0x000000000000e9f0       0x24 zephyr/kernel/libkernel.a(sched.c.obj)
                0x000000000000e9f0                z_sched_wait
 .text.z_data_copy
                0x000000000000ea14       0x34 zephyr/kernel/libkernel.a(xip.c.obj)
                0x000000000000ea14                z_data_copy
 .text.elapsed  0x000000000000ea48       0x14 zephyr/kernel/libkernel.a(timeout.c.obj)
 .text.next_timeout
                0x000000000000ea5c       0x40 zephyr/kernel/libkernel.a(timeout.c.obj)
 .text.remove_timeout
                0x000000000000ea9c       0x38 zephyr/kernel/libkernel.a(timeout.c.obj)
 .text.z_add_timeout
                0x000000000000ead4       0xec zephyr/kernel/libkernel.a(timeout.c.obj)
                0x000000000000ead4                z_add_timeout
 .text.sys_clock_announce
                0x000000000000ebc0       0xd4 zephyr/kernel/libkernel.a(timeout.c.obj)
                0x000000000000ebc0                sys_clock_announce
 .text.sys_clock_tick_get
                0x000000000000ec94       0x34 zephyr/kernel/libkernel.a(timeout.c.obj)
                0x000000000000ec94                sys_clock_tick_get
 .text.z_timer_expiration_handler
                0x000000000000ecc8       0xe4 zephyr/kernel/libkernel.a(timer.c.obj)
                0x000000000000ecc8                z_timer_expiration_handler
 .text.z_impl_k_timer_start
                0x000000000000edac       0x60 zephyr/kernel/libkernel.a(timer.c.obj)
                0x000000000000edac                z_impl_k_timer_start
 .text.z_impl_k_poll_signal_raise
                0x000000000000ee0c       0x50 zephyr/kernel/libkernel.a(poll.c.obj)
                0x000000000000ee0c                z_impl_k_poll_signal_raise
 .text.z_thread_aligned_alloc
                0x000000000000ee5c       0x40 zephyr/kernel/libkernel.a(mempool.c.obj)
                0x000000000000ee5c                z_thread_aligned_alloc
 .text.boot_banner
                0x000000000000ee9c        0xc zephyr/kernel/libkernel.a(banner.c.obj)
                0x000000000000ee9c                boot_banner
 .text.statics_init
                0x000000000000eea8       0x24 zephyr/kernel/libkernel.a(kheap.c.obj)
 .text.k_sys_work_q_init
                0x000000000000eecc       0x34 zephyr/kernel/libkernel.a(system_work_q.c.obj)
 .text.conn_rx_success_callback
                0x000000000000ef00       0x38 lib/spark_sdk_v1.3.0/app/example/pairing_basic_CI/libcortical_implant.a(pairing_basic_coord.c.obj)
 .text.iface_swc_hal_init
                0x000000000000ef38       0x9c lib/spark_sdk_v1.3.0/bsp/libiface_core.a(iface_wireless_nrf.c.obj)
                0x000000000000ef38                iface_swc_hal_init
 .text.iface_swc_handlers_init
                0x000000000000efd4       0x24 lib/spark_sdk_v1.3.0/bsp/libiface_core.a(iface_wireless_nrf.c.obj)
                0x000000000000efd4                iface_swc_handlers_init
 .text.iface_board_init
                0x000000000000eff8       0x20 lib/spark_sdk_v1.3.0/bsp/interface/app/pairing_basic/libiface_cortical_implant.a(iface_pairing_basic_nrf.c.obj)
                0x000000000000eff8                iface_board_init
 .text.iface_payload_received_status
                0x000000000000f018       0x10 lib/spark_sdk_v1.3.0/bsp/interface/app/pairing_basic/libiface_cortical_implant.a(iface_pairing_basic_nrf.c.obj)
                0x000000000000f018                iface_payload_received_status
 .text.iface_empty_payload_received_status
                0x000000000000f028       0x10 lib/spark_sdk_v1.3.0/bsp/interface/app/pairing_basic/libiface_cortical_implant.a(iface_pairing_basic_nrf.c.obj)
                0x000000000000f028                iface_empty_payload_received_status
 .text.iface_led_all_off
                0x000000000000f038       0x38 lib/spark_sdk_v1.3.0/bsp/interface/app/pairing_basic/libiface_cortical_implant.a(iface_pairing_basic_nrf.c.obj)
                0x000000000000f038                iface_led_all_off
 .text.iface_led_all_toggle
                0x000000000000f070       0x48 lib/spark_sdk_v1.3.0/bsp/interface/app/pairing_basic/libiface_cortical_implant.a(iface_pairing_basic_nrf.c.obj)
                0x000000000000f070                iface_led_all_toggle
 .text.iface_notify_enter_pairing
                0x000000000000f0b8       0x50 lib/spark_sdk_v1.3.0/bsp/interface/app/pairing_basic/libiface_cortical_implant.a(iface_pairing_basic_nrf.c.obj)
                0x000000000000f0b8                iface_notify_enter_pairing
 .text.iface_notify_pairing_successful
                0x000000000000f108       0x78 lib/spark_sdk_v1.3.0/bsp/interface/app/pairing_basic/libiface_cortical_implant.a(iface_pairing_basic_nrf.c.obj)
                0x000000000000f108                iface_notify_pairing_successful
 .text.wps_phy_process.constprop.0
                0x000000000000f180       0x60 lib/spark_sdk_v1.3.0/core/wireless/libwps.a(swc_api.c.obj)
 .text.swc_init
                0x000000000000f1e0      0x1f0 lib/spark_sdk_v1.3.0/core/wireless/libwps.a(swc_api.c.obj)
                0x000000000000f1e0                swc_init
 .text.swc_node_init
                0x000000000000f3d0      0x190 lib/spark_sdk_v1.3.0/core/wireless/libwps.a(swc_api.c.obj)
                0x000000000000f3d0                swc_node_init
 .text.swc_node_add_radio
                0x000000000000f560      0x290 lib/spark_sdk_v1.3.0/core/wireless/libwps.a(swc_api.c.obj)
                0x000000000000f560                swc_node_add_radio
 .text.swc_connection_init
                0x000000000000f7f0      0x664 lib/spark_sdk_v1.3.0/core/wireless/libwps.a(swc_api.c.obj)
                0x000000000000f7f0                swc_connection_init
 .text.swc_connection_add_channel
                0x000000000000fe54      0x174 lib/spark_sdk_v1.3.0/core/wireless/libwps.a(swc_api.c.obj)
                0x000000000000fe54                swc_connection_add_channel
 .text.swc_connection_set_tx_success_callback
                0x000000000000ffc8       0x30 lib/spark_sdk_v1.3.0/core/wireless/libwps.a(swc_api.c.obj)
                0x000000000000ffc8                swc_connection_set_tx_success_callback
 .text.swc_connection_set_rx_success_callback
                0x000000000000fff8       0x30 lib/spark_sdk_v1.3.0/core/wireless/libwps.a(swc_api.c.obj)
                0x000000000000fff8                swc_connection_set_rx_success_callback
 .text.swc_connection_send
                0x0000000000010028       0x58 lib/spark_sdk_v1.3.0/core/wireless/libwps.a(swc_api.c.obj)